Archive member included to satisfy reference by file (symbol)

c:/nxp/mcuxpressoide_11.2.1_4149/ide/plugins/com.nxp.mcuxpresso.tools.win32_11.2.0.202008311134/tools/bin/../lib/gcc/arm-none-eabi/9.2.1/../../../../arm-none-eabi/lib/thumb/v6-m/nofp\libcr_semihost_nf.a(_cr__main.o)
                              ./startup/startup_mkl25z4.o (__main)
c:/nxp/mcuxpressoide_11.2.1_4149/ide/plugins/com.nxp.mcuxpresso.tools.win32_11.2.0.202008311134/tools/bin/../lib/gcc/arm-none-eabi/9.2.1/../../../../arm-none-eabi/lib/thumb/v6-m/nofp\libcr_semihost_nf.a(_cr_assert.o)
                              ./source/main.o (__assertion_failed)
c:/nxp/mcuxpressoide_11.2.1_4149/ide/plugins/com.nxp.mcuxpresso.tools.win32_11.2.0.202008311134/tools/bin/../lib/gcc/arm-none-eabi/9.2.1/../../../../arm-none-eabi/lib/thumb/v6-m/nofp\libcr_semihost_nf.a(__ciob.o)
                              c:/nxp/mcuxpressoide_11.2.1_4149/ide/plugins/com.nxp.mcuxpresso.tools.win32_11.2.0.202008311134/tools/bin/../lib/gcc/arm-none-eabi/9.2.1/../../../../arm-none-eabi/lib/thumb/v6-m/nofp\libcr_semihost_nf.a(_cr_assert.o) (__Ciob)
c:/nxp/mcuxpressoide_11.2.1_4149/ide/plugins/com.nxp.mcuxpresso.tools.win32_11.2.0.202008311134/tools/bin/../lib/gcc/arm-none-eabi/9.2.1/../../../../arm-none-eabi/lib/thumb/v6-m/nofp\libcr_semihost_nf.a(__sys_appexit.o)
                              c:/nxp/mcuxpressoide_11.2.1_4149/ide/plugins/com.nxp.mcuxpresso.tools.win32_11.2.0.202008311134/tools/bin/../lib/gcc/arm-none-eabi/9.2.1/../../../../arm-none-eabi/lib/thumb/v6-m/nofp\libcr_semihost_nf.a(_cr_assert.o) (__sys_appexit)
c:/nxp/mcuxpressoide_11.2.1_4149/ide/plugins/com.nxp.mcuxpresso.tools.win32_11.2.0.202008311134/tools/bin/../lib/gcc/arm-none-eabi/9.2.1/../../../../arm-none-eabi/lib/thumb/v6-m/nofp\libcr_c.a(memcpy.o)
                              ./drivers/fsl_flash.o (memcpy)
c:/nxp/mcuxpressoide_11.2.1_4149/ide/plugins/com.nxp.mcuxpresso.tools.win32_11.2.0.202008311134/tools/bin/../lib/gcc/arm-none-eabi/9.2.1/../../../../arm-none-eabi/lib/thumb/v6-m/nofp\libcr_c.a(memset.o)
                              ./drivers/fsl_flash.o (memset)
c:/nxp/mcuxpressoide_11.2.1_4149/ide/plugins/com.nxp.mcuxpresso.tools.win32_11.2.0.202008311134/tools/bin/../lib/gcc/arm-none-eabi/9.2.1/../../../../arm-none-eabi/lib/thumb/v6-m/nofp\libcr_c.a(_deferredlazyseek.o)
                              c:/nxp/mcuxpressoide_11.2.1_4149/ide/plugins/com.nxp.mcuxpresso.tools.win32_11.2.0.202008311134/tools/bin/../lib/gcc/arm-none-eabi/9.2.1/../../../../arm-none-eabi/lib/thumb/v6-m/nofp\libcr_semihost_nf.a(_cr_assert.o) (__flsbuf)
c:/nxp/mcuxpressoide_11.2.1_4149/ide/plugins/com.nxp.mcuxpresso.tools.win32_11.2.0.202008311134/tools/bin/../lib/gcc/arm-none-eabi/9.2.1/../../../../arm-none-eabi/lib/thumb/v6-m/nofp\libcr_c.a(_fflush.o)
                              c:/nxp/mcuxpressoide_11.2.1_4149/ide/plugins/com.nxp.mcuxpresso.tools.win32_11.2.0.202008311134/tools/bin/../lib/gcc/arm-none-eabi/9.2.1/../../../../arm-none-eabi/lib/thumb/v6-m/nofp\libcr_c.a(_deferredlazyseek.o) (_fflush)
c:/nxp/mcuxpressoide_11.2.1_4149/ide/plugins/com.nxp.mcuxpresso.tools.win32_11.2.0.202008311134/tools/bin/../lib/gcc/arm-none-eabi/9.2.1/../../../../arm-none-eabi/lib/thumb/v6-m/nofp\libcr_c.a(_writebuf.o)
                              c:/nxp/mcuxpressoide_11.2.1_4149/ide/plugins/com.nxp.mcuxpresso.tools.win32_11.2.0.202008311134/tools/bin/../lib/gcc/arm-none-eabi/9.2.1/../../../../arm-none-eabi/lib/thumb/v6-m/nofp\libcr_c.a(_deferredlazyseek.o) (_Cwritebuf)
c:/nxp/mcuxpressoide_11.2.1_4149/ide/plugins/com.nxp.mcuxpresso.tools.win32_11.2.0.202008311134/tools/bin/../lib/gcc/arm-none-eabi/9.2.1/../../../../arm-none-eabi/lib/thumb/v6-m/nofp\libcr_c.a(alloc.o)
                              c:/nxp/mcuxpressoide_11.2.1_4149/ide/plugins/com.nxp.mcuxpresso.tools.win32_11.2.0.202008311134/tools/bin/../lib/gcc/arm-none-eabi/9.2.1/../../../../arm-none-eabi/lib/thumb/v6-m/nofp\libcr_c.a(_deferredlazyseek.o) (_Csys_alloc)
c:/nxp/mcuxpressoide_11.2.1_4149/ide/plugins/com.nxp.mcuxpresso.tools.win32_11.2.0.202008311134/tools/bin/../lib/gcc/arm-none-eabi/9.2.1/../../../../arm-none-eabi/lib/thumb/v6-m/nofp\libcr_c.a(fputs.o)
                              c:/nxp/mcuxpressoide_11.2.1_4149/ide/plugins/com.nxp.mcuxpresso.tools.win32_11.2.0.202008311134/tools/bin/../lib/gcc/arm-none-eabi/9.2.1/../../../../arm-none-eabi/lib/thumb/v6-m/nofp\libcr_semihost_nf.a(_cr_assert.o) (fputs)
c:/nxp/mcuxpressoide_11.2.1_4149/ide/plugins/com.nxp.mcuxpresso.tools.win32_11.2.0.202008311134/tools/bin/../lib/gcc/arm-none-eabi/9.2.1/../../../../arm-none-eabi/lib/thumb/v6-m/nofp\libcr_c.a(fseek.o)
                              c:/nxp/mcuxpressoide_11.2.1_4149/ide/plugins/com.nxp.mcuxpresso.tools.win32_11.2.0.202008311134/tools/bin/../lib/gcc/arm-none-eabi/9.2.1/../../../../arm-none-eabi/lib/thumb/v6-m/nofp\libcr_c.a(_deferredlazyseek.o) (fseek)
[...]
Memory Configuration

Name             Origin             Length             Attributes
PROGRAM_FLASH    0x00000000         0x00020000         xr
SRAM             0x1ffff000         0x00004000         xrw
*default*        0x00000000         0xffffffff

Linker script and memory map

LOAD ./utilities/fsl_debug_console.o
LOAD ./startup/startup_mkl25z4.o
LOAD ./source/main.o
LOAD ./source/mtb.o
LOAD ./source/semihost_hardfault.o
LOAD ./drivers/fsl_adc16.o
LOAD ./drivers/fsl_clock.o
LOAD ./drivers/fsl_common.o
LOAD ./drivers/fsl_flash.o
LOAD ./drivers/fsl_gpio.o
LOAD ./drivers/fsl_lpsci.o
LOAD ./drivers/fsl_smc.o
LOAD ./drivers/fsl_tpm.o
LOAD ./drivers/fsl_uart.o
LOAD ./board/board.o
LOAD ./board/clock_config.o
LOAD ./board/peripherals.o
LOAD ./board/pin_mux.o
LOAD ./CMSIS/system_MKL25Z4.o
START GROUP
LOAD c:/nxp/mcuxpressoide_11.2.1_4149/ide/plugins/com.nxp.mcuxpresso.tools.win32_11.2.0.202008311134/tools/bin/../lib/gcc/arm-none-eabi/9.2.1/../../../../arm-none-eabi/lib/thumb/v6-m/nofp\libcr_semihost_nf.a
LOAD c:/nxp/mcuxpressoide_11.2.1_4149/ide/plugins/com.nxp.mcuxpresso.tools.win32_11.2.0.202008311134/tools/bin/../lib/gcc/arm-none-eabi/9.2.1/../../../../arm-none-eabi/lib/thumb/v6-m/nofp\libcr_c.a
LOAD c:/nxp/mcuxpressoide_11.2.1_4149/ide/plugins/com.nxp.mcuxpresso.tools.win32_11.2.0.202008311134/tools/bin/../lib/gcc/arm-none-eabi/9.2.1/thumb/v6-m/nofp\libcr_eabihelpers.a
LOAD c:/nxp/mcuxpressoide_11.2.1_4149/ide/plugins/com.nxp.mcuxpresso.tools.win32_11.2.0.202008311134/tools/bin/../lib/gcc/arm-none-eabi/9.2.1/thumb/v6-m/nofp\libgcc.a
END GROUP
                0x00000000                __base_PROGRAM_FLASH = 0x0
                0x00000000                __base_Flash = 0x0
                0x00020000                __top_PROGRAM_FLASH = 0x20000
                0x00020000                __top_Flash = 0x20000
                0x1ffff000                __base_SRAM = 0x1ffff000
                0x1ffff000                __base_RAM = 0x1ffff000
                0x20003000                __top_SRAM = 0x20003000
                0x20003000                __top_RAM = 0x20003000

.text           0x00000000     0x3e80
 FILL mask 0xff
                0x00000000                __vectors_start__ = ABSOLUTE (.)
 *(SORT_BY_ALIGNMENT(.isr_vector))
 .isr_vector    0x00000000       0xc0 ./startup/startup_mkl25z4.o
                0x00000000                g_pfnVectors
                0x00000000                __Vectors
                0x000000c0                . = ALIGN (0x4)
                0x000000c0                __section_table_start = .
                0x000000c0                __data_section_table = .
                0x000000c0        0x4 LONG 0x3e80 LOADADDR (.data)
                0x000000c4        0x4 LONG 0x1ffff080 ADDR (.data)
                0x000000c8        0x4 LONG 0x8 SIZEOF (.data)
                0x000000cc                __data_section_table_end = .
                0x000000cc                __bss_section_table = .
                0x000000cc        0x4 LONG 0x1ffff088 ADDR (.bss)
                0x000000d0        0x4 LONG 0xf8 SIZEOF (.bss)
                0x000000d4                __bss_section_table_end = .
                0x000000d4                __section_table_end = .
 *(SORT_BY_ALIGNMENT(.after_vectors*))
 .after_vectors.reset
                0x000000d4       0x4c ./startup/startup_mkl25z4.o
                0x000000d4                ResetISR
 .after_vectors.init_data
                0x00000120       0x12 ./startup/startup_mkl25z4.o
                0x00000120                data_init
 .after_vectors.init_bss
                0x00000132       0x10 ./startup/startup_mkl25z4.o
                0x00000132                bss_init
 .after_vectors
                0x00000142      0x10c ./startup/startup_mkl25z4.o
                0x00000142                NMI_Handler
                0x00000146                SVC_Handler
                0x00000148                PendSV_Handler
                0x0000014a                SysTick_Handler
                0x0000014c                LPTMR0_DriverIRQHandler
                0x0000014c                Reserved39_DriverIRQHandler
                0x0000014c                DMA0_DriverIRQHandler
                0x0000014c                SPI1_DriverIRQHandler
                0x0000014c                I2C0_DriverIRQHandler
                0x0000014c                PORTD_DriverIRQHandler
                0x0000014c                DMA2_DriverIRQHandler
                0x0000014c                CMP0_DriverIRQHandler
                0x0000014c                TPM2_DriverIRQHandler
                0x0000014c                ADC0_DriverIRQHandler
                0x0000014c                SPI0_DriverIRQHandler
                0x0000014c                TSI0_DriverIRQHandler
                0x0000014c                RTC_Seconds_DriverIRQHandler
                0x0000014c                I2C1_DriverIRQHandler
                0x0000014c                DMA1_DriverIRQHandler
                0x0000014c                LLWU_DriverIRQHandler
                0x0000014c                MCG_DriverIRQHandler
                0x0000014c                PIT_DriverIRQHandler
                0x0000014c                RTC_DriverIRQHandler
                0x0000014c                FTFA_DriverIRQHandler
                0x0000014c                IntDefaultHandler
                0x0000014c                USB0_DriverIRQHandler
                0x0000014c                DAC0_DriverIRQHandler
                0x0000014c                TPM1_DriverIRQHandler
                0x0000014c                LVD_LVW_DriverIRQHandler
                0x0000014c                TPM0_DriverIRQHandler
                0x0000014c                PORTA_DriverIRQHandler
                0x0000014c                Reserved45_DriverIRQHandler
                0x0000014c                Reserved20_DriverIRQHandler
                0x0000014c                DMA3_DriverIRQHandler
                0x0000014e                DMA0_IRQHandler
                0x00000156                DMA1_IRQHandler
                0x0000015e                DMA2_IRQHandler
                0x00000166                DMA3_IRQHandler
                0x0000016e                Reserved20_IRQHandler
                0x00000176                FTFA_IRQHandler
                0x0000017e                LVD_LVW_IRQHandler
                0x00000186                LLWU_IRQHandler
                0x0000018e                I2C0_IRQHandler
                0x00000196                I2C1_IRQHandler
                0x0000019e                SPI0_IRQHandler
                0x000001a6                SPI1_IRQHandler
                0x000001ae                UART0_IRQHandler
                0x000001b6                UART1_IRQHandler
                0x000001be                UART2_IRQHandler
                0x000001ce                CMP0_IRQHandler
                0x000001d6                TPM0_IRQHandler
                0x000001de                TPM1_IRQHandler
                0x000001e6                TPM2_IRQHandler
                0x000001ee                RTC_IRQHandler
                0x000001f6                RTC_Seconds_IRQHandler
                0x000001fe                PIT_IRQHandler
                0x00000206                Reserved39_IRQHandler
                0x0000020e                USB0_IRQHandler
                0x00000216                DAC0_IRQHandler
                0x0000021e                TSI0_IRQHandler
                0x00000226                MCG_IRQHandler
                0x0000022e                LPTMR0_IRQHandler
                0x00000236                Reserved45_IRQHandler
                0x0000023e                PORTA_IRQHandler
                0x00000246                PORTD_IRQHandler
                0x00000400                . = 0x400
 *fill*         0x0000024e      0x1b2 ff
                0x00000400                PROVIDE (__FLASH_CONFIG_START__ = .)
 *(SORT_BY_ALIGNMENT(.FlashConfig))
 .FlashConfig   0x00000400       0x10 ./startup/startup_mkl25z4.o
                0x00000400                Flash_Config
                0x00000410                PROVIDE (__FLASH_CONFIG_END__ = .)
                0x00000001                ASSERT (! ((__FLASH_CONFIG_START__ == __FLASH_CONFIG_END__)), Linker Flash Config Support Enabled, but no .FlashConfig section provided within application)
 *(SORT_BY_ALIGNMENT(.text*))
 .text.DbgConsole_Init
                0x00000410       0xf4 ./utilities/fsl_debug_console.o
                0x00000410                DbgConsole_Init
 .text.NVIC_EnableIRQ
                0x00000504       0x2c ./source/main.o
 .text.CLOCK_SetTpmClock
                0x00000530       0x38 ./source/main.o
 .text.ADC16_GetChannelConversionValue
                0x00000568       0x30 ./source/main.o
 .text.ADC0_IRQHandler
                0x00000598       0x40 ./source/main.o
                0x00000598                ADC0_IRQHandler
 .text.BOARD_ConfigADCTriggerSource
                0x000005d8       0x38 ./source/main.o
                0x000005d8                BOARD_ConfigADCTriggerSource
 .text.main     0x00000610      0x174 ./source/main.o
                0x00000610                main
 .text.HardFault_Handler
                0x00000784       0x30 ./source/semihost_hardfault.o
                0x00000784                HardFault_Handler
 .text.CLOCK_EnableClock
                0x000007b4       0x34 ./drivers/fsl_adc16.o
 .text.ADC16_GetInstance
                0x000007e8       0x48 ./drivers/fsl_adc16.o
 .text.ADC16_Init
                0x00000830      0x114 ./drivers/fsl_adc16.o
                0x00000830                ADC16_Init
 .text.ADC16_GetDefaultConfig
                0x00000944       0x58 ./drivers/fsl_adc16.o
                0x00000944                ADC16_GetDefaultConfig
 .text.ADC16_SetChannelConfig
                0x0000099c       0x6c ./drivers/fsl_adc16.o
                0x0000099c                ADC16_SetChannelConfig
 .text.ADC16_GetChannelStatusFlags
                0x00000a08       0x40 ./drivers/fsl_adc16.o
                0x00000a08                ADC16_GetChannelStatusFlags
 .text.CLOCK_SetEr32kClock
                0x00000a48       0x34 ./drivers/fsl_clock.o
 .text.CLOCK_SetPllFllSelClock
                0x00000a7c       0x38 ./drivers/fsl_clock.o
 .text.CLOCK_GetMcgExtClkFreq
                0x00000ab4       0x28 ./drivers/fsl_clock.o
 .text.CLOCK_GetFllExtRefClkFreq
                0x00000adc       0xa8 ./drivers/fsl_clock.o
 .text.CLOCK_GetFllRefClkFreq
                0x00000b84       0x2c ./drivers/fsl_clock.o
 .text.CLOCK_GetOscRangeFromFreq
                0x00000bb0       0x4c ./drivers/fsl_clock.o
 .text.CLOCK_GetPllFllSelClkFreq
                0x00000bfc       0x4c ./drivers/fsl_clock.o
                0x00000bfc                CLOCK_GetPllFllSelClkFreq
 .text.CLOCK_SetSimConfig
                0x00000c48       0x38 ./drivers/fsl_clock.o
                0x00000c48                CLOCK_SetSimConfig
 .text.CLOCK_GetFllFreq
                0x00000c80       0x84 ./drivers/fsl_clock.o
                0x00000c80                CLOCK_GetFllFreq
 .text.CLOCK_GetPll0Freq
                0x00000d04       0x70 ./drivers/fsl_clock.o
                0x00000d04                CLOCK_GetPll0Freq
 .text.CLOCK_SetInternalRefClkConfig
                0x00000d74      0x124 ./drivers/fsl_clock.o
                0x00000d74                CLOCK_SetInternalRefClkConfig
 .text.CLOCK_EnablePll0
                0x00000e98       0x94 ./drivers/fsl_clock.o
                0x00000e98                CLOCK_EnablePll0
 .text.CLOCK_InitOsc0
                0x00000f2c       0x94 ./drivers/fsl_clock.o
                0x00000f2c                CLOCK_InitOsc0
 .text.CLOCK_SetPbeMode
                0x00000fc0       0xb0 ./drivers/fsl_clock.o
                0x00000fc0                CLOCK_SetPbeMode
 .text.CLOCK_BootToPeeMode
                0x00001070       0x70 ./drivers/fsl_clock.o
                0x00001070                CLOCK_BootToPeeMode
 .text.CLOCK_EnableClock
                0x000010e0       0x34 ./drivers/fsl_lpsci.o
 .text.LPSCI_GetInstance
                0x00001114       0x48 ./drivers/fsl_lpsci.o
                0x00001114                LPSCI_GetInstance
 .text.LPSCI_Init
                0x0000115c      0x258 ./drivers/fsl_lpsci.o
                0x0000115c                LPSCI_Init
 .text.LPSCI_GetDefaultConfig
                0x000013b4       0x44 ./drivers/fsl_lpsci.o
                0x000013b4                LPSCI_GetDefaultConfig
 .text.LPSCI_ClearStatusFlags
                0x000013f8       0x94 ./drivers/fsl_lpsci.o
                0x000013f8                LPSCI_ClearStatusFlags
 .text.LPSCI_WriteBlocking
                0x0000148c       0x4c ./drivers/fsl_lpsci.o
                0x0000148c                LPSCI_WriteBlocking
 .text.LPSCI_ReadBlocking
                0x000014d8       0xc0 ./drivers/fsl_lpsci.o
                0x000014d8                LPSCI_ReadBlocking
 .text.UART0_DriverIRQHandler
                0x00001598       0x24 ./drivers/fsl_lpsci.o
                0x00001598                UART0_DriverIRQHandler
 .text.CLOCK_EnableClock
                0x000015bc       0x34 ./drivers/fsl_tpm.o
 .text.TPM_GetInstance
                0x000015f0       0x54 ./drivers/fsl_tpm.o
 .text.TPM_Init
                0x00001644       0xd0 ./drivers/fsl_tpm.o
                0x00001644                TPM_Init
 .text.TPM_GetDefaultConfig
                0x00001714       0x54 ./drivers/fsl_tpm.o
                0x00001714                TPM_GetDefaultConfig
 .text.CLOCK_EnableClock
                0x00001768       0x34 ./drivers/fsl_uart.o
 .text.UART_GetInstance
                0x0000179c       0x54 ./drivers/fsl_uart.o
                0x0000179c                UART_GetInstance
 .text.UART_Init
                0x000017f0      0x1e0 ./drivers/fsl_uart.o
                0x000017f0                UART_Init
 .text.UART_GetDefaultConfig
                0x000019d0       0x44 ./drivers/fsl_uart.o
                0x000019d0                UART_GetDefaultConfig
 .text.UART_ReadBlocking
                0x00001a14       0x98 ./drivers/fsl_uart.o
                0x00001a14                UART_ReadBlocking
 .text.UART1_DriverIRQHandler
                0x00001aac       0x24 ./drivers/fsl_uart.o
                0x00001aac                UART1_DriverIRQHandler
 .text.UART2_DriverIRQHandler
                0x00001ad0       0x24 ./drivers/fsl_uart.o
                0x00001ad0                UART2_DriverIRQHandler
 .text.CLOCK_SetLpsci0Clock
                0x00001af4       0x38 ./board/board.o
 .text.BOARD_InitDebugConsole
                0x00001b2c       0x30 ./board/board.o
                0x00001b2c                BOARD_InitDebugConsole
 .text.CLOCK_SetSimSafeDivs
                0x00001b5c       0x20 ./board/clock_config.o
 .text.CLOCK_SetXtal0Freq
                0x00001b7c       0x1c ./board/clock_config.o
 .text.CLOCK_CONFIG_SetFllExtRefDiv
                0x00001b98       0x3c ./board/clock_config.o
 .text.BOARD_BootClockRUN
                0x00001bd4       0x64 ./board/clock_config.o
                0x00001bd4                BOARD_BootClockRUN
 .text.CLOCK_EnableClock
                0x00001c38       0x34 ./board/pin_mux.o
 .text.PORT_SetPinMux
                0x00001c6c       0x40 ./board/pin_mux.o
 .text.BOARD_InitPins
                0x00001cac       0x74 ./board/pin_mux.o
                0x00001cac                BOARD_InitPins
 .text.SystemInit
                0x00001d20       0x18 ./CMSIS/system_MKL25Z4.o
                0x00001d20                SystemInit
 .text.__assertion_failed
                0x00001d38       0x4c c:/nxp/mcuxpressoide_11.2.1_4149/ide/plugins/com.nxp.mcuxpresso.tools.win32_11.2.0.202008311134/tools/bin/../lib/gcc/arm-none-eabi/9.2.1/../../../../arm-none-eabi/lib/thumb/v6-m/nofp\libcr_semihost_nf.a(_cr_assert.o)
                0x00001d38                __assertion_failed
 .text.__sys_appexit
                0x00001d84        0xc c:/nxp/mcuxpressoide_11.2.1_4149/ide/plugins/com.nxp.mcuxpresso.tools.win32_11.2.0.202008311134/tools/bin/../lib/gcc/arm-none-eabi/9.2.1/../../../../arm-none-eabi/lib/thumb/v6-m/nofp\libcr_semihost_nf.a(__sys_appexit.o)
                0x00001d84                __sys_appexit
                0x00001d84                __exit
 .text._deferredlazyseek
                0x00001d90       0x40 c:/nxp/mcuxpressoide_11.2.1_4149/ide/plugins/com.nxp.mcuxpresso.tools.win32_11.2.0.202008311134/tools/bin/../lib/gcc/arm-none-eabi/9.2.1/../../../../arm-none-eabi/lib/thumb/v6-m/nofp\libcr_c.a(_deferredlazyseek.o)
                0x00001d90                _deferredlazyseek
 .text.__flsbuf
                0x00001dd0      0x150 c:/nxp/mcuxpressoide_11.2.1_4149/ide/plugins/com.nxp.mcuxpresso.tools.win32_11.2.0.202008311134/tools/bin/../lib/gcc/arm-none-eabi/9.2.1/../../../../arm-none-eabi/lib/thumb/v6-m/nofp\libcr_c.a(_deferredlazyseek.o)
                0x00001dd0                __flsbuf
 .text._fflush  0x00001f20       0x60 c:/nxp/mcuxpressoide_11.2.1_4149/ide/plugins/com.nxp.mcuxpresso.tools.win32_11.2.0.202008311134/tools/bin/../lib/gcc/arm-none-eabi/9.2.1/../../../../arm-none-eabi/lib/thumb/v6-m/nofp\libcr_c.a(_fflush.o)
                0x00001f20                _fflush
 .text._Cwritebuf
                0x00001f80       0x68 c:/nxp/mcuxpressoide_11.2.1_4149/ide/plugins/com.nxp.mcuxpresso.tools.win32_11.2.0.202008311134/tools/bin/../lib/gcc/arm-none-eabi/9.2.1/../../../../arm-none-eabi/lib/thumb/v6-m/nofp\libcr_c.a(_writebuf.o)
                0x00001f80                _Cwritebuf
 .text.malloc   0x00001fe8       0xd0 c:/nxp/mcuxpressoide_11.2.1_4149/ide/plugins/com.nxp.mcuxpresso.tools.win32_11.2.0.202008311134/tools/bin/../lib/gcc/arm-none-eabi/9.2.1/../../../../arm-none-eabi/lib/thumb/v6-m/nofp\libcr_c.a(alloc.o)
                0x00001fe8                malloc
 .text._Csys_alloc
                0x000020b8       0x20 c:/nxp/mcuxpressoide_11.2.1_4149/ide/plugins/com.nxp.mcuxpresso.tools.win32_11.2.0.202008311134/tools/bin/../lib/gcc/arm-none-eabi/9.2.1/../../../../arm-none-eabi/lib/thumb/v6-m/nofp\libcr_c.a(alloc.o)
                0x000020b8                _Csys_alloc
 .text.fseek    0x000020d8       0xf4 c:/nxp/mcuxpressoide_11.2.1_4149/ide/plugins/com.nxp.mcuxpresso.tools.win32_11.2.0.202008311134/tools/bin/../lib/gcc/arm-none-eabi/9.2.1/../../../../arm-none-eabi/lib/thumb/v6-m/nofp\libcr_c.a(fseek.o)
                0x000020d8                fseek
 .text.ftell    0x000021cc       0x48 c:/nxp/mcuxpressoide_11.2.1_4149/ide/plugins/com.nxp.mcuxpresso.tools.win32_11.2.0.202008311134/tools/bin/../lib/gcc/arm-none-eabi/9.2.1/../../../../arm-none-eabi/lib/thumb/v6-m/nofp\libcr_c.a(ftell.o)
                0x000021cc                ftell
 .text._initio  0x00002214       0x7c c:/nxp/mcuxpressoide_11.2.1_4149/ide/plugins/com.nxp.mcuxpresso.tools.win32_11.2.0.202008311134/tools/bin/../lib/gcc/arm-none-eabi/9.2.1/../../../../arm-none-eabi/lib/thumb/v6-m/nofp\libcr_c.a(initio.o)
                0x00002214                _initio
 .text.__vfprintf
                0x00002290      0xd40 c:/nxp/mcuxpressoide_11.2.1_4149/ide/plugins/com.nxp.mcuxpresso.tools.win32_11.2.0.202008311134/tools/bin/../lib/gcc/arm-none-eabi/9.2.1/../../../../arm-none-eabi/lib/thumb/v6-m/nofp\libcr_c.a(printf.o)
                0x00002290                __vfprintf
 .text._vsnprintf
                0x00002fd0       0x70 c:/nxp/mcuxpressoide_11.2.1_4149/ide/plugins/com.nxp.mcuxpresso.tools.win32_11.2.0.202008311134/tools/bin/../lib/gcc/arm-none-eabi/9.2.1/../../../../arm-none-eabi/lib/thumb/v6-m/nofp\libcr_c.a(printf.o)
                0x00002fd0                _vsnprintf
 .text._printf  0x00003040       0x50 c:/nxp/mcuxpressoide_11.2.1_4149/ide/plugins/com.nxp.mcuxpresso.tools.win32_11.2.0.202008311134/tools/bin/../lib/gcc/arm-none-eabi/9.2.1/../../../../arm-none-eabi/lib/thumb/v6-m/nofp\libcr_c.a(printf.o)
                0x00003040                _printf
 .text.setvbuf  0x00003090       0x4c c:/nxp/mcuxpressoide_11.2.1_4149/ide/plugins/com.nxp.mcuxpresso.tools.win32_11.2.0.202008311134/tools/bin/../lib/gcc/arm-none-eabi/9.2.1/../../../../arm-none-eabi/lib/thumb/v6-m/nofp\libcr_c.a(setvbuf.o)
                0x00003090                setvbuf
 .text.strlen   0x000030dc       0x58 c:/nxp/mcuxpressoide_11.2.1_4149/ide/plugins/com.nxp.mcuxpresso.tools.win32_11.2.0.202008311134/tools/bin/../lib/gcc/arm-none-eabi/9.2.1/../../../../arm-none-eabi/lib/thumb/v6-m/nofp\libcr_c.a(strlen.o)
                0x000030dc                strlen
 .text._sbrk    0x00003134       0x44 c:/nxp/mcuxpressoide_11.2.1_4149/ide/plugins/com.nxp.mcuxpresso.tools.win32_11.2.0.202008311134/tools/bin/../lib/gcc/arm-none-eabi/9.2.1/../../../../arm-none-eabi/lib/thumb/v6-m/nofp\libcr_c.a(_cr_sbrk.o)
                0x00003134                _sbrk
 .text._fdopen  0x00003178       0x74 c:/nxp/mcuxpressoide_11.2.1_4149/ide/plugins/com.nxp.mcuxpresso.tools.win32_11.2.0.202008311134/tools/bin/../lib/gcc/arm-none-eabi/9.2.1/../../../../arm-none-eabi/lib/thumb/v6-m/nofp\libcr_c.a(_fdopen.o)
                0x00003178                _fdopen
 .text.fclose   0x000031ec       0x5c c:/nxp/mcuxpressoide_11.2.1_4149/ide/plugins/com.nxp.mcuxpresso.tools.win32_11.2.0.202008311134/tools/bin/../lib/gcc/arm-none-eabi/9.2.1/../../../../arm-none-eabi/lib/thumb/v6-m/nofp\libcr_c.a(fclose.o)
                0x000031ec                fclose
 .text.fflush   0x00003248       0x44 c:/nxp/mcuxpressoide_11.2.1_4149/ide/plugins/com.nxp.mcuxpresso.tools.win32_11.2.0.202008311134/tools/bin/../lib/gcc/arm-none-eabi/9.2.1/../../../../arm-none-eabi/lib/thumb/v6-m/nofp\libcr_c.a(fflush.o)
                0x00003248                fflush
 .text.__check_heap_overflow
                0x0000328c       0x14 c:/nxp/mcuxpressoide_11.2.1_4149/ide/plugins/com.nxp.mcuxpresso.tools.win32_11.2.0.202008311134/tools/bin/../lib/gcc/arm-none-eabi/9.2.1/../../../../arm-none-eabi/lib/thumb/v6-m/nofp\libcr_c.a(_cr_check_heap.o)
                0x0000328c                __check_heap_overflow
 .text._do_fflush
                0x000032a0       0x48 c:/nxp/mcuxpressoide_11.2.1_4149/ide/plugins/com.nxp.mcuxpresso.tools.win32_11.2.0.202008311134/tools/bin/../lib/gcc/arm-none-eabi/9.2.1/../../../../arm-none-eabi/lib/thumb/v6-m/nofp\libcr_c.a(_do_fflush.o)
                0x000032a0                _do_fflush
 .text.UART_EnableTx
                0x000032e8       0x40 ./utilities/fsl_debug_console.o
 .text.UART_EnableRx
                0x00003328       0x40 ./utilities/fsl_debug_console.o
 .text.LPSCI_EnableTx
                0x00003368       0x40 ./utilities/fsl_debug_console.o
 .text.LPSCI_EnableRx
                0x000033a8       0x40 ./utilities/fsl_debug_console.o
 .text.EnableIRQ
                0x000033e8       0x2c ./source/main.o
 .text.TPM_SetTimerPeriod
                0x00003414       0x18 ./source/main.o
 .text.TPM_StartTimer
                0x0000342c       0x3a ./source/main.o
 .text.ADC16_EnableHardwareTrigger
                0x00003466       0x3a ./source/main.o
 .text.ADC16_DoAutoCalibration
                0x000034a0      0x118 ./drivers/fsl_adc16.o
                0x000034a0                ADC16_DoAutoCalibration
 .text.ADC16_GetStatusFlags
                0x000035b8       0x3a ./drivers/fsl_adc16.o
                0x000035b8                ADC16_GetStatusFlags
 .text.OSC_SetExtRefClkConfig
                0x000035f2       0x3e ./drivers/fsl_clock.o
 .text.OSC_SetCapLoad
                0x00003630       0x42 ./drivers/fsl_clock.o
 .text.CLOCK_GetPll0RefFreq
                0x00003672       0x10 ./drivers/fsl_clock.o
 .text.CLOCK_SetExternalRefClkConfig
                0x00003682       0x16 ./drivers/fsl_clock.o
                0x00003682                CLOCK_SetExternalRefClkConfig
 .text.LPSCI_GetStatusFlags
                0x00003698       0x26 ./drivers/fsl_lpsci.o
                0x00003698                LPSCI_GetStatusFlags
 .text.TPM_EnableInterrupts
                0x000036be       0x82 ./drivers/fsl_tpm.o
                0x000036be                TPM_EnableInterrupts
 .text.UART_GetStatusFlags
                0x00003740       0x26 ./drivers/fsl_uart.o
                0x00003740                UART_GetStatusFlags
 .text.UART_WriteBlocking
                0x00003766       0x3c ./drivers/fsl_uart.o
                0x00003766                UART_WriteBlocking
 .text.BOARD_InitBootClocks
                0x000037a2        0xe ./board/clock_config.o
                0x000037a2                BOARD_InitBootClocks
 .text.BOARD_InitBootPeripherals
                0x000037b0        0xa ./board/peripherals.o
                0x000037b0                BOARD_InitBootPeripherals
 .text.BOARD_InitBootPins
                0x000037ba        0xe ./board/pin_mux.o
                0x000037ba                BOARD_InitBootPins
 .text.__main   0x000037c8        0xc c:/nxp/mcuxpressoide_11.2.1_4149/ide/plugins/com.nxp.mcuxpresso.tools.win32_11.2.0.202008311134/tools/bin/../lib/gcc/arm-none-eabi/9.2.1/../../../../arm-none-eabi/lib/thumb/v6-m/nofp\libcr_semihost_nf.a(_cr__main.o)
                0x000037c8                __CR_SEMIHOST
                0x000037c8                __main
 .text.memset   0x000037d4        0x8 c:/nxp/mcuxpressoide_11.2.1_4149/ide/plugins/com.nxp.mcuxpresso.tools.win32_11.2.0.202008311134/tools/bin/../lib/gcc/arm-none-eabi/9.2.1/../../../../arm-none-eabi/lib/thumb/v6-m/nofp\libcr_c.a(memset.o)
                0x000037d4                memset
 .text.free     0x000037dc       0x2c c:/nxp/mcuxpressoide_11.2.1_4149/ide/plugins/com.nxp.mcuxpresso.tools.win32_11.2.0.202008311134/tools/bin/../lib/gcc/arm-none-eabi/9.2.1/../../../../arm-none-eabi/lib/thumb/v6-m/nofp\libcr_c.a(alloc.o)
                0x000037dc                free
 .text.fputs    0x00003808       0x2e c:/nxp/mcuxpressoide_11.2.1_4149/ide/plugins/com.nxp.mcuxpresso.tools.win32_11.2.0.202008311134/tools/bin/../lib/gcc/arm-none-eabi/9.2.1/../../../../arm-none-eabi/lib/thumb/v6-m/nofp\libcr_c.a(fputs.o)
                0x00003808                fputs
 .text.no_fp_display
                0x00003836        0x4 c:/nxp/mcuxpressoide_11.2.1_4149/ide/plugins/com.nxp.mcuxpresso.tools.win32_11.2.0.202008311134/tools/bin/../lib/gcc/arm-none-eabi/9.2.1/../../../../arm-none-eabi/lib/thumb/v6-m/nofp\libcr_c.a(printf.o)
 .text.remove   0x0000383a       0x12 c:/nxp/mcuxpressoide_11.2.1_4149/ide/plugins/com.nxp.mcuxpresso.tools.win32_11.2.0.202008311134/tools/bin/../lib/gcc/arm-none-eabi/9.2.1/../../../../arm-none-eabi/lib/thumb/v6-m/nofp\libcr_c.a(remove.o)
                0x0000383a                remove
 .text.__aeabi_division_idivmod
                0x0000384c       0x78 c:/nxp/mcuxpressoide_11.2.1_4149/ide/plugins/com.nxp.mcuxpresso.tools.win32_11.2.0.202008311134/tools/bin/../lib/gcc/arm-none-eabi/9.2.1/thumb/v6-m/nofp\libcr_eabihelpers.a(division_32.o)
                0x0000384c                __aeabi_idivmod
                0x0000384c                __aeabi_idiv
                0x00003852                __aeabi_uidivmod
                0x00003852                __aeabi_uidiv
 .text.__aeabi_division_idiv0
                0x000038c4        0x2 c:/nxp/mcuxpressoide_11.2.1_4149/ide/plugins/com.nxp.mcuxpresso.tools.win32_11.2.0.202008311134/tools/bin/../lib/gcc/arm-none-eabi/9.2.1/thumb/v6-m/nofp\libcr_eabihelpers.a(division_idiv0.o)
                0x000038c4                __aeabi_idiv0
 .text.__aeabi_llong_lmul
                0x000038c6       0x2e c:/nxp/mcuxpressoide_11.2.1_4149/ide/plugins/com.nxp.mcuxpresso.tools.win32_11.2.0.202008311134/tools/bin/../lib/gcc/arm-none-eabi/9.2.1/thumb/v6-m/nofp\libcr_eabihelpers.a(llong.o)
                0x000038c6                __aeabi_lmul
 .text.__aeabi_memset_lowlevel
                0x000038f4       0x2a c:/nxp/mcuxpressoide_11.2.1_4149/ide/plugins/com.nxp.mcuxpresso.tools.win32_11.2.0.202008311134/tools/bin/../lib/gcc/arm-none-eabi/9.2.1/thumb/v6-m/nofp\libcr_eabihelpers.a(memcpy.o)
                0x000038f4                __aeabi_lowlevel_memset
 .text.__gnu_thumb1_case_shi
                0x0000391e       0x10 c:/nxp/mcuxpressoide_11.2.1_4149/ide/plugins/com.nxp.mcuxpresso.tools.win32_11.2.0.202008311134/tools/bin/../lib/gcc/arm-none-eabi/9.2.1/thumb/v6-m/nofp\libcr_eabihelpers.a(thumb1_switch_helpers.o)
                0x0000391e                __gnu_thumb1_case_shi
 .text.__sys_close
                0x0000392e        0xc c:/nxp/mcuxpressoide_11.2.1_4149/ide/plugins/com.nxp.mcuxpresso.tools.win32_11.2.0.202008311134/tools/bin/../lib/gcc/arm-none-eabi/9.2.1/../../../../arm-none-eabi/lib/thumb/v6-m/nofp\libcr_semihost_nf.a(__sys_close.o)
                0x0000392e                __sys_close
 .text.__sys_flen
                0x0000393a        0xc c:/nxp/mcuxpressoide_11.2.1_4149/ide/plugins/com.nxp.mcuxpresso.tools.win32_11.2.0.202008311134/tools/bin/../lib/gcc/arm-none-eabi/9.2.1/../../../../arm-none-eabi/lib/thumb/v6-m/nofp\libcr_semihost_nf.a(__sys_flen.o)
                0x0000393a                __sys_flen
 .text.__sys_istty
                0x00003946        0xc c:/nxp/mcuxpressoide_11.2.1_4149/ide/plugins/com.nxp.mcuxpresso.tools.win32_11.2.0.202008311134/tools/bin/../lib/gcc/arm-none-eabi/9.2.1/../../../../arm-none-eabi/lib/thumb/v6-m/nofp\libcr_semihost_nf.a(__sys_istty.o)
                0x00003946                __sys_istty
 .text.__sys_remove
                0x00003952        0xc c:/nxp/mcuxpressoide_11.2.1_4149/ide/plugins/com.nxp.mcuxpresso.tools.win32_11.2.0.202008311134/tools/bin/../lib/gcc/arm-none-eabi/9.2.1/../../../../arm-none-eabi/lib/thumb/v6-m/nofp\libcr_semihost_nf.a(__sys_remove.o)
                0x00003952                __sys_remove
 .text.__sys_seek
                0x0000395e        0xc c:/nxp/mcuxpressoide_11.2.1_4149/ide/plugins/com.nxp.mcuxpresso.tools.win32_11.2.0.202008311134/tools/bin/../lib/gcc/arm-none-eabi/9.2.1/../../../../arm-none-eabi/lib/thumb/v6-m/nofp\libcr_semihost_nf.a(__sys_seek.o)
                0x0000395e                __sys_seek
 .text.__sys_tmpnam
                0x0000396a        0xc c:/nxp/mcuxpressoide_11.2.1_4149/ide/plugins/com.nxp.mcuxpresso.tools.win32_11.2.0.202008311134/tools/bin/../lib/gcc/arm-none-eabi/9.2.1/../../../../arm-none-eabi/lib/thumb/v6-m/nofp\libcr_semihost_nf.a(__sys_tmpnam.o)
                0x0000396a                __sys_tmpnam
 .text.__sys_write
                0x00003976        0xc c:/nxp/mcuxpressoide_11.2.1_4149/ide/plugins/com.nxp.mcuxpresso.tools.win32_11.2.0.202008311134/tools/bin/../lib/gcc/arm-none-eabi/9.2.1/../../../../arm-none-eabi/lib/thumb/v6-m/nofp\libcr_semihost_nf.a(__sys_write.o)
                0x00003976                __sys_write
 *(SORT_BY_ALIGNMENT(.rodata) SORT_BY_ALIGNMENT(.rodata.*) SORT_BY_ALIGNMENT(.constdata) SORT_BY_ALIGNMENT(.constdata.*))
 *fill*         0x00003982        0x2 ff
 .rodata.ADC16_GetChannelConversionValue.str1.4
                0x00003984       0x38 ./source/main.o
 .rodata.main.str1.4
                0x000039bc       0x9b ./source/main.o
 *fill*         0x00003a57        0x1 ff
 .rodata.ADC16_GetInstance.str1.4
                0x00003a58       0x36 ./drivers/fsl_adc16.o
 *fill*         0x00003a8e        0x2 ff
 .rodata.ADC16_Init.str1.4
                0x00003a90       0x21 ./drivers/fsl_adc16.o
 *fill*         0x00003ab1        0x3 ff
 .rodata.ADC16_GetDefaultConfig.str1.4
                0x00003ab4       0x22 ./drivers/fsl_adc16.o
 *fill*         0x00003ad6        0x2 ff
 .rodata.ADC16_SetChannelConfig.str1.4
                0x00003ad8       0x52 ./drivers/fsl_adc16.o
 *fill*         0x00003b2a        0x2 ff
 .rodata.ADC16_GetChannelStatusFlags.str1.4
                0x00003b2c       0x30 ./drivers/fsl_adc16.o
 .rodata.CLOCK_GetMcgExtClkFreq.str1.4
                0x00003b5c       0x1f ./drivers/fsl_clock.o
 *fill*         0x00003b7b        0x1 ff
 .rodata.CLOCK_GetPll0Freq.str1.4
                0x00003b7c       0x1e ./drivers/fsl_clock.o
 *fill*         0x00003b9a        0x2 ff
 .rodata.CLOCK_EnablePll0.str1.4
                0x00003b9c       0x1a ./drivers/fsl_clock.o
 *fill*         0x00003bb6        0x2 ff
 .rodata.CLOCK_SetPbeMode.str1.4
                0x00003bb8       0x1b ./drivers/fsl_clock.o
 *fill*         0x00003bd3        0x1 ff
 .rodata.CLOCK_BootToPeeMode.str1.4
                0x00003bd4       0x1b ./drivers/fsl_clock.o
 *fill*         0x00003bef        0x1 ff
 .rodata.fllFactorTable.5210
                0x00003bf0       0x10 ./drivers/fsl_clock.o
 .rodata.LPSCI_GetInstance.str1.4
                0x00003c00       0x37 ./drivers/fsl_lpsci.o
 *fill*         0x00003c37        0x1 ff
 .rodata.LPSCI_Init.str1.4
                0x00003c38       0x44 ./drivers/fsl_lpsci.o
 .rodata.LPSCI_GetDefaultConfig.str1.4
                0x00003c7c       0x1a ./drivers/fsl_lpsci.o
 *fill*         0x00003c96        0x2 ff
 .rodata.LPSCI_WriteBlocking.str1.4
                0x00003c98       0x18 ./drivers/fsl_lpsci.o
 .rodata.LPSCI_ReadBlocking.str1.4
                0x00003cb0       0x18 ./drivers/fsl_lpsci.o
 .rodata.s_tpmBases
                0x00003cc8        0xc ./drivers/fsl_tpm.o
 .rodata.s_tpmClocks
                0x00003cd4        0xc ./drivers/fsl_tpm.o
 .rodata.TPM_GetInstance.str1.4
                0x00003ce0       0x29 ./drivers/fsl_tpm.o
 *fill*         0x00003d09        0x3 ff
 .rodata.TPM_Init.str1.4
                0x00003d0c       0x17 ./drivers/fsl_tpm.o
 *fill*         0x00003d23        0x1 ff
 .rodata.TPM_GetDefaultConfig.str1.4
                0x00003d24       0x18 ./drivers/fsl_tpm.o
 .rodata.s_uartBases
                0x00003d3c        0xc ./drivers/fsl_uart.o
 .rodata.s_uartClock
                0x00003d48        0xc ./drivers/fsl_uart.o
 .rodata.UART_GetInstance.str1.4
                0x00003d54       0x2c ./drivers/fsl_uart.o
 .rodata.UART_Init.str1.4
                0x00003d80       0x43 ./drivers/fsl_uart.o
 *fill*         0x00003dc3        0x1 ff
 .rodata.UART_GetDefaultConfig.str1.4
                0x00003dc4       0x19 ./drivers/fsl_uart.o
 *fill*         0x00003ddd        0x3 ff
 .rodata.UART_ReadBlocking.str1.4
                0x00003de0       0x17 ./drivers/fsl_uart.o
 *fill*         0x00003df7        0x1 ff
 .rodata.mcgConfig_BOARD_BootClockRUN
                0x00003df8        0xa ./board/clock_config.o
                0x00003df8                mcgConfig_BOARD_BootClockRUN
 *fill*         0x00003e02        0x2 ff
 .rodata.simConfig_BOARD_BootClockRUN
                0x00003e04        0x8 ./board/clock_config.o
                0x00003e04                simConfig_BOARD_BootClockRUN
 .rodata.oscConfig_BOARD_BootClockRUN
                0x00003e0c        0x8 ./board/clock_config.o
                0x00003e0c                oscConfig_BOARD_BootClockRUN
 .rodata.__num_Ciob_streams
                0x00003e14        0x4 c:/nxp/mcuxpressoide_11.2.1_4149/ide/plugins/com.nxp.mcuxpresso.tools.win32_11.2.0.202008311134/tools/bin/../lib/gcc/arm-none-eabi/9.2.1/../../../../arm-none-eabi/lib/thumb/v6-m/nofp\libcr_semihost_nf.a(__ciob.o)
                0x00003e14                __num_Ciob_streams
 .rodata.__assertion_failed.str1.1
                0x00003e18       0x15 c:/nxp/mcuxpressoide_11.2.1_4149/ide/plugins/com.nxp.mcuxpresso.tools.win32_11.2.0.202008311134/tools/bin/../lib/gcc/arm-none-eabi/9.2.1/../../../../arm-none-eabi/lib/thumb/v6-m/nofp\libcr_semihost_nf.a(_cr_assert.o)
 .rodata._Csys_alloc.str1.1
                0x00003e2d       0x18 c:/nxp/mcuxpressoide_11.2.1_4149/ide/plugins/com.nxp.mcuxpresso.tools.win32_11.2.0.202008311134/tools/bin/../lib/gcc/arm-none-eabi/9.2.1/../../../../arm-none-eabi/lib/thumb/v6-m/nofp\libcr_c.a(alloc.o)
 .rodata._initio.str1.1
                0x00003e45        0x4 c:/nxp/mcuxpressoide_11.2.1_4149/ide/plugins/com.nxp.mcuxpresso.tools.win32_11.2.0.202008311134/tools/bin/../lib/gcc/arm-none-eabi/9.2.1/../../../../arm-none-eabi/lib/thumb/v6-m/nofp\libcr_c.a(initio.o)
 .rodata.__vfprintf.str1.1
                0x00003e49       0x35 c:/nxp/mcuxpressoide_11.2.1_4149/ide/plugins/com.nxp.mcuxpresso.tools.win32_11.2.0.202008311134/tools/bin/../lib/gcc/arm-none-eabi/9.2.1/../../../../arm-none-eabi/lib/thumb/v6-m/nofp\libcr_c.a(printf.o)
                                 0x38 (size before relaxing)
                0x00003e80                . = ALIGN (0x4)
 *fill*         0x00003e7e        0x2 ff

.glue_7         0x00003e80        0x0
 .glue_7        0x00003e80        0x0 linker stubs

.glue_7t        0x00003e80        0x0
 .glue_7t       0x00003e80        0x0 linker stubs

.vfp11_veneer   0x00003e80        0x0
 .vfp11_veneer  0x00003e80        0x0 linker stubs

.v4_bx          0x00003e80        0x0
 .v4_bx         0x00003e80        0x0 linker stubs

.iplt           0x00003e80        0x0
 .iplt          0x00003e80        0x0 ./utilities/fsl_debug_console.o

.rel.dyn        0x00003e80        0x0
 .rel.iplt      0x00003e80        0x0 ./utilities/fsl_debug_console.o

.ARM.extab
 *(SORT_BY_ALIGNMENT(.ARM.extab*) SORT_BY_ALIGNMENT(.gnu.linkonce.armextab.*))

.ARM.exidx      0x00003e80        0x0
                0x00003e80                __exidx_start = .
 *(SORT_BY_ALIGNMENT(.ARM.exidx*) SORT_BY_ALIGNMENT(.gnu.linkonce.armexidx.*))
                0x00003e80                __exidx_end = .
                0x00003e80                _etext = .

.m_usb_data
 *(SORT_BY_ALIGNMENT(m_usb_bdt))

.mtb_buffer_default
                0x1ffff000       0x80
 *(SORT_BY_ALIGNMENT(.mtb*))
 .mtb.$RAM1     0x1ffff000       0x80 ./source/mtb.o
                0x1ffff000                __mtb_buffer__

.uninit_RESERVED
                0x1ffff080        0x0
                0x1ffff080                _start_uninit_RESERVED = .
 *(SORT_BY_ALIGNMENT(.bss.$RESERVED*))
                0x1ffff080                . = ALIGN (0x4)
                0x1ffff080                _end_uninit_RESERVED = .

.data           0x1ffff080        0x8 load address 0x00003e80
 FILL mask 0xff
                0x1ffff080                _data = .
                [!provide]                PROVIDE (__start_data_RAM = .)
                [!provide]                PROVIDE (__start_data_SRAM = .)
 *(SORT_BY_ALIGNMENT(vtable))
 *(SORT_BY_ALIGNMENT(.ramfunc*))
 *(SORT_BY_ALIGNMENT(CodeQuickAccess))
 *(SORT_BY_ALIGNMENT(DataQuickAccess))
 *(SORT_BY_ALIGNMENT(RamFunction))
 *(SORT_BY_ALIGNMENT(.data*))
 .data.s_slowIrcFreq
                0x1ffff080        0x4 ./drivers/fsl_clock.o
 .data.SystemCoreClock
                0x1ffff084        0x4 ./CMSIS/system_MKL25Z4.o
                0x1ffff084                SystemCoreClock
                0x1ffff088                . = ALIGN (0x4)
                0x1ffff088                _edata = .
                [!provide]                PROVIDE (__end_data_RAM = .)
                [!provide]                PROVIDE (__end_data_SRAM = .)

.igot.plt       0x1ffff088        0x0 load address 0x00003e88
 .igot.plt      0x1ffff088        0x0 ./utilities/fsl_debug_console.o

.bss            0x1ffff088       0xf8
                0x1ffff088                _bss = .
                [!provide]                PROVIDE (__start_bss_RAM = .)
                [!provide]                PROVIDE (__start_bss_SRAM = .)
 *(SORT_BY_ALIGNMENT(.bss*))
 .bss.s_debugConsole
                0x1ffff088       0x10 ./utilities/fsl_debug_console.o
 .bss.g_AdcTimerConversionValue
                0x1ffff098        0x4 ./source/main.o
                0x1ffff098                g_AdcTimerConversionValue
 .bss.g_AdcInterruptCounter
                0x1ffff09c        0x4 ./source/main.o
                0x1ffff09c                g_AdcInterruptCounter
 .bss.g_xtal0Freq
                0x1ffff0a0        0x4 ./drivers/fsl_clock.o
                0x1ffff0a0                g_xtal0Freq
 .bss.s_lpsciHandle
                0x1ffff0a4        0x4 ./drivers/fsl_lpsci.o
 .bss.s_lpsciIsr
                0x1ffff0a8        0x4 ./drivers/fsl_lpsci.o
 .bss.s_uartHandle
                0x1ffff0ac        0xc ./drivers/fsl_uart.o
 .bss.s_uartIsr
                0x1ffff0b8        0x4 ./drivers/fsl_uart.o
 .bss.__Ciob    0x1ffff0bc       0xb4 c:/nxp/mcuxpressoide_11.2.1_4149/ide/plugins/com.nxp.mcuxpresso.tools.win32_11.2.0.202008311134/tools/bin/../lib/gcc/arm-none-eabi/9.2.1/../../../../arm-none-eabi/lib/thumb/v6-m/nofp\libcr_semihost_nf.a(__ciob.o)
                0x1ffff0bc                __Ciob
 .bss.__end_of_heap
                0x1ffff170        0x4 c:/nxp/mcuxpressoide_11.2.1_4149/ide/plugins/com.nxp.mcuxpresso.tools.win32_11.2.0.202008311134/tools/bin/../lib/gcc/arm-none-eabi/9.2.1/../../../../arm-none-eabi/lib/thumb/v6-m/nofp\libcr_c.a(__init_alloc.o)
                0x1ffff170                __end_of_heap
 .bss.__heaps   0x1ffff174        0x4 c:/nxp/mcuxpressoide_11.2.1_4149/ide/plugins/com.nxp.mcuxpresso.tools.win32_11.2.0.202008311134/tools/bin/../lib/gcc/arm-none-eabi/9.2.1/../../../../arm-none-eabi/lib/thumb/v6-m/nofp\libcr_c.a(__init_alloc.o)
                0x1ffff174                __heaps
 .bss.errno     0x1ffff178        0x4 c:/nxp/mcuxpressoide_11.2.1_4149/ide/plugins/com.nxp.mcuxpresso.tools.win32_11.2.0.202008311134/tools/bin/../lib/gcc/arm-none-eabi/9.2.1/../../../../arm-none-eabi/lib/thumb/v6-m/nofp\libcr_c.a(errno.o)
                0x1ffff178                errno
 .bss.g_AdcTimerConversionDoneFlag
                0x1ffff17c        0x1 ./source/main.o
                0x1ffff17c                g_AdcTimerConversionDoneFlag
 *(SORT_BY_ALIGNMENT(COMMON))
                0x1ffff180                . = ALIGN (0x4)
 *fill*         0x1ffff17d        0x3 
                0x1ffff180                _ebss = .
                [!provide]                PROVIDE (__end_bss_RAM = .)
                [!provide]                PROVIDE (__end_bss_SRAM = .)
                [!provide]                PROVIDE (end = .)

.noinit         0x1ffff180        0x0
                0x1ffff180                _noinit = .
                [!provide]                PROVIDE (__start_noinit_RAM = .)
                [!provide]                PROVIDE (__start_noinit_SRAM = .)
 *(SORT_BY_ALIGNMENT(.noinit*))
                0x1ffff180                . = ALIGN (0x4)
                0x1ffff180                _end_noinit = .
                [!provide]                PROVIDE (__end_noinit_RAM = .)
                [!provide]                PROVIDE (__end_noinit_SRAM = .)
                0x00000400                _HeapSize = 0x400

.heap           0x1ffff180      0x400
                0x1ffff180                _pvHeapStart = .
                0x1ffff580                . = (. + _HeapSize)
 *fill*         0x1ffff180      0x400 
                0x1ffff580                . = ALIGN (0x4)
                0x1ffff580                _pvHeapLimit = .
                0x00000400                _StackSize = 0x400

.heap2stackfill
                0x1ffff580      0x400
                0x1ffff980                . = (. + _StackSize)
 *fill*         0x1ffff580      0x400 

.stack          0x20002c00        0x0
                0x20002c00                _vStackBase = .
                0x20002c00                . = ALIGN (0x4)
                0x20003000                _vStackTop = (. + _StackSize)
                0x00000000                _image_start = LOADADDR (.text)
                0x00003e88                _image_end = (LOADADDR (.data) + SIZEOF (.data))
                0x00003e88                _image_size = (_image_end - _image_start)
OUTPUT(ADC_canais_aula.axf elf32-littlearm)

.debug_info     0x00000000     0x9bcb
 .debug_info    0x00000000      0x9b5 ./utilities/fsl_debug_console.o
 .debug_info    0x000009b5      0x4df ./startup/startup_mkl25z4.o
 .debug_info    0x00000e94     0x136b ./source/main.o
 .debug_info    0x000021ff       0x53 ./source/mtb.o
 .debug_info    0x00002252       0x3c ./source/semihost_hardfault.o
 .debug_info    0x0000228e      0xc9e ./drivers/fsl_adc16.o
 .debug_info    0x00002f2c     0x1a97 ./drivers/fsl_clock.o
 .debug_info    0x000049c3     0x1469 ./drivers/fsl_lpsci.o
 .debug_info    0x00005e2c      0xc74 ./drivers/fsl_tpm.o
 .debug_info    0x00006aa0     0x140a ./drivers/fsl_uart.o
 .debug_info    0x00007eaa      0x80b ./board/board.o
 .debug_info    0x000086b5      0xafe ./board/clock_config.o
 .debug_info    0x000091b3       0x3c ./board/peripherals.o
 .debug_info    0x000091ef      0x5a3 ./board/pin_mux.o
 .debug_info    0x00009792      0x439 ./CMSIS/system_MKL25Z4.o

.debug_abbrev   0x00000000     0x1c85
 .debug_abbrev  0x00000000      0x21b ./utilities/fsl_debug_console.o
 .debug_abbrev  0x0000021b      0x18d ./startup/startup_mkl25z4.o
 .debug_abbrev  0x000003a8      0x2ad ./source/main.o
 .debug_abbrev  0x00000655       0x46 ./source/mtb.o
 .debug_abbrev  0x0000069b       0x31 ./source/semihost_hardfault.o
 .debug_abbrev  0x000006cc      0x2a2 ./drivers/fsl_adc16.o
 .debug_abbrev  0x0000096e      0x36f ./drivers/fsl_clock.o
 .debug_abbrev  0x00000cdd      0x309 ./drivers/fsl_lpsci.o
 .debug_abbrev  0x00000fe6      0x282 ./drivers/fsl_tpm.o
 .debug_abbrev  0x00001268      0x323 ./drivers/fsl_uart.o
 .debug_abbrev  0x0000158b      0x1a7 ./board/board.o
 .debug_abbrev  0x00001732      0x211 ./board/clock_config.o
 .debug_abbrev  0x00001943       0x31 ./board/peripherals.o
 .debug_abbrev  0x00001974      0x1bb ./board/pin_mux.o
 .debug_abbrev  0x00001b2f      0x156 ./CMSIS/system_MKL25Z4.o

.debug_aranges  0x00000000      0x878
 .debug_aranges
                0x00000000       0x48 ./utilities/fsl_debug_console.o
 .debug_aranges
                0x00000048      0x160 ./startup/startup_mkl25z4.o
 .debug_aranges
                0x000001a8       0x68 ./source/main.o
 .debug_aranges
                0x00000210       0x18 ./source/mtb.o
 .debug_aranges
                0x00000228       0x20 ./source/semihost_hardfault.o
 .debug_aranges
                0x00000248       0x88 ./drivers/fsl_adc16.o
 .debug_aranges
                0x000002d0      0x1d8 ./drivers/fsl_clock.o
 .debug_aranges
                0x000004a8      0x118 ./drivers/fsl_lpsci.o
 .debug_aranges
                0x000005c0       0x88 ./drivers/fsl_tpm.o
 .debug_aranges
                0x00000648      0x130 ./drivers/fsl_uart.o
 .debug_aranges
                0x00000778       0x28 ./board/board.o
 .debug_aranges
                0x000007a0       0x58 ./board/clock_config.o
 .debug_aranges
                0x000007f8       0x20 ./board/peripherals.o
 .debug_aranges
                0x00000818       0x38 ./board/pin_mux.o
 .debug_aranges
                0x00000850       0x28 ./CMSIS/system_MKL25Z4.o

.debug_ranges   0x00000000      0x780
 .debug_ranges  0x00000000       0x38 ./utilities/fsl_debug_console.o
 .debug_ranges  0x00000038      0x150 ./startup/startup_mkl25z4.o
 .debug_ranges  0x00000188       0x58 ./source/main.o
 .debug_ranges  0x000001e0       0x10 ./source/semihost_hardfault.o
 .debug_ranges  0x000001f0       0x78 ./drivers/fsl_adc16.o
 .debug_ranges  0x00000268      0x1c8 ./drivers/fsl_clock.o
 .debug_ranges  0x00000430      0x108 ./drivers/fsl_lpsci.o
 .debug_ranges  0x00000538       0x78 ./drivers/fsl_tpm.o
 .debug_ranges  0x000005b0      0x120 ./drivers/fsl_uart.o
 .debug_ranges  0x000006d0       0x18 ./board/board.o
 .debug_ranges  0x000006e8       0x48 ./board/clock_config.o
 .debug_ranges  0x00000730       0x10 ./board/peripherals.o
 .debug_ranges  0x00000740       0x28 ./board/pin_mux.o
 .debug_ranges  0x00000768       0x18 ./CMSIS/system_MKL25Z4.o

.debug_macro    0x00000000     0x8e4e
 .debug_macro   0x00000000      0x13a ./utilities/fsl_debug_console.o
 .debug_macro   0x0000013a      0xab4 ./utilities/fsl_debug_console.o
 .debug_macro   0x00000bee       0x10 ./utilities/fsl_debug_console.o
 .debug_macro   0x00000bfe       0x16 ./utilities/fsl_debug_console.o
 .debug_macro   0x00000c14       0x10 ./utilities/fsl_debug_console.o
 .debug_macro   0x00000c24      0x12e ./utilities/fsl_debug_console.o
 .debug_macro   0x00000d52       0x28 ./utilities/fsl_debug_console.o
 .debug_macro   0x00000d7a       0xc4 ./utilities/fsl_debug_console.o
 .debug_macro   0x00000e3e       0x16 ./utilities/fsl_debug_console.o
 .debug_macro   0x00000e54       0x22 ./utilities/fsl_debug_console.o
 .debug_macro   0x00000e76      0x5b3 ./utilities/fsl_debug_console.o
 .debug_macro   0x00001429       0x10 ./utilities/fsl_debug_console.o
 .debug_macro   0x00001439       0x3f ./utilities/fsl_debug_console.o
 .debug_macro   0x00001478       0x3a ./utilities/fsl_debug_console.o
 .debug_macro   0x000014b2       0x26 ./utilities/fsl_debug_console.o
 .debug_macro   0x000014d8      0x329 ./utilities/fsl_debug_console.o
 .debug_macro   0x00001801       0x30 ./utilities/fsl_debug_console.o
 .debug_macro   0x00001831     0x51e2 ./utilities/fsl_debug_console.o
 .debug_macro   0x00006a13     0x1352 ./utilities/fsl_debug_console.o
 .debug_macro   0x00007d65       0x3a ./utilities/fsl_debug_console.o
 .debug_macro   0x00007d9f       0xf4 ./utilities/fsl_debug_console.o
 .debug_macro   0x00007e93       0x35 ./utilities/fsl_debug_console.o
 .debug_macro   0x00007ec8       0xd2 ./utilities/fsl_debug_console.o
 .debug_macro   0x00007f9a       0x2e ./utilities/fsl_debug_console.o
 .debug_macro   0x00007fc8       0x10 ./utilities/fsl_debug_console.o
 .debug_macro   0x00007fd8       0x10 ./utilities/fsl_debug_console.o
 .debug_macro   0x00007fe8       0x29 ./startup/startup_mkl25z4.o
 .debug_macro   0x00008011      0x164 ./source/main.o
 .debug_macro   0x00008175       0xd8 ./source/main.o
 .debug_macro   0x0000824d       0x16 ./source/main.o
 .debug_macro   0x00008263       0x10 ./source/main.o
 .debug_macro   0x00008273      0x112 ./source/main.o
 .debug_macro   0x00008385       0x3a ./source/main.o
 .debug_macro   0x000083bf       0x34 ./source/main.o
 .debug_macro   0x000083f3       0x10 ./source/main.o
 .debug_macro   0x00008403       0x10 ./source/main.o
 .debug_macro   0x00008413       0x2f ./source/mtb.o
 .debug_macro   0x00008442       0x82 ./source/mtb.o
 .debug_macro   0x000084c4       0x10 ./source/mtb.o
 .debug_macro   0x000084d4       0x11 ./source/semihost_hardfault.o
 .debug_macro   0x000084e5       0xec ./drivers/fsl_adc16.o
 .debug_macro   0x000085d1       0x1c ./drivers/fsl_adc16.o
 .debug_macro   0x000085ed      0x196 ./drivers/fsl_clock.o
 .debug_macro   0x00008783       0xec ./drivers/fsl_lpsci.o
 .debug_macro   0x0000886f       0xf2 ./drivers/fsl_tpm.o
 .debug_macro   0x00008961       0xf2 ./drivers/fsl_uart.o
 .debug_macro   0x00008a53      0x12b ./board/board.o
 .debug_macro   0x00008b7e      0x123 ./board/clock_config.o
 .debug_macro   0x00008ca1       0x1b ./board/peripherals.o
 .debug_macro   0x00008cbc       0xee ./board/pin_mux.o
 .debug_macro   0x00008daa       0x10 ./board/pin_mux.o
 .debug_macro   0x00008dba       0x94 ./CMSIS/system_MKL25Z4.o

.debug_line     0x00000000     0x539a
 .debug_line    0x00000000      0x40a ./utilities/fsl_debug_console.o
 .debug_line    0x0000040a      0x1e7 ./startup/startup_mkl25z4.o
 .debug_line    0x000005f1      0x4ac ./source/main.o
 .debug_line    0x00000a9d       0xd1 ./source/mtb.o
 .debug_line    0x00000b6e       0x5a ./source/semihost_hardfault.o
 .debug_line    0x00000bc8      0x60b ./drivers/fsl_adc16.o
 .debug_line    0x000011d3     0x12b9 ./drivers/fsl_clock.o
 .debug_line    0x0000248c      0xd32 ./drivers/fsl_lpsci.o
 .debug_line    0x000031be      0x7cc ./drivers/fsl_tpm.o
 .debug_line    0x0000398a      0xd21 ./drivers/fsl_uart.o
 .debug_line    0x000046ab      0x2ee ./board/board.o
 .debug_line    0x00004999      0x373 ./board/clock_config.o
 .debug_line    0x00004d0c       0x5c ./board/peripherals.o
 .debug_line    0x00004d68      0x2ff ./board/pin_mux.o
 .debug_line    0x00005067      0x333 ./CMSIS/system_MKL25Z4.o

.debug_str      0x00000000    0x370bf
 .debug_str     0x00000000    0x3160a ./utilities/fsl_debug_console.o
                              0x31857 (size before relaxing)
 .debug_str     0x0003160a      0x3e1 ./startup/startup_mkl25z4.o
                               0x321b (size before relaxing)
 .debug_str     0x000319eb     0x1d9d ./source/main.o
                              0x32c19 (size before relaxing)
 .debug_str     0x00033788      0x532 ./source/mtb.o
                               0x3327 (size before relaxing)
 .debug_str     0x00033cba       0x1f ./source/semihost_hardfault.o
                               0x2e14 (size before relaxing)
 .debug_str     0x00033cd9      0x571 ./drivers/fsl_adc16.o
                              0x315c0 (size before relaxing)
 .debug_str     0x0003424a     0x1337 ./drivers/fsl_clock.o
                              0x32322 (size before relaxing)
 .debug_str     0x00035581      0x962 ./drivers/fsl_lpsci.o
                              0x3192a (size before relaxing)
 .debug_str     0x00035ee3      0x440 ./drivers/fsl_tpm.o
                              0x3150c (size before relaxing)
 .debug_str     0x00036323      0x832 ./drivers/fsl_uart.o
                              0x3194d (size before relaxing)
 .debug_str     0x00036b55       0x4c ./board/board.o
                              0x3179a (size before relaxing)
 .debug_str     0x00036ba1      0x300 ./board/clock_config.o
                              0x31250 (size before relaxing)
 .debug_str     0x00036ea1       0x31 ./board/peripherals.o
                               0x2e25 (size before relaxing)
 .debug_str     0x00036ed2      0x1a6 ./board/pin_mux.o
                              0x30a96 (size before relaxing)
 .debug_str     0x00037078       0x47 ./CMSIS/system_MKL25Z4.o
                              0x2fc8c (size before relaxing)

.comment        0x00000000       0x79
 .comment       0x00000000       0x79 ./utilities/fsl_debug_console.o
                                 0x7a (size before relaxing)
 .comment       0x00000079       0x7a ./startup/startup_mkl25z4.o
 .comment       0x00000079       0x7a ./source/main.o
 .comment       0x00000079       0x7a ./source/mtb.o
 .comment       0x00000079       0x7a ./source/semihost_hardfault.o
 .comment       0x00000079       0x7a ./drivers/fsl_adc16.o
 .comment       0x00000079       0x7a ./drivers/fsl_clock.o
 .comment       0x00000079       0x7a ./drivers/fsl_lpsci.o
 .comment       0x00000079       0x7a ./drivers/fsl_tpm.o
 .comment       0x00000079       0x7a ./drivers/fsl_uart.o
 .comment       0x00000079       0x7a ./board/board.o
 .comment       0x00000079       0x7a ./board/clock_config.o
 .comment       0x00000079       0x7a ./board/peripherals.o
 .comment       0x00000079       0x7a ./board/pin_mux.o
 .comment       0x00000079       0x7a ./CMSIS/system_MKL25Z4.o
 .comment       0x00000079       0x7a c:/nxp/mcuxpressoide_11.2.1_4149/ide/plugins/com.nxp.mcuxpresso.tools.win32_11.2.0.202008311134/tools/bin/../lib/gcc/arm-none-eabi/9.2.1/../../../../arm-none-eabi/lib/thumb/v6-m/nofp\libcr_semihost_nf.a(_cr__main.o)
 .comment       0x00000079       0x7a c:/nxp/mcuxpressoide_11.2.1_4149/ide/plugins/com.nxp.mcuxpresso.tools.win32_11.2.0.202008311134/tools/bin/../lib/gcc/arm-none-eabi/9.2.1/../../../../arm-none-eabi/lib/thumb/v6-m/nofp\libcr_semihost_nf.a(_cr_assert.o)
 .comment       0x00000079       0x7a c:/nxp/mcuxpressoide_11.2.1_4149/ide/plugins/com.nxp.mcuxpresso.tools.win32_11.2.0.202008311134/tools/bin/../lib/gcc/arm-none-eabi/9.2.1/../../../../arm-none-eabi/lib/thumb/v6-m/nofp\libcr_semihost_nf.a(__ciob.o)
 .comment       0x00000079       0x7a c:/nxp/mcuxpressoide_11.2.1_4149/ide/plugins/com.nxp.mcuxpresso.tools.win32_11.2.0.202008311134/tools/bin/../lib/gcc/arm-none-eabi/9.2.1/../../../../arm-none-eabi/lib/thumb/v6-m/nofp\libcr_c.a(memset.o)
 .comment       0x00000079       0x7a c:/nxp/mcuxpressoide_11.2.1_4149/ide/plugins/com.nxp.mcuxpresso.tools.win32_11.2.0.202008311134/tools/bin/../lib/gcc/arm-none-eabi/9.2.1/../../../../arm-none-eabi/lib/thumb/v6-m/nofp\libcr_c.a(_deferredlazyseek.o)
 .comment       0x00000079       0x7a c:/nxp/mcuxpressoide_11.2.1_4149/ide/plugins/com.nxp.mcuxpresso.tools.win32_11.2.0.202008311134/tools/bin/../lib/gcc/arm-none-eabi/9.2.1/../../../../arm-none-eabi/lib/thumb/v6-m/nofp\libcr_c.a(_fflush.o)
 .comment       0x00000079       0x7a c:/nxp/mcuxpressoide_11.2.1_4149/ide/plugins/com.nxp.mcuxpresso.tools.win32_11.2.0.202008311134/tools/bin/../lib/gcc/arm-none-eabi/9.2.1/../../../../arm-none-eabi/lib/thumb/v6-m/nofp\libcr_c.a(_writebuf.o)
 .comment       0x00000079       0x7a c:/nxp/mcuxpressoide_11.2.1_4149/ide/plugins/com.nxp.mcuxpresso.tools.win32_11.2.0.202008311134/tools/bin/../lib/gcc/arm-none-eabi/9.2.1/../../../../arm-none-eabi/lib/thumb/v6-m/nofp\libcr_c.a(alloc.o)
 .comment       0x00000079       0x7a c:/nxp/mcuxpressoide_11.2.1_4149/ide/plugins/com.nxp.mcuxpresso.tools.win32_11.2.0.202008311134/tools/bin/../lib/gcc/arm-none-eabi/9.2.1/../../../../arm-none-eabi/lib/thumb/v6-m/nofp\libcr_c.a(fputs.o)
 .comment       0x00000079       0x7a c:/nxp/mcuxpressoide_11.2.1_4149/ide/plugins/com.nxp.mcuxpresso.tools.win32_11.2.0.202008311134/tools/bin/../lib/gcc/arm-none-eabi/9.2.1/../../../../arm-none-eabi/lib/thumb/v6-m/nofp\libcr_c.a(fseek.o)
 .comment       0x00000079       0x7a c:/nxp/mcuxpressoide_11.2.1_4149/ide/plugins/com.nxp.mcuxpresso.tools.win32_11.2.0.202008311134/tools/bin/../lib/gcc/arm-none-eabi/9.2.1/../../../../arm-none-eabi/lib/thumb/v6-m/nofp\libcr_c.a(ftell.o)
 .comment       0x00000079       0x7a c:/nxp/mcuxpressoide_11.2.1_4149/ide/plugins/com.nxp.mcuxpresso.tools.win32_11.2.0.202008311134/tools/bin/../lib/gcc/arm-none-eabi/9.2.1/../../../../arm-none-eabi/lib/thumb/v6-m/nofp\libcr_c.a(initio.o)
 .comment       0x00000079       0x7a c:/nxp/mcuxpressoide_11.2.1_4149/ide/plugins/com.nxp.mcuxpresso.tools.win32_11.2.0.202008311134/tools/bin/../lib/gcc/arm-none-eabi/9.2.1/../../../../arm-none-eabi/lib/thumb/v6-m/nofp\libcr_c.a(printf.o)
 .comment       0x00000079       0x7a c:/nxp/mcuxpressoide_11.2.1_4149/ide/plugins/com.nxp.mcuxpresso.tools.win32_11.2.0.202008311134/tools/bin/../lib/gcc/arm-none-eabi/9.2.1/../../../../arm-none-eabi/lib/thumb/v6-m/nofp\libcr_c.a(setvbuf.o)
 .comment       0x00000079       0x7a c:/nxp/mcuxpressoide_11.2.1_4149/ide/plugins/com.nxp.mcuxpresso.tools.win32_11.2.0.202008311134/tools/bin/../lib/gcc/arm-none-eabi/9.2.1/../../../../arm-none-eabi/lib/thumb/v6-m/nofp\libcr_c.a(strlen.o)
 .comment       0x00000079       0x7a c:/nxp/mcuxpressoide_11.2.1_4149/ide/plugins/com.nxp.mcuxpresso.tools.win32_11.2.0.202008311134/tools/bin/../lib/gcc/arm-none-eabi/9.2.1/../../../../arm-none-eabi/lib/thumb/v6-m/nofp\libcr_c.a(__init_alloc.o)
 .comment       0x00000079       0x7a c:/nxp/mcuxpressoide_11.2.1_4149/ide/plugins/com.nxp.mcuxpresso.tools.win32_11.2.0.202008311134/tools/bin/../lib/gcc/arm-none-eabi/9.2.1/../../../../arm-none-eabi/lib/thumb/v6-m/nofp\libcr_c.a(_cr_sbrk.o)
 .comment       0x00000079       0x7a c:/nxp/mcuxpressoide_11.2.1_4149/ide/plugins/com.nxp.mcuxpresso.tools.win32_11.2.0.202008311134/tools/bin/../lib/gcc/arm-none-eabi/9.2.1/../../../../arm-none-eabi/lib/thumb/v6-m/nofp\libcr_c.a(_fdopen.o)
 .comment       0x00000079       0x7a c:/nxp/mcuxpressoide_11.2.1_4149/ide/plugins/com.nxp.mcuxpresso.tools.win32_11.2.0.202008311134/tools/bin/../lib/gcc/arm-none-eabi/9.2.1/../../../../arm-none-eabi/lib/thumb/v6-m/nofp\libcr_c.a(errno.o)
 .comment       0x00000079       0x7a c:/nxp/mcuxpressoide_11.2.1_4149/ide/plugins/com.nxp.mcuxpresso.tools.win32_11.2.0.202008311134/tools/bin/../lib/gcc/arm-none-eabi/9.2.1/../../../../arm-none-eabi/lib/thumb/v6-m/nofp\libcr_c.a(fclose.o)
 .comment       0x00000079       0x7a c:/nxp/mcuxpressoide_11.2.1_4149/ide/plugins/com.nxp.mcuxpresso.tools.win32_11.2.0.202008311134/tools/bin/../lib/gcc/arm-none-eabi/9.2.1/../../../../arm-none-eabi/lib/thumb/v6-m/nofp\libcr_c.a(fflush.o)
 .comment       0x00000079       0x7a c:/nxp/mcuxpressoide_11.2.1_4149/ide/plugins/com.nxp.mcuxpresso.tools.win32_11.2.0.202008311134/tools/bin/../lib/gcc/arm-none-eabi/9.2.1/../../../../arm-none-eabi/lib/thumb/v6-m/nofp\libcr_c.a(remove.o)
 .comment       0x00000079       0x7a c:/nxp/mcuxpressoide_11.2.1_4149/ide/plugins/com.nxp.mcuxpresso.tools.win32_11.2.0.202008311134/tools/bin/../lib/gcc/arm-none-eabi/9.2.1/../../../../arm-none-eabi/lib/thumb/v6-m/nofp\libcr_c.a(_cr_check_heap.o)
 .comment       0x00000079       0x7a c:/nxp/mcuxpressoide_11.2.1_4149/ide/plugins/com.nxp.mcuxpresso.tools.win32_11.2.0.202008311134/tools/bin/../lib/gcc/arm-none-eabi/9.2.1/../../../../arm-none-eabi/lib/thumb/v6-m/nofp\libcr_c.a(_do_fflush.o)

.ARM.attributes
                0x00000000       0x2a
 .ARM.attributes
                0x00000000       0x2c ./utilities/fsl_debug_console.o
 .ARM.attributes
                0x0000002c       0x2c ./startup/startup_mkl25z4.o
 .ARM.attributes
                0x00000058       0x2c ./source/main.o
 .ARM.attributes
                0x00000084       0x32 ./source/mtb.o
 .ARM.attributes
                0x000000b6       0x2c ./source/semihost_hardfault.o
 .ARM.attributes
                0x000000e2       0x2c ./drivers/fsl_adc16.o
 .ARM.attributes
                0x0000010e       0x2c ./drivers/fsl_clock.o
 .ARM.attributes
                0x0000013a       0x2c ./drivers/fsl_lpsci.o
 .ARM.attributes
                0x00000166       0x2c ./drivers/fsl_tpm.o
 .ARM.attributes
                0x00000192       0x2c ./drivers/fsl_uart.o
 .ARM.attributes
                0x000001be       0x2c ./board/board.o
 .ARM.attributes
                0x000001ea       0x2c ./board/clock_config.o
 .ARM.attributes
                0x00000216       0x2c ./board/peripherals.o
 .ARM.attributes
                0x00000242       0x2c ./board/pin_mux.o
 .ARM.attributes
                0x0000026e       0x2c ./CMSIS/system_MKL25Z4.o
 .ARM.attributes
                0x0000029a       0x2c c:/nxp/mcuxpressoide_11.2.1_4149/ide/plugins/com.nxp.mcuxpresso.tools.win32_11.2.0.202008311134/tools/bin/../lib/gcc/arm-none-eabi/9.2.1/../../../../arm-none-eabi/lib/thumb/v6-m/nofp\libcr_semihost_nf.a(_cr__main.o)
 .ARM.attributes
                0x000002c6       0x2c c:/nxp/mcuxpressoide_11.2.1_4149/ide/plugins/com.nxp.mcuxpresso.tools.win32_11.2.0.202008311134/tools/bin/../lib/gcc/arm-none-eabi/9.2.1/../../../../arm-none-eabi/lib/thumb/v6-m/nofp\libcr_semihost_nf.a(_cr_assert.o)
 .ARM.attributes
                0x000002f2       0x31 c:/nxp/mcuxpressoide_11.2.1_4149/ide/plugins/com.nxp.mcuxpresso.tools.win32_11.2.0.202008311134/tools/bin/../lib/gcc/arm-none-eabi/9.2.1/../../../../arm-none-eabi/lib/thumb/v6-m/nofp\libcr_semihost_nf.a(__ciob.o)
 .ARM.attributes
                0x00000323       0x1c c:/nxp/mcuxpressoide_11.2.1_4149/ide/plugins/com.nxp.mcuxpresso.tools.win32_11.2.0.202008311134/tools/bin/../lib/gcc/arm-none-eabi/9.2.1/../../../../arm-none-eabi/lib/thumb/v6-m/nofp\libcr_semihost_nf.a(__sys_appexit.o)
 .ARM.attributes
                0x0000033f       0x2c c:/nxp/mcuxpressoide_11.2.1_4149/ide/plugins/com.nxp.mcuxpresso.tools.win32_11.2.0.202008311134/tools/bin/../lib/gcc/arm-none-eabi/9.2.1/../../../../arm-none-eabi/lib/thumb/v6-m/nofp\libcr_c.a(memset.o)
 .ARM.attributes
                0x0000036b       0x2c c:/nxp/mcuxpressoide_11.2.1_4149/ide/plugins/com.nxp.mcuxpresso.tools.win32_11.2.0.202008311134/tools/bin/../lib/gcc/arm-none-eabi/9.2.1/../../../../arm-none-eabi/lib/thumb/v6-m/nofp\libcr_c.a(_deferredlazyseek.o)
 .ARM.attributes
                0x00000397       0x2c c:/nxp/mcuxpressoide_11.2.1_4149/ide/plugins/com.nxp.mcuxpresso.tools.win32_11.2.0.202008311134/tools/bin/../lib/gcc/arm-none-eabi/9.2.1/../../../../arm-none-eabi/lib/thumb/v6-m/nofp\libcr_c.a(_fflush.o)
 .ARM.attributes
                0x000003c3       0x2c c:/nxp/mcuxpressoide_11.2.1_4149/ide/plugins/com.nxp.mcuxpresso.tools.win32_11.2.0.202008311134/tools/bin/../lib/gcc/arm-none-eabi/9.2.1/../../../../arm-none-eabi/lib/thumb/v6-m/nofp\libcr_c.a(_writebuf.o)
 .ARM.attributes
                0x000003ef       0x2c c:/nxp/mcuxpressoide_11.2.1_4149/ide/plugins/com.nxp.mcuxpresso.tools.win32_11.2.0.202008311134/tools/bin/../lib/gcc/arm-none-eabi/9.2.1/../../../../arm-none-eabi/lib/thumb/v6-m/nofp\libcr_c.a(alloc.o)
 .ARM.attributes
                0x0000041b       0x2c c:/nxp/mcuxpressoide_11.2.1_4149/ide/plugins/com.nxp.mcuxpresso.tools.win32_11.2.0.202008311134/tools/bin/../lib/gcc/arm-none-eabi/9.2.1/../../../../arm-none-eabi/lib/thumb/v6-m/nofp\libcr_c.a(fputs.o)
 .ARM.attributes
                0x00000447       0x2c c:/nxp/mcuxpressoide_11.2.1_4149/ide/plugins/com.nxp.mcuxpresso.tools.win32_11.2.0.202008311134/tools/bin/../lib/gcc/arm-none-eabi/9.2.1/../../../../arm-none-eabi/lib/thumb/v6-m/nofp\libcr_c.a(fseek.o)
 .ARM.attributes
                0x00000473       0x2c c:/nxp/mcuxpressoide_11.2.1_4149/ide/plugins/com.nxp.mcuxpresso.tools.win32_11.2.0.202008311134/tools/bin/../lib/gcc/arm-none-eabi/9.2.1/../../../../arm-none-eabi/lib/thumb/v6-m/nofp\libcr_c.a(ftell.o)
 .ARM.attributes
                0x0000049f       0x2c c:/nxp/mcuxpressoide_11.2.1_4149/ide/plugins/com.nxp.mcuxpresso.tools.win32_11.2.0.202008311134/tools/bin/../lib/gcc/arm-none-eabi/9.2.1/../../../../arm-none-eabi/lib/thumb/v6-m/nofp\libcr_c.a(initio.o)
 .ARM.attributes
                0x000004cb       0x2c c:/nxp/mcuxpressoide_11.2.1_4149/ide/plugins/com.nxp.mcuxpresso.tools.win32_11.2.0.202008311134/tools/bin/../lib/gcc/arm-none-eabi/9.2.1/../../../../arm-none-eabi/lib/thumb/v6-m/nofp\libcr_c.a(printf.o)
 .ARM.attributes
                0x000004f7       0x2c c:/nxp/mcuxpressoide_11.2.1_4149/ide/plugins/com.nxp.mcuxpresso.tools.win32_11.2.0.202008311134/tools/bin/../lib/gcc/arm-none-eabi/9.2.1/../../../../arm-none-eabi/lib/thumb/v6-m/nofp\libcr_c.a(setvbuf.o)
 .ARM.attributes
                0x00000523       0x2c c:/nxp/mcuxpressoide_11.2.1_4149/ide/plugins/com.nxp.mcuxpresso.tools.win32_11.2.0.202008311134/tools/bin/../lib/gcc/arm-none-eabi/9.2.1/../../../../arm-none-eabi/lib/thumb/v6-m/nofp\libcr_c.a(strlen.o)
 .ARM.attributes
                0x0000054f       0x2c c:/nxp/mcuxpressoide_11.2.1_4149/ide/plugins/com.nxp.mcuxpresso.tools.win32_11.2.0.202008311134/tools/bin/../lib/gcc/arm-none-eabi/9.2.1/../../../../arm-none-eabi/lib/thumb/v6-m/nofp\libcr_c.a(__init_alloc.o)
 .ARM.attributes
                0x0000057b       0x2c c:/nxp/mcuxpressoide_11.2.1_4149/ide/plugins/com.nxp.mcuxpresso.tools.win32_11.2.0.202008311134/tools/bin/../lib/gcc/arm-none-eabi/9.2.1/../../../../arm-none-eabi/lib/thumb/v6-m/nofp\libcr_c.a(_cr_sbrk.o)
 .ARM.attributes
                0x000005a7       0x2c c:/nxp/mcuxpressoide_11.2.1_4149/ide/plugins/com.nxp.mcuxpresso.tools.win32_11.2.0.202008311134/tools/bin/../lib/gcc/arm-none-eabi/9.2.1/../../../../arm-none-eabi/lib/thumb/v6-m/nofp\libcr_c.a(_fdopen.o)
 .ARM.attributes
                0x000005d3       0x31 c:/nxp/mcuxpressoide_11.2.1_4149/ide/plugins/com.nxp.mcuxpresso.tools.win32_11.2.0.202008311134/tools/bin/../lib/gcc/arm-none-eabi/9.2.1/../../../../arm-none-eabi/lib/thumb/v6-m/nofp\libcr_c.a(errno.o)
 .ARM.attributes
                0x00000604       0x2c c:/nxp/mcuxpressoide_11.2.1_4149/ide/plugins/com.nxp.mcuxpresso.tools.win32_11.2.0.202008311134/tools/bin/../lib/gcc/arm-none-eabi/9.2.1/../../../../arm-none-eabi/lib/thumb/v6-m/nofp\libcr_c.a(fclose.o)
 .ARM.attributes
                0x00000630       0x2c c:/nxp/mcuxpressoide_11.2.1_4149/ide/plugins/com.nxp.mcuxpresso.tools.win32_11.2.0.202008311134/tools/bin/../lib/gcc/arm-none-eabi/9.2.1/../../../../arm-none-eabi/lib/thumb/v6-m/nofp\libcr_c.a(fflush.o)
 .ARM.attributes
                0x0000065c       0x2c c:/nxp/mcuxpressoide_11.2.1_4149/ide/plugins/com.nxp.mcuxpresso.tools.win32_11.2.0.202008311134/tools/bin/../lib/gcc/arm-none-eabi/9.2.1/../../../../arm-none-eabi/lib/thumb/v6-m/nofp\libcr_c.a(remove.o)
 .ARM.attributes
                0x00000688       0x2c c:/nxp/mcuxpressoide_11.2.1_4149/ide/plugins/com.nxp.mcuxpresso.tools.win32_11.2.0.202008311134/tools/bin/../lib/gcc/arm-none-eabi/9.2.1/../../../../arm-none-eabi/lib/thumb/v6-m/nofp\libcr_c.a(_cr_check_heap.o)
 .ARM.attributes
                0x000006b4       0x2c c:/nxp/mcuxpressoide_11.2.1_4149/ide/plugins/com.nxp.mcuxpresso.tools.win32_11.2.0.202008311134/tools/bin/../lib/gcc/arm-none-eabi/9.2.1/../../../../arm-none-eabi/lib/thumb/v6-m/nofp\libcr_c.a(_do_fflush.o)
 .ARM.attributes
                0x000006e0       0x1c c:/nxp/mcuxpressoide_11.2.1_4149/ide/plugins/com.nxp.mcuxpresso.tools.win32_11.2.0.202008311134/tools/bin/../lib/gcc/arm-none-eabi/9.2.1/thumb/v6-m/nofp\libcr_eabihelpers.a(division_32.o)
 .ARM.attributes
                0x000006fc       0x1c c:/nxp/mcuxpressoide_11.2.1_4149/ide/plugins/com.nxp.mcuxpresso.tools.win32_11.2.0.202008311134/tools/bin/../lib/gcc/arm-none-eabi/9.2.1/thumb/v6-m/nofp\libcr_eabihelpers.a(division_idiv0.o)
 .ARM.attributes
                0x00000718       0x1c c:/nxp/mcuxpressoide_11.2.1_4149/ide/plugins/com.nxp.mcuxpresso.tools.win32_11.2.0.202008311134/tools/bin/../lib/gcc/arm-none-eabi/9.2.1/thumb/v6-m/nofp\libcr_eabihelpers.a(llong.o)
 .ARM.attributes
                0x00000734       0x1c c:/nxp/mcuxpressoide_11.2.1_4149/ide/plugins/com.nxp.mcuxpresso.tools.win32_11.2.0.202008311134/tools/bin/../lib/gcc/arm-none-eabi/9.2.1/thumb/v6-m/nofp\libcr_eabihelpers.a(memcpy.o)
 .ARM.attributes
                0x00000750       0x1c c:/nxp/mcuxpressoide_11.2.1_4149/ide/plugins/com.nxp.mcuxpresso.tools.win32_11.2.0.202008311134/tools/bin/../lib/gcc/arm-none-eabi/9.2.1/thumb/v6-m/nofp\libcr_eabihelpers.a(thumb1_switch_helpers.o)
 .ARM.attributes
                0x0000076c       0x1c c:/nxp/mcuxpressoide_11.2.1_4149/ide/plugins/com.nxp.mcuxpresso.tools.win32_11.2.0.202008311134/tools/bin/../lib/gcc/arm-none-eabi/9.2.1/../../../../arm-none-eabi/lib/thumb/v6-m/nofp\libcr_semihost_nf.a(__sys_close.o)
 .ARM.attributes
                0x00000788       0x1c c:/nxp/mcuxpressoide_11.2.1_4149/ide/plugins/com.nxp.mcuxpresso.tools.win32_11.2.0.202008311134/tools/bin/../lib/gcc/arm-none-eabi/9.2.1/../../../../arm-none-eabi/lib/thumb/v6-m/nofp\libcr_semihost_nf.a(__sys_flen.o)
 .ARM.attributes
                0x000007a4       0x1c c:/nxp/mcuxpressoide_11.2.1_4149/ide/plugins/com.nxp.mcuxpresso.tools.win32_11.2.0.202008311134/tools/bin/../lib/gcc/arm-none-eabi/9.2.1/../../../../arm-none-eabi/lib/thumb/v6-m/nofp\libcr_semihost_nf.a(__sys_istty.o)
 .ARM.attributes
                0x000007c0       0x1c c:/nxp/mcuxpressoide_11.2.1_4149/ide/plugins/com.nxp.mcuxpresso.tools.win32_11.2.0.202008311134/tools/bin/../lib/gcc/arm-none-eabi/9.2.1/../../../../arm-none-eabi/lib/thumb/v6-m/nofp\libcr_semihost_nf.a(__sys_remove.o)
 .ARM.attributes
                0x000007dc       0x1c c:/nxp/mcuxpressoide_11.2.1_4149/ide/plugins/com.nxp.mcuxpresso.tools.win32_11.2.0.202008311134/tools/bin/../lib/gcc/arm-none-eabi/9.2.1/../../../../arm-none-eabi/lib/thumb/v6-m/nofp\libcr_semihost_nf.a(__sys_seek.o)
 .ARM.attributes
                0x000007f8       0x1c c:/nxp/mcuxpressoide_11.2.1_4149/ide/plugins/com.nxp.mcuxpresso.tools.win32_11.2.0.202008311134/tools/bin/../lib/gcc/arm-none-eabi/9.2.1/../../../../arm-none-eabi/lib/thumb/v6-m/nofp\libcr_semihost_nf.a(__sys_tmpnam.o)
 .ARM.attributes
                0x00000814       0x1c c:/nxp/mcuxpressoide_11.2.1_4149/ide/plugins/com.nxp.mcuxpresso.tools.win32_11.2.0.202008311134/tools/bin/../lib/gcc/arm-none-eabi/9.2.1/../../../../arm-none-eabi/lib/thumb/v6-m/nofp\libcr_semihost_nf.a(__sys_write.o)

.debug_frame    0x00000000     0x1b30
 .debug_frame   0x00000000       0xcc ./utilities/fsl_debug_console.o
 .debug_frame   0x000000cc      0x3b0 ./startup/startup_mkl25z4.o
 .debug_frame   0x0000047c      0x14c ./source/main.o
 .debug_frame   0x000005c8       0x20 ./source/semihost_hardfault.o
 .debug_frame   0x000005e8      0x1d0 ./drivers/fsl_adc16.o
 .debug_frame   0x000007b8      0x6e0 ./drivers/fsl_clock.o
 .debug_frame   0x00000e98      0x414 ./drivers/fsl_lpsci.o
 .debug_frame   0x000012ac      0x1d0 ./drivers/fsl_tpm.o
 .debug_frame   0x0000147c      0x464 ./drivers/fsl_uart.o
 .debug_frame   0x000018e0       0x50 ./board/board.o
 .debug_frame   0x00001930      0x100 ./board/clock_config.o
 .debug_frame   0x00001a30       0x2c ./board/peripherals.o
 .debug_frame   0x00001a5c       0x88 ./board/pin_mux.o
 .debug_frame   0x00001ae4       0x4c ./CMSIS/system_MKL25Z4.o

Cross Reference Table

Symbol                                            File
ADC0_DriverIRQHandler                             ./startup/startup_mkl25z4.o
ADC0_IRQHandler                                   ./source/main.o
                                                  ./startup/startup_mkl25z4.o
ADC16_ClearStatusFlags                            ./drivers/fsl_adc16.o
ADC16_Deinit                                      ./drivers/fsl_adc16.o
ADC16_DoAutoCalibration                           ./drivers/fsl_adc16.o
                                                  ./source/main.o
ADC16_GetChannelStatusFlags                       ./drivers/fsl_adc16.o
                                                  ./source/main.o
ADC16_GetDefaultConfig                            ./drivers/fsl_adc16.o
                                                  ./source/main.o
ADC16_GetStatusFlags                              ./drivers/fsl_adc16.o
ADC16_Init                                        ./drivers/fsl_adc16.o
                                                  ./source/main.o
ADC16_SetChannelConfig                            ./drivers/fsl_adc16.o
                                                  ./source/main.o
ADC16_SetChannelMuxMode                           ./drivers/fsl_adc16.o
ADC16_SetHardwareAverage                          ./drivers/fsl_adc16.o
ADC16_SetHardwareCompareConfig                    ./drivers/fsl_adc16.o
BOARD_BootClockRUN                                ./board/clock_config.o
BOARD_BootClockVLPR                               ./board/clock_config.o
BOARD_ConfigADCTriggerSource                      ./source/main.o
BOARD_InitBootClocks                              ./board/clock_config.o
                                                  ./source/main.o
BOARD_InitBootPeripherals                         ./board/peripherals.o
                                                  ./source/main.o
BOARD_InitBootPins                                ./board/pin_mux.o
                                                  ./source/main.o
BOARD_InitDebugConsole                            ./board/board.o
                                                  ./source/main.o
BOARD_InitPins                                    ./board/pin_mux.o
CLOCK_BootToBlpeMode                              ./drivers/fsl_clock.o
CLOCK_BootToBlpiMode                              ./drivers/fsl_clock.o
                                                  ./board/clock_config.o
CLOCK_BootToFeeMode                               ./drivers/fsl_clock.o
CLOCK_BootToFeiMode                               ./drivers/fsl_clock.o
CLOCK_BootToPeeMode                               ./drivers/fsl_clock.o
                                                  ./board/clock_config.o
CLOCK_CalcPllDiv                                  ./drivers/fsl_clock.o
CLOCK_ClearStatusFlags                            ./drivers/fsl_clock.o
CLOCK_DeinitOsc0                                  ./drivers/fsl_clock.o
CLOCK_EnablePll0                                  ./drivers/fsl_clock.o
CLOCK_EnableUsbfs0Clock                           ./drivers/fsl_clock.o
CLOCK_ExternalModeToFbeModeQuick                  ./drivers/fsl_clock.o
CLOCK_FllStableDelay                              ./drivers/fsl_clock.o
CLOCK_GetBusClkFreq                               ./drivers/fsl_clock.o
CLOCK_GetCoreSysClkFreq                           ./drivers/fsl_clock.o
CLOCK_GetEr32kClkFreq                             ./drivers/fsl_clock.o
CLOCK_GetFixedFreqClkFreq                         ./drivers/fsl_clock.o
CLOCK_GetFlashClkFreq                             ./drivers/fsl_clock.o
CLOCK_GetFllFreq                                  ./drivers/fsl_clock.o
CLOCK_GetFreq                                     ./drivers/fsl_clock.o
CLOCK_GetInternalRefClkFreq                       ./drivers/fsl_clock.o
CLOCK_GetMode                                     ./drivers/fsl_clock.o
CLOCK_GetOsc0ErClkFreq                            ./drivers/fsl_clock.o
CLOCK_GetOutClkFreq                               ./drivers/fsl_clock.o
CLOCK_GetPlatClkFreq                              ./drivers/fsl_clock.o
CLOCK_GetPll0Freq                                 ./drivers/fsl_clock.o
CLOCK_GetPllFllSelClkFreq                         ./drivers/fsl_clock.o
                                                  ./board/board.o
CLOCK_GetStatusFlags                              ./drivers/fsl_clock.o
CLOCK_InitOsc0                                    ./drivers/fsl_clock.o
                                                  ./board/clock_config.o
CLOCK_InternalModeToFbiModeQuick                  ./drivers/fsl_clock.o
CLOCK_SetBlpeMode                                 ./drivers/fsl_clock.o
CLOCK_SetBlpiMode                                 ./drivers/fsl_clock.o
CLOCK_SetExternalRefClkConfig                     ./drivers/fsl_clock.o
CLOCK_SetFbeMode                                  ./drivers/fsl_clock.o
CLOCK_SetFbiMode                                  ./drivers/fsl_clock.o
CLOCK_SetFeeMode                                  ./drivers/fsl_clock.o
CLOCK_SetFeiMode                                  ./drivers/fsl_clock.o
CLOCK_SetInternalRefClkConfig                     ./drivers/fsl_clock.o
                                                  ./board/clock_config.o
CLOCK_SetMcgConfig                                ./drivers/fsl_clock.o
CLOCK_SetOsc0MonitorMode                          ./drivers/fsl_clock.o
CLOCK_SetPbeMode                                  ./drivers/fsl_clock.o
CLOCK_SetPeeMode                                  ./drivers/fsl_clock.o
CLOCK_SetPll0MonitorMode                          ./drivers/fsl_clock.o
CLOCK_SetSimConfig                                ./drivers/fsl_clock.o
                                                  ./board/clock_config.o
CLOCK_TrimInternalRefClk                          ./drivers/fsl_clock.o
CMP0_DriverIRQHandler                             ./startup/startup_mkl25z4.o
CMP0_IRQHandler                                   ./startup/startup_mkl25z4.o
DAC0_DriverIRQHandler                             ./startup/startup_mkl25z4.o
DAC0_IRQHandler                                   ./startup/startup_mkl25z4.o
DMA0_DriverIRQHandler                             ./startup/startup_mkl25z4.o
DMA0_IRQHandler                                   ./startup/startup_mkl25z4.o
DMA1_DriverIRQHandler                             ./startup/startup_mkl25z4.o
DMA1_IRQHandler                                   ./startup/startup_mkl25z4.o
DMA2_DriverIRQHandler                             ./startup/startup_mkl25z4.o
DMA2_IRQHandler                                   ./startup/startup_mkl25z4.o
DMA3_DriverIRQHandler                             ./startup/startup_mkl25z4.o
DMA3_IRQHandler                                   ./startup/startup_mkl25z4.o
DbgConsole_Deinit                                 ./utilities/fsl_debug_console.o
DbgConsole_Init                                   ./utilities/fsl_debug_console.o
                                                  ./board/board.o
FLASH_Erase                                       ./drivers/fsl_flash.o
FLASH_EraseAll                                    ./drivers/fsl_flash.o
FLASH_EraseAllExecuteOnlySegments                 ./drivers/fsl_flash.o
FLASH_GetProperty                                 ./drivers/fsl_flash.o
FLASH_GetSecurityState                            ./drivers/fsl_flash.o
FLASH_Init                                        ./drivers/fsl_flash.o
FLASH_IsExecuteOnly                               ./drivers/fsl_flash.o
FLASH_IsProtected                                 ./drivers/fsl_flash.o
FLASH_PflashGetPrefetchSpeculation                ./drivers/fsl_flash.o
FLASH_PflashGetProtection                         ./drivers/fsl_flash.o
FLASH_PflashSetPrefetchSpeculation                ./drivers/fsl_flash.o
                                                  ./drivers/fsl_smc.o
FLASH_PflashSetProtection                         ./drivers/fsl_flash.o
FLASH_PrepareExecuteInRamFunctions                ./drivers/fsl_flash.o
FLASH_Program                                     ./drivers/fsl_flash.o
FLASH_ProgramOnce                                 ./drivers/fsl_flash.o
FLASH_ReadOnce                                    ./drivers/fsl_flash.o
FLASH_ReadResource                                ./drivers/fsl_flash.o
FLASH_SecurityBypass                              ./drivers/fsl_flash.o
FLASH_SetCallback                                 ./drivers/fsl_flash.o
FLASH_SetProperty                                 ./drivers/fsl_flash.o
FLASH_VerifyErase                                 ./drivers/fsl_flash.o
FLASH_VerifyEraseAll                              ./drivers/fsl_flash.o
FLASH_VerifyEraseAllExecuteOnlySegments           ./drivers/fsl_flash.o
FLASH_VerifyProgram                               ./drivers/fsl_flash.o
FTFA_DriverIRQHandler                             ./startup/startup_mkl25z4.o
FTFA_IRQHandler                                   ./startup/startup_mkl25z4.o
Flash_Config                                      ./startup/startup_mkl25z4.o
GPIO_ClearPinsInterruptFlags                      ./drivers/fsl_gpio.o
GPIO_GetPinsInterruptFlags                        ./drivers/fsl_gpio.o
GPIO_PinInit                                      ./drivers/fsl_gpio.o
HardFault_Handler                                 ./source/semihost_hardfault.o
                                                  ./startup/startup_mkl25z4.o
I2C0_DriverIRQHandler                             ./startup/startup_mkl25z4.o
I2C0_IRQHandler                                   ./startup/startup_mkl25z4.o
I2C1_DriverIRQHandler                             ./startup/startup_mkl25z4.o
I2C1_IRQHandler                                   ./startup/startup_mkl25z4.o
InstallIRQHandler                                 ./drivers/fsl_common.o
IntDefaultHandler                                 ./startup/startup_mkl25z4.o
LLWU_DriverIRQHandler                             ./startup/startup_mkl25z4.o
LLWU_IRQHandler                                   ./startup/startup_mkl25z4.o
LPSCI_ClearStatusFlags                            ./drivers/fsl_lpsci.o
LPSCI_Deinit                                      ./drivers/fsl_lpsci.o
                                                  ./utilities/fsl_debug_console.o
LPSCI_DisableInterrupts                           ./drivers/fsl_lpsci.o
LPSCI_EnableInterrupts                            ./drivers/fsl_lpsci.o
LPSCI_GetDefaultConfig                            ./drivers/fsl_lpsci.o
                                                  ./utilities/fsl_debug_console.o
LPSCI_GetEnabledInterrupts                        ./drivers/fsl_lpsci.o
LPSCI_GetInstance                                 ./drivers/fsl_lpsci.o
LPSCI_GetStatusFlags                              ./drivers/fsl_lpsci.o
LPSCI_Init                                        ./drivers/fsl_lpsci.o
                                                  ./utilities/fsl_debug_console.o
LPSCI_ReadBlocking                                ./drivers/fsl_lpsci.o
                                                  ./utilities/fsl_debug_console.o
LPSCI_SetBaudRate                                 ./drivers/fsl_lpsci.o
LPSCI_TransferAbortReceive                        ./drivers/fsl_lpsci.o
LPSCI_TransferAbortSend                           ./drivers/fsl_lpsci.o
LPSCI_TransferCreateHandle                        ./drivers/fsl_lpsci.o
LPSCI_TransferGetReceiveCount                     ./drivers/fsl_lpsci.o
LPSCI_TransferGetSendCount                        ./drivers/fsl_lpsci.o
LPSCI_TransferHandleErrorIRQ                      ./drivers/fsl_lpsci.o
LPSCI_TransferHandleIRQ                           ./drivers/fsl_lpsci.o
LPSCI_TransferReceiveNonBlocking                  ./drivers/fsl_lpsci.o
LPSCI_TransferSendNonBlocking                     ./drivers/fsl_lpsci.o
LPSCI_TransferStartRingBuffer                     ./drivers/fsl_lpsci.o
LPSCI_TransferStopRingBuffer                      ./drivers/fsl_lpsci.o
LPSCI_WriteBlocking                               ./drivers/fsl_lpsci.o
                                                  ./utilities/fsl_debug_console.o
LPTMR0_DriverIRQHandler                           ./startup/startup_mkl25z4.o
LPTMR0_IRQHandler                                 ./startup/startup_mkl25z4.o
LVD_LVW_DriverIRQHandler                          ./startup/startup_mkl25z4.o
LVD_LVW_IRQHandler                                ./startup/startup_mkl25z4.o
MCG_DriverIRQHandler                              ./startup/startup_mkl25z4.o
MCG_IRQHandler                                    ./startup/startup_mkl25z4.o
NMI_Handler                                       ./startup/startup_mkl25z4.o
PIT_DriverIRQHandler                              ./startup/startup_mkl25z4.o
PIT_IRQHandler                                    ./startup/startup_mkl25z4.o
PORTA_DriverIRQHandler                            ./startup/startup_mkl25z4.o
PORTA_IRQHandler                                  ./startup/startup_mkl25z4.o
PORTD_DriverIRQHandler                            ./startup/startup_mkl25z4.o
PORTD_IRQHandler                                  ./startup/startup_mkl25z4.o
PendSV_Handler                                    ./startup/startup_mkl25z4.o
RTC_DriverIRQHandler                              ./startup/startup_mkl25z4.o
RTC_IRQHandler                                    ./startup/startup_mkl25z4.o
RTC_Seconds_DriverIRQHandler                      ./startup/startup_mkl25z4.o
RTC_Seconds_IRQHandler                            ./startup/startup_mkl25z4.o
Reserved20_DriverIRQHandler                       ./startup/startup_mkl25z4.o
Reserved20_IRQHandler                             ./startup/startup_mkl25z4.o
Reserved39_DriverIRQHandler                       ./startup/startup_mkl25z4.o
Reserved39_IRQHandler                             ./startup/startup_mkl25z4.o
Reserved45_DriverIRQHandler                       ./startup/startup_mkl25z4.o
Reserved45_IRQHandler                             ./startup/startup_mkl25z4.o
ResetISR                                          ./startup/startup_mkl25z4.o
SMC_PostExitStopModes                             ./drivers/fsl_smc.o
SMC_PreEnterStopModes                             ./drivers/fsl_smc.o
SMC_SetPowerModeLls                               ./drivers/fsl_smc.o
SMC_SetPowerModeRun                               ./drivers/fsl_smc.o
SMC_SetPowerModeStop                              ./drivers/fsl_smc.o
SMC_SetPowerModeVlls                              ./drivers/fsl_smc.o
SMC_SetPowerModeVlpr                              ./drivers/fsl_smc.o
                                                  ./board/clock_config.o
SMC_SetPowerModeVlps                              ./drivers/fsl_smc.o
SMC_SetPowerModeVlpw                              ./drivers/fsl_smc.o
SMC_SetPowerModeWait                              ./drivers/fsl_smc.o
SPI0_DriverIRQHandler                             ./startup/startup_mkl25z4.o
SPI0_IRQHandler                                   ./startup/startup_mkl25z4.o
SPI1_DriverIRQHandler                             ./startup/startup_mkl25z4.o
SPI1_IRQHandler                                   ./startup/startup_mkl25z4.o
SVC_Handler                                       ./startup/startup_mkl25z4.o
SysTick_Handler                                   ./startup/startup_mkl25z4.o
SystemCoreClock                                   ./CMSIS/system_MKL25Z4.o
                                                  ./board/clock_config.o
SystemCoreClockUpdate                             ./CMSIS/system_MKL25Z4.o
SystemInit                                        ./CMSIS/system_MKL25Z4.o
                                                  ./startup/startup_mkl25z4.o
TPM0_DriverIRQHandler                             ./startup/startup_mkl25z4.o
TPM0_IRQHandler                                   ./startup/startup_mkl25z4.o
TPM1_DriverIRQHandler                             ./startup/startup_mkl25z4.o
TPM1_IRQHandler                                   ./startup/startup_mkl25z4.o
TPM2_DriverIRQHandler                             ./startup/startup_mkl25z4.o
TPM2_IRQHandler                                   ./startup/startup_mkl25z4.o
TPM_Deinit                                        ./drivers/fsl_tpm.o
TPM_DisableInterrupts                             ./drivers/fsl_tpm.o
TPM_EnableInterrupts                              ./drivers/fsl_tpm.o
                                                  ./source/main.o
TPM_GetDefaultConfig                              ./drivers/fsl_tpm.o
                                                  ./source/main.o
TPM_GetEnabledInterrupts                          ./drivers/fsl_tpm.o
TPM_Init                                          ./drivers/fsl_tpm.o
                                                  ./source/main.o
TPM_SetupInputCapture                             ./drivers/fsl_tpm.o
TPM_SetupOutputCompare                            ./drivers/fsl_tpm.o
TPM_SetupPwm                                      ./drivers/fsl_tpm.o
TPM_UpdateChnlEdgeLevelSelect                     ./drivers/fsl_tpm.o
TPM_UpdatePwmDutycycle                            ./drivers/fsl_tpm.o
TSI0_DriverIRQHandler                             ./startup/startup_mkl25z4.o
TSI0_IRQHandler                                   ./startup/startup_mkl25z4.o
UART0_DriverIRQHandler                            ./drivers/fsl_lpsci.o
                                                  ./startup/startup_mkl25z4.o
UART0_IRQHandler                                  ./startup/startup_mkl25z4.o
UART1_DriverIRQHandler                            ./drivers/fsl_uart.o
                                                  ./startup/startup_mkl25z4.o
UART1_IRQHandler                                  ./startup/startup_mkl25z4.o
UART1_RX_TX_DriverIRQHandler                      ./drivers/fsl_uart.o
UART2_DriverIRQHandler                            ./drivers/fsl_uart.o
                                                  ./startup/startup_mkl25z4.o
UART2_IRQHandler                                  ./startup/startup_mkl25z4.o
UART2_RX_TX_DriverIRQHandler                      ./drivers/fsl_uart.o
UART_ClearStatusFlags                             ./drivers/fsl_uart.o
UART_Deinit                                       ./drivers/fsl_uart.o
                                                  ./utilities/fsl_debug_console.o
UART_DisableInterrupts                            ./drivers/fsl_uart.o
UART_EnableInterrupts                             ./drivers/fsl_uart.o
UART_GetDefaultConfig                             ./drivers/fsl_uart.o
                                                  ./utilities/fsl_debug_console.o
UART_GetEnabledInterrupts                         ./drivers/fsl_uart.o
UART_GetInstance                                  ./drivers/fsl_uart.o
UART_GetStatusFlags                               ./drivers/fsl_uart.o
UART_Init                                         ./drivers/fsl_uart.o
                                                  ./utilities/fsl_debug_console.o
UART_ReadBlocking                                 ./drivers/fsl_uart.o
                                                  ./utilities/fsl_debug_console.o
UART_SetBaudRate                                  ./drivers/fsl_uart.o
UART_TransferAbortReceive                         ./drivers/fsl_uart.o
UART_TransferAbortSend                            ./drivers/fsl_uart.o
UART_TransferCreateHandle                         ./drivers/fsl_uart.o
UART_TransferGetReceiveCount                      ./drivers/fsl_uart.o
UART_TransferGetSendCount                         ./drivers/fsl_uart.o
UART_TransferHandleErrorIRQ                       ./drivers/fsl_uart.o
UART_TransferHandleIRQ                            ./drivers/fsl_uart.o
UART_TransferReceiveNonBlocking                   ./drivers/fsl_uart.o
UART_TransferSendNonBlocking                      ./drivers/fsl_uart.o
UART_TransferStartRingBuffer                      ./drivers/fsl_uart.o
UART_TransferStopRingBuffer                       ./drivers/fsl_uart.o
UART_WriteBlocking                                ./drivers/fsl_uart.o
                                                  ./utilities/fsl_debug_console.o
USB0_DriverIRQHandler                             ./startup/startup_mkl25z4.o
USB0_IRQHandler                                   ./startup/startup_mkl25z4.o
_Csys_alloc                                       c:/nxp/mcuxpressoide_11.2.1_4149/ide/plugins/com.nxp.mcuxpresso.tools.win32_11.2.0.202008311134/tools/bin/../lib/gcc/arm-none-eabi/9.2.1/../../../../arm-none-eabi/lib/thumb/v6-m/nofp\libcr_c.a(alloc.o)
                                                  c:/nxp/mcuxpressoide_11.2.1_4149/ide/plugins/com.nxp.mcuxpresso.tools.win32_11.2.0.202008311134/tools/bin/../lib/gcc/arm-none-eabi/9.2.1/../../../../arm-none-eabi/lib/thumb/v6-m/nofp\libcr_c.a(_deferredlazyseek.o)
_Cwritebuf                                        c:/nxp/mcuxpressoide_11.2.1_4149/ide/plugins/com.nxp.mcuxpresso.tools.win32_11.2.0.202008311134/tools/bin/../lib/gcc/arm-none-eabi/9.2.1/../../../../arm-none-eabi/lib/thumb/v6-m/nofp\libcr_c.a(_writebuf.o)
                                                  c:/nxp/mcuxpressoide_11.2.1_4149/ide/plugins/com.nxp.mcuxpresso.tools.win32_11.2.0.202008311134/tools/bin/../lib/gcc/arm-none-eabi/9.2.1/../../../../arm-none-eabi/lib/thumb/v6-m/nofp\libcr_c.a(_fflush.o)
                                                  c:/nxp/mcuxpressoide_11.2.1_4149/ide/plugins/com.nxp.mcuxpresso.tools.win32_11.2.0.202008311134/tools/bin/../lib/gcc/arm-none-eabi/9.2.1/../../../../arm-none-eabi/lib/thumb/v6-m/nofp\libcr_c.a(_deferredlazyseek.o)
__CR_SEMIHOST                                     c:/nxp/mcuxpressoide_11.2.1_4149/ide/plugins/com.nxp.mcuxpresso.tools.win32_11.2.0.202008311134/tools/bin/../lib/gcc/arm-none-eabi/9.2.1/../../../../arm-none-eabi/lib/thumb/v6-m/nofp\libcr_semihost_nf.a(_cr__main.o)
__Ciob                                            c:/nxp/mcuxpressoide_11.2.1_4149/ide/plugins/com.nxp.mcuxpresso.tools.win32_11.2.0.202008311134/tools/bin/../lib/gcc/arm-none-eabi/9.2.1/../../../../arm-none-eabi/lib/thumb/v6-m/nofp\libcr_semihost_nf.a(__ciob.o)
                                                  c:/nxp/mcuxpressoide_11.2.1_4149/ide/plugins/com.nxp.mcuxpresso.tools.win32_11.2.0.202008311134/tools/bin/../lib/gcc/arm-none-eabi/9.2.1/../../../../arm-none-eabi/lib/thumb/v6-m/nofp\libcr_c.a(fflush.o)
                                                  c:/nxp/mcuxpressoide_11.2.1_4149/ide/plugins/com.nxp.mcuxpresso.tools.win32_11.2.0.202008311134/tools/bin/../lib/gcc/arm-none-eabi/9.2.1/../../../../arm-none-eabi/lib/thumb/v6-m/nofp\libcr_c.a(printf.o)
                                                  c:/nxp/mcuxpressoide_11.2.1_4149/ide/plugins/com.nxp.mcuxpresso.tools.win32_11.2.0.202008311134/tools/bin/../lib/gcc/arm-none-eabi/9.2.1/../../../../arm-none-eabi/lib/thumb/v6-m/nofp\libcr_c.a(initio.o)