fsl_gpio.h:157:20:GPIO_WritePinOutput	24	static
lcd.c:140:13:EnablePulse	8	static
lcd.c:151:13:SetRowOffsets	24	static
lcd.c:160:6:lcd_Init	24	static
lcd.c:252:6:lcd_Clear	8	static
lcd.c:258:6:lcd_Home	8	static
lcd.c:264:6:lcd_SetCursor	24	static
lcd.c:281:6:lcd_NoDisplay	8	static
lcd.c:287:6:lcd_Display	8	static
lcd.c:294:6:lcd_NoCursor	8	static
lcd.c:300:6:lcd_Cursor	8	static
lcd.c:307:6:lcd_NoBlink	8	static
lcd.c:313:6:lcd_Blink	8	static
lcd.c:320:6:lcd_ScrollDisplayLeft	8	static
lcd.c:325:6:lcd_ScrollDisplayRight	8	static
lcd.c:331:6:lcd_LeftToRight	8	static
lcd.c:338:6:lcd_RightToLeft	8	static
lcd.c:345:6:lcd_Autoscroll	8	static
lcd.c:352:6:lcd_NoAutoscroll	8	static
lcd.c:360:6:lcd_CreateChar	24	static
lcd.c:369:6:lcd_CreateBigNumsChars	16	static
lcd.c:380:6:lcd_WriteBigNum	16	static
lcd.c:392:13:lcd_Command	16	static
lcd.c:404:15:lcd_Write	16	static
lcd.c:420:13:WriteBits	24	static
lcd.c:435:6:lcd_WriteString	16	static
