Archive member included to satisfy reference by file (symbol)

c:/nxp/mcuxpressoide_11.0.0_2516/ide/plugins/com.nxp.mcuxpresso.tools.win32_11.0.0.201905131304/tools/bin/../lib/gcc/arm-none-eabi/8.2.1/../../../../arm-none-eabi/lib/thumb/v6-m/nofp\libcr_semihost_nf.a(_cr__main.o)
                              ./startup/startup_mkl25z4.o (__main)
c:/nxp/mcuxpressoide_11.0.0_2516/ide/plugins/com.nxp.mcuxpresso.tools.win32_11.0.0.201905131304/tools/bin/../lib/gcc/arm-none-eabi/8.2.1/../../../../arm-none-eabi/lib/thumb/v6-m/nofp\libcr_semihost_nf.a(_cr_assert.o)
                              ./drivers/fsl_clock.o (__assertion_failed)
c:/nxp/mcuxpressoide_11.0.0_2516/ide/plugins/com.nxp.mcuxpresso.tools.win32_11.0.0.201905131304/tools/bin/../lib/gcc/arm-none-eabi/8.2.1/../../../../arm-none-eabi/lib/thumb/v6-m/nofp\libcr_semihost_nf.a(__ciob.o)
                              c:/nxp/mcuxpressoide_11.0.0_2516/ide/plugins/com.nxp.mcuxpresso.tools.win32_11.0.0.201905131304/tools/bin/../lib/gcc/arm-none-eabi/8.2.1/../../../../arm-none-eabi/lib/thumb/v6-m/nofp\libcr_semihost_nf.a(_cr_assert.o) (__Ciob)
c:/nxp/mcuxpressoide_11.0.0_2516/ide/plugins/com.nxp.mcuxpresso.tools.win32_11.0.0.201905131304/tools/bin/../lib/gcc/arm-none-eabi/8.2.1/../../../../arm-none-eabi/lib/thumb/v6-m/nofp\libcr_semihost_nf.a(__sys_appexit.o)
                              c:/nxp/mcuxpressoide_11.0.0_2516/ide/plugins/com.nxp.mcuxpresso.tools.win32_11.0.0.201905131304/tools/bin/../lib/gcc/arm-none-eabi/8.2.1/../../../../arm-none-eabi/lib/thumb/v6-m/nofp\libcr_semihost_nf.a(_cr_assert.o) (__sys_appexit)
c:/nxp/mcuxpressoide_11.0.0_2516/ide/plugins/com.nxp.mcuxpresso.tools.win32_11.0.0.201905131304/tools/bin/../lib/gcc/arm-none-eabi/8.2.1/../../../../arm-none-eabi/lib/thumb/v6-m/nofp\libcr_c.a(memcpy.o)
                              ./drivers/fsl_flash.o (memcpy)
c:/nxp/mcuxpressoide_11.0.0_2516/ide/plugins/com.nxp.mcuxpresso.tools.win32_11.0.0.201905131304/tools/bin/../lib/gcc/arm-none-eabi/8.2.1/../../../../arm-none-eabi/lib/thumb/v6-m/nofp\libcr_c.a(memset.o)
                              ./drivers/fsl_flash.o (memset)
c:/nxp/mcuxpressoide_11.0.0_2516/ide/plugins/com.nxp.mcuxpresso.tools.win32_11.0.0.201905131304/tools/bin/../lib/gcc/arm-none-eabi/8.2.1/../../../../arm-none-eabi/lib/thumb/v6-m/nofp\libcr_c.a(_deferredlazyseek.o)
                              c:/nxp/mcuxpressoide_11.0.0_2516/ide/plugins/com.nxp.mcuxpresso.tools.win32_11.0.0.201905131304/tools/bin/../lib/gcc/arm-none-eabi/8.2.1/../../../../arm-none-eabi/lib/thumb/v6-m/nofp\libcr_semihost_nf.a(_cr_assert.o) (__flsbuf)
c:/nxp/mcuxpressoide_11.0.0_2516/ide/plugins/com.nxp.mcuxpresso.tools.win32_11.0.0.201905131304/tools/bin/../lib/gcc/arm-none-eabi/8.2.1/../../../../arm-none-eabi/lib/thumb/v6-m/nofp\libcr_c.a(_fflush.o)
                              c:/nxp/mcuxpressoide_11.0.0_2516/ide/plugins/com.nxp.mcuxpresso.tools.win32_11.0.0.201905131304/tools/bin/../lib/gcc/arm-none-eabi/8.2.1/../../../../arm-none-eabi/lib/thumb/v6-m/nofp\libcr_c.a(_deferredlazyseek.o) (_fflush)
c:/nxp/mcuxpressoide_11.0.0_2516/ide/plugins/com.nxp.mcuxpresso.tools.win32_11.0.0.201905131304/tools/bin/../lib/gcc/arm-none-eabi/8.2.1/../../../../arm-none-eabi/lib/thumb/v6-m/nofp\libcr_c.a(_writebuf.o)
                              c:/nxp/mcuxpressoide_11.0.0_2516/ide/plugins/com.nxp.mcuxpresso.tools.win32_11.0.0.201905131304/tools/bin/../lib/gcc/arm-none-eabi/8.2.1/../../../../arm-none-eabi/lib/thumb/v6-m/nofp\libcr_c.a(_deferredlazyseek.o) (_Cwritebuf)
c:/nxp/mcuxpressoide_11.0.0_2516/ide/plugins/com.nxp.mcuxpresso.tools.win32_11.0.0.201905131304/tools/bin/../lib/gcc/arm-none-eabi/8.2.1/../../../../arm-none-eabi/lib/thumb/v6-m/nofp\libcr_c.a(alloc.o)
                              c:/nxp/mcuxpressoide_11.0.0_2516/ide/plugins/com.nxp.mcuxpresso.tools.win32_11.0.0.201905131304/tools/bin/../lib/gcc/arm-none-eabi/8.2.1/../../../../arm-none-eabi/lib/thumb/v6-m/nofp\libcr_c.a(_deferredlazyseek.o) (_Csys_alloc)
c:/nxp/mcuxpressoide_11.0.0_2516/ide/plugins/com.nxp.mcuxpresso.tools.win32_11.0.0.201905131304/tools/bin/../lib/gcc/arm-none-eabi/8.2.1/../../../../arm-none-eabi/lib/thumb/v6-m/nofp\libcr_c.a(fputs.o)
                              c:/nxp/mcuxpressoide_11.0.0_2516/ide/plugins/com.nxp.mcuxpresso.tools.win32_11.0.0.201905131304/tools/bin/../lib/gcc/arm-none-eabi/8.2.1/../../../../arm-none-eabi/lib/thumb/v6-m/nofp\libcr_semihost_nf.a(_cr_assert.o) (fputs)
c:/nxp/mcuxpressoide_11.0.0_2516/ide/plugins/com.nxp.mcuxpresso.tools.win32_11.0.0.201905131304/tools/bin/../lib/gcc/arm-none-eabi/8.2.1/../../../../arm-none-eabi/lib/thumb/v6-m/nofp\libcr_c.a(fseek.o)
                              c:/nxp/mcuxpressoide_11.0.0_2516/ide/plugins/com.nxp.mcuxpresso.tools.win32_11.0.0.201905131304/tools/bin/../lib/gcc/arm-none-eabi/8.2.1/../../../../arm-none-eabi/lib/thumb/v6-m/nofp\libcr_c.a(_deferredlazyseek.o) (fseek)
[...]
Memory Configuration

Name             Origin             Length             Attributes
PROGRAM_FLASH    0x00000000         0x00020000         xr
SRAM             0x1ffff000         0x00004000         xrw
*default*        0x00000000         0xffffffff

Linker script and memory map

LOAD ./utilities/fsl_debug_console.o
LOAD ./startup/startup_mkl25z4.o
LOAD ./source/delayer/delayer.o
LOAD ./source/GPIO_SDK_aula.o
LOAD ./source/mtb.o
LOAD ./source/semihost_hardfault.o
LOAD ./drivers/fsl_clock.o
LOAD ./drivers/fsl_common.o
LOAD ./drivers/fsl_flash.o
LOAD ./drivers/fsl_gpio.o
LOAD ./drivers/fsl_lpsci.o
LOAD ./drivers/fsl_smc.o
LOAD ./drivers/fsl_uart.o
LOAD ./board/board.o
LOAD ./board/clock_config.o
LOAD ./board/peripherals.o
LOAD ./board/pin_mux.o
LOAD ./CMSIS/system_MKL25Z4.o
START GROUP
LOAD c:/nxp/mcuxpressoide_11.0.0_2516/ide/plugins/com.nxp.mcuxpresso.tools.win32_11.0.0.201905131304/tools/bin/../lib/gcc/arm-none-eabi/8.2.1/../../../../arm-none-eabi/lib/thumb/v6-m/nofp\libcr_semihost_nf.a
LOAD c:/nxp/mcuxpressoide_11.0.0_2516/ide/plugins/com.nxp.mcuxpresso.tools.win32_11.0.0.201905131304/tools/bin/../lib/gcc/arm-none-eabi/8.2.1/../../../../arm-none-eabi/lib/thumb/v6-m/nofp\libcr_c.a
LOAD c:/nxp/mcuxpressoide_11.0.0_2516/ide/plugins/com.nxp.mcuxpresso.tools.win32_11.0.0.201905131304/tools/bin/../lib/gcc/arm-none-eabi/8.2.1/thumb/v6-m/nofp\libcr_eabihelpers.a
LOAD c:/nxp/mcuxpressoide_11.0.0_2516/ide/plugins/com.nxp.mcuxpresso.tools.win32_11.0.0.201905131304/tools/bin/../lib/gcc/arm-none-eabi/8.2.1/thumb/v6-m/nofp\libgcc.a
END GROUP
                0x00000000                __base_PROGRAM_FLASH = 0x0
                0x00000000                __base_Flash = 0x0
                0x00020000                __top_PROGRAM_FLASH = 0x20000
                0x00020000                __top_Flash = 0x20000
                0x1ffff000                __base_SRAM = 0x1ffff000
                0x1ffff000                __base_RAM = 0x1ffff000
                0x20003000                __top_SRAM = 0x20003000
                0x20003000                __top_RAM = 0x20003000

.text           0x00000000     0x2f9c
 FILL mask 0xff
                0x00000000                __vectors_start__ = ABSOLUTE (.)
 *(SORT_BY_ALIGNMENT(.isr_vector))
 .isr_vector    0x00000000       0xc0 ./startup/startup_mkl25z4.o
                0x00000000                g_pfnVectors
                0x00000000                __Vectors
                0x000000c0                . = ALIGN (0x4)
                0x000000c0                __section_table_start = .
                0x000000c0                __data_section_table = .
                0x000000c0        0x4 LONG 0x2f9c LOADADDR (.data)
                0x000000c4        0x4 LONG 0x1ffff080 ADDR (.data)
                0x000000c8        0x4 LONG 0xc SIZEOF (.data)
                0x000000cc                __data_section_table_end = .
                0x000000cc                __bss_section_table = .
                0x000000cc        0x4 LONG 0x1ffff08c ADDR (.bss)
                0x000000d0        0x4 LONG 0xec SIZEOF (.bss)
                0x000000d4                __bss_section_table_end = .
                0x000000d4                __section_table_end = .
 *(SORT_BY_ALIGNMENT(.after_vectors*))
 .after_vectors.reset
                0x000000d4       0x4c ./startup/startup_mkl25z4.o
                0x000000d4                ResetISR
 .after_vectors.init_data
                0x00000120       0x12 ./startup/startup_mkl25z4.o
                0x00000120                data_init
 .after_vectors.init_bss
                0x00000132       0x10 ./startup/startup_mkl25z4.o
                0x00000132                bss_init
 .after_vectors
                0x00000142      0x10c ./startup/startup_mkl25z4.o
                0x00000142                NMI_Handler
                0x00000146                SVC_Handler
                0x00000148                PendSV_Handler
                0x0000014a                SysTick_Handler
                0x0000014c                LPTMR0_DriverIRQHandler
                0x0000014c                Reserved39_DriverIRQHandler
                0x0000014c                DMA0_DriverIRQHandler
                0x0000014c                SPI1_DriverIRQHandler
                0x0000014c                I2C0_DriverIRQHandler
                0x0000014c                PORTD_DriverIRQHandler
                0x0000014c                DMA2_DriverIRQHandler
                0x0000014c                CMP0_DriverIRQHandler
                0x0000014c                TPM2_DriverIRQHandler
                0x0000014c                ADC0_DriverIRQHandler
                0x0000014c                SPI0_DriverIRQHandler
                0x0000014c                TSI0_DriverIRQHandler
                0x0000014c                RTC_Seconds_DriverIRQHandler
                0x0000014c                I2C1_DriverIRQHandler
                0x0000014c                DMA1_DriverIRQHandler
                0x0000014c                LLWU_DriverIRQHandler
                0x0000014c                MCG_DriverIRQHandler
                0x0000014c                PIT_DriverIRQHandler
                0x0000014c                RTC_DriverIRQHandler
                0x0000014c                TPM1_DriverIRQHandler
                0x0000014c                FTFA_DriverIRQHandler
                0x0000014c                IntDefaultHandler
                0x0000014c                USB0_DriverIRQHandler
                0x0000014c                DAC0_DriverIRQHandler
                0x0000014c                PORTA_DriverIRQHandler
                0x0000014c                LVD_LVW_DriverIRQHandler
                0x0000014c                TPM0_DriverIRQHandler
                0x0000014c                Reserved45_DriverIRQHandler
                0x0000014c                DMA3_DriverIRQHandler
                0x0000014c                Reserved20_DriverIRQHandler
                0x0000014e                DMA0_IRQHandler
                0x00000156                DMA1_IRQHandler
                0x0000015e                DMA2_IRQHandler
                0x00000166                DMA3_IRQHandler
                0x0000016e                Reserved20_IRQHandler
                0x00000176                FTFA_IRQHandler
                0x0000017e                LVD_LVW_IRQHandler
                0x00000186                LLWU_IRQHandler
                0x0000018e                I2C0_IRQHandler
                0x00000196                I2C1_IRQHandler
                0x0000019e                SPI0_IRQHandler
                0x000001a6                SPI1_IRQHandler
                0x000001ae                UART0_IRQHandler
                0x000001b6                UART1_IRQHandler
                0x000001be                UART2_IRQHandler
                0x000001c6                ADC0_IRQHandler
                0x000001ce                CMP0_IRQHandler
                0x000001d6                TPM0_IRQHandler
                0x000001de                TPM1_IRQHandler
                0x000001e6                TPM2_IRQHandler
                0x000001ee                RTC_IRQHandler
                0x000001f6                RTC_Seconds_IRQHandler
                0x000001fe                PIT_IRQHandler
                0x00000206                Reserved39_IRQHandler
                0x0000020e                USB0_IRQHandler
                0x00000216                DAC0_IRQHandler
                0x0000021e                TSI0_IRQHandler
                0x00000226                MCG_IRQHandler
                0x0000022e                LPTMR0_IRQHandler
                0x00000236                Reserved45_IRQHandler
                0x0000023e                PORTA_IRQHandler
                0x00000246                PORTD_IRQHandler
                0x00000400                . = 0x400
 *fill*         0x0000024e      0x1b2 ff
                0x00000400                PROVIDE (__FLASH_CONFIG_START__ = .)
 *(SORT_BY_ALIGNMENT(.FlashConfig))
 .FlashConfig   0x00000400       0x10 ./startup/startup_mkl25z4.o
                0x00000400                Flash_Config
                0x00000410                PROVIDE (__FLASH_CONFIG_END__ = .)
                0x00000001                ASSERT (! ((__FLASH_CONFIG_START__ == __FLASH_CONFIG_END__)), Linker Flash Config Support Enabled, but no .FlashConfig section provided within application)
 *(SORT_BY_ALIGNMENT(.text*))
 .text.DbgConsole_Init
                0x00000410       0xf0 ./utilities/fsl_debug_console.o
                0x00000410                DbgConsole_Init
 .text.delayer_WaitLongCycles
                0x00000500       0x40 ./source/delayer/delayer.o
                0x00000500                delayer_WaitLongCycles
 .text.main     0x00000540       0x4c ./source/GPIO_SDK_aula.o
                0x00000540                main
 .text.HardFault_Handler
                0x0000058c       0x30 ./source/semihost_hardfault.o
                0x0000058c                HardFault_Handler
 .text.CLOCK_SetEr32kClock
                0x000005bc       0x34 ./drivers/fsl_clock.o
 .text.CLOCK_SetPllFllSelClock
                0x000005f0       0x38 ./drivers/fsl_clock.o
 .text.CLOCK_GetMcgExtClkFreq
                0x00000628       0x28 ./drivers/fsl_clock.o
 .text.CLOCK_GetFllExtRefClkFreq
                0x00000650       0xa4 ./drivers/fsl_clock.o
 .text.CLOCK_GetInternalRefClkSelectFreq
                0x000006f4       0x40 ./drivers/fsl_clock.o
 .text.CLOCK_GetFllRefClkFreq
                0x00000734       0x2c ./drivers/fsl_clock.o
 .text.CLOCK_GetOscRangeFromFreq
                0x00000760       0x4c ./drivers/fsl_clock.o
 .text.CLOCK_GetPllFllSelClkFreq
                0x000007ac       0x4c ./drivers/fsl_clock.o
                0x000007ac                CLOCK_GetPllFllSelClkFreq
 .text.CLOCK_GetCoreSysClkFreq
                0x000007f8       0x2c ./drivers/fsl_clock.o
                0x000007f8                CLOCK_GetCoreSysClkFreq
 .text.CLOCK_SetSimConfig
                0x00000824       0x38 ./drivers/fsl_clock.o
                0x00000824                CLOCK_SetSimConfig
 .text.CLOCK_GetOutClkFreq
                0x0000085c       0x68 ./drivers/fsl_clock.o
                0x0000085c                CLOCK_GetOutClkFreq
 .text.CLOCK_GetFllFreq
                0x000008c4       0x84 ./drivers/fsl_clock.o
                0x000008c4                CLOCK_GetFllFreq
 .text.CLOCK_GetPll0Freq
                0x00000948       0x70 ./drivers/fsl_clock.o
                0x00000948                CLOCK_GetPll0Freq
 .text.CLOCK_SetInternalRefClkConfig
                0x000009b8      0x124 ./drivers/fsl_clock.o
                0x000009b8                CLOCK_SetInternalRefClkConfig
 .text.CLOCK_EnablePll0
                0x00000adc       0x90 ./drivers/fsl_clock.o
                0x00000adc                CLOCK_EnablePll0
 .text.CLOCK_InitOsc0
                0x00000b6c       0x94 ./drivers/fsl_clock.o
                0x00000b6c                CLOCK_InitOsc0
 .text.CLOCK_SetPbeMode
                0x00000c00       0xb0 ./drivers/fsl_clock.o
                0x00000c00                CLOCK_SetPbeMode
 .text.CLOCK_BootToPeeMode
                0x00000cb0       0x70 ./drivers/fsl_clock.o
                0x00000cb0                CLOCK_BootToPeeMode
 .text.GPIO_PinInit
                0x00000d20       0x64 ./drivers/fsl_gpio.o
                0x00000d20                GPIO_PinInit
 .text.CLOCK_EnableClock
                0x00000d84       0x34 ./drivers/fsl_lpsci.o
 .text.LPSCI_GetInstance
                0x00000db8       0x48 ./drivers/fsl_lpsci.o
                0x00000db8                LPSCI_GetInstance
 .text.LPSCI_Init
                0x00000e00      0x258 ./drivers/fsl_lpsci.o
                0x00000e00                LPSCI_Init
 .text.LPSCI_GetDefaultConfig
                0x00001058       0x44 ./drivers/fsl_lpsci.o
                0x00001058                LPSCI_GetDefaultConfig
 .text.LPSCI_ClearStatusFlags
                0x0000109c       0x94 ./drivers/fsl_lpsci.o
                0x0000109c                LPSCI_ClearStatusFlags
 .text.LPSCI_WriteBlocking
                0x00001130       0x4c ./drivers/fsl_lpsci.o
                0x00001130                LPSCI_WriteBlocking
 .text.LPSCI_ReadBlocking
                0x0000117c       0xc0 ./drivers/fsl_lpsci.o
                0x0000117c                LPSCI_ReadBlocking
 .text.UART0_DriverIRQHandler
                0x0000123c       0x24 ./drivers/fsl_lpsci.o
                0x0000123c                UART0_DriverIRQHandler
 .text.CLOCK_EnableClock
                0x00001260       0x34 ./drivers/fsl_uart.o
 .text.UART_GetInstance
                0x00001294       0x54 ./drivers/fsl_uart.o
                0x00001294                UART_GetInstance
 .text.UART_Init
                0x000012e8      0x1e0 ./drivers/fsl_uart.o
                0x000012e8                UART_Init
 .text.UART_GetDefaultConfig
                0x000014c8       0x44 ./drivers/fsl_uart.o
                0x000014c8                UART_GetDefaultConfig
 .text.UART_ReadBlocking
                0x0000150c       0x98 ./drivers/fsl_uart.o
                0x0000150c                UART_ReadBlocking
 .text.UART1_DriverIRQHandler
                0x000015a4       0x24 ./drivers/fsl_uart.o
                0x000015a4                UART1_DriverIRQHandler
 .text.UART2_DriverIRQHandler
                0x000015c8       0x24 ./drivers/fsl_uart.o
                0x000015c8                UART2_DriverIRQHandler
 .text.CLOCK_SetLpsci0Clock
                0x000015ec       0x38 ./board/board.o
 .text.BOARD_InitDebugConsole
                0x00001624       0x30 ./board/board.o
                0x00001624                BOARD_InitDebugConsole
 .text.CLOCK_SetSimSafeDivs
                0x00001654       0x20 ./board/clock_config.o
 .text.CLOCK_SetXtal0Freq
                0x00001674       0x1c ./board/clock_config.o
 .text.CLOCK_CONFIG_SetFllExtRefDiv
                0x00001690       0x3c ./board/clock_config.o
 .text.BOARD_BootClockRUN
                0x000016cc       0x64 ./board/clock_config.o
                0x000016cc                BOARD_BootClockRUN
 .text.CLOCK_EnableClock
                0x00001730       0x34 ./board/pin_mux.o
 .text.PORT_SetPinMux
                0x00001764       0x40 ./board/pin_mux.o
 .text.BOARD_InitPins
                0x000017a4       0x88 ./board/pin_mux.o
                0x000017a4                BOARD_InitPins
 .text.SystemInit
                0x0000182c       0x18 ./CMSIS/system_MKL25Z4.o
                0x0000182c                SystemInit
 .text.__assertion_failed
                0x00001844       0x4c c:/nxp/mcuxpressoide_11.0.0_2516/ide/plugins/com.nxp.mcuxpresso.tools.win32_11.0.0.201905131304/tools/bin/../lib/gcc/arm-none-eabi/8.2.1/../../../../arm-none-eabi/lib/thumb/v6-m/nofp\libcr_semihost_nf.a(_cr_assert.o)
                0x00001844                __assertion_failed
 .text.__sys_appexit
                0x00001890        0xc c:/nxp/mcuxpressoide_11.0.0_2516/ide/plugins/com.nxp.mcuxpresso.tools.win32_11.0.0.201905131304/tools/bin/../lib/gcc/arm-none-eabi/8.2.1/../../../../arm-none-eabi/lib/thumb/v6-m/nofp\libcr_semihost_nf.a(__sys_appexit.o)
                0x00001890                __sys_appexit
                0x00001890                __exit
 .text._deferredlazyseek
                0x0000189c       0x40 c:/nxp/mcuxpressoide_11.0.0_2516/ide/plugins/com.nxp.mcuxpresso.tools.win32_11.0.0.201905131304/tools/bin/../lib/gcc/arm-none-eabi/8.2.1/../../../../arm-none-eabi/lib/thumb/v6-m/nofp\libcr_c.a(_deferredlazyseek.o)
                0x0000189c                _deferredlazyseek
 .text.__flsbuf
                0x000018dc      0x14c c:/nxp/mcuxpressoide_11.0.0_2516/ide/plugins/com.nxp.mcuxpresso.tools.win32_11.0.0.201905131304/tools/bin/../lib/gcc/arm-none-eabi/8.2.1/../../../../arm-none-eabi/lib/thumb/v6-m/nofp\libcr_c.a(_deferredlazyseek.o)
                0x000018dc                __flsbuf
 .text._fflush  0x00001a28       0x5c c:/nxp/mcuxpressoide_11.0.0_2516/ide/plugins/com.nxp.mcuxpresso.tools.win32_11.0.0.201905131304/tools/bin/../lib/gcc/arm-none-eabi/8.2.1/../../../../arm-none-eabi/lib/thumb/v6-m/nofp\libcr_c.a(_fflush.o)
                0x00001a28                _fflush
 .text._Cwritebuf
                0x00001a84       0x68 c:/nxp/mcuxpressoide_11.0.0_2516/ide/plugins/com.nxp.mcuxpresso.tools.win32_11.0.0.201905131304/tools/bin/../lib/gcc/arm-none-eabi/8.2.1/../../../../arm-none-eabi/lib/thumb/v6-m/nofp\libcr_c.a(_writebuf.o)
                0x00001a84                _Cwritebuf
 .text.malloc   0x00001aec       0xcc c:/nxp/mcuxpressoide_11.0.0_2516/ide/plugins/com.nxp.mcuxpresso.tools.win32_11.0.0.201905131304/tools/bin/../lib/gcc/arm-none-eabi/8.2.1/../../../../arm-none-eabi/lib/thumb/v6-m/nofp\libcr_c.a(alloc.o)
                0x00001aec                malloc
 .text._Csys_alloc
                0x00001bb8       0x20 c:/nxp/mcuxpressoide_11.0.0_2516/ide/plugins/com.nxp.mcuxpresso.tools.win32_11.0.0.201905131304/tools/bin/../lib/gcc/arm-none-eabi/8.2.1/../../../../arm-none-eabi/lib/thumb/v6-m/nofp\libcr_c.a(alloc.o)
                0x00001bb8                _Csys_alloc
 .text.fseek    0x00001bd8       0xf0 c:/nxp/mcuxpressoide_11.0.0_2516/ide/plugins/com.nxp.mcuxpresso.tools.win32_11.0.0.201905131304/tools/bin/../lib/gcc/arm-none-eabi/8.2.1/../../../../arm-none-eabi/lib/thumb/v6-m/nofp\libcr_c.a(fseek.o)
                0x00001bd8                fseek
 .text.ftell    0x00001cc8       0x48 c:/nxp/mcuxpressoide_11.0.0_2516/ide/plugins/com.nxp.mcuxpresso.tools.win32_11.0.0.201905131304/tools/bin/../lib/gcc/arm-none-eabi/8.2.1/../../../../arm-none-eabi/lib/thumb/v6-m/nofp\libcr_c.a(ftell.o)
                0x00001cc8                ftell
 .text._initio  0x00001d10       0x7c c:/nxp/mcuxpressoide_11.0.0_2516/ide/plugins/com.nxp.mcuxpresso.tools.win32_11.0.0.201905131304/tools/bin/../lib/gcc/arm-none-eabi/8.2.1/../../../../arm-none-eabi/lib/thumb/v6-m/nofp\libcr_c.a(initio.o)
                0x00001d10                _initio
 .text.setvbuf  0x00001d8c       0x4c c:/nxp/mcuxpressoide_11.0.0_2516/ide/plugins/com.nxp.mcuxpresso.tools.win32_11.0.0.201905131304/tools/bin/../lib/gcc/arm-none-eabi/8.2.1/../../../../arm-none-eabi/lib/thumb/v6-m/nofp\libcr_c.a(setvbuf.o)
                0x00001d8c                setvbuf
 .text._sbrk    0x00001dd8       0x40 c:/nxp/mcuxpressoide_11.0.0_2516/ide/plugins/com.nxp.mcuxpresso.tools.win32_11.0.0.201905131304/tools/bin/../lib/gcc/arm-none-eabi/8.2.1/../../../../arm-none-eabi/lib/thumb/v6-m/nofp\libcr_c.a(_cr_sbrk.o)
                0x00001dd8                _sbrk
 .text._fdopen  0x00001e18       0x74 c:/nxp/mcuxpressoide_11.0.0_2516/ide/plugins/com.nxp.mcuxpresso.tools.win32_11.0.0.201905131304/tools/bin/../lib/gcc/arm-none-eabi/8.2.1/../../../../arm-none-eabi/lib/thumb/v6-m/nofp\libcr_c.a(_fdopen.o)
                0x00001e18                _fdopen
 .text.fclose   0x00001e8c       0x5c c:/nxp/mcuxpressoide_11.0.0_2516/ide/plugins/com.nxp.mcuxpresso.tools.win32_11.0.0.201905131304/tools/bin/../lib/gcc/arm-none-eabi/8.2.1/../../../../arm-none-eabi/lib/thumb/v6-m/nofp\libcr_c.a(fclose.o)
                0x00001e8c                fclose
 .text.fflush   0x00001ee8       0x44 c:/nxp/mcuxpressoide_11.0.0_2516/ide/plugins/com.nxp.mcuxpresso.tools.win32_11.0.0.201905131304/tools/bin/../lib/gcc/arm-none-eabi/8.2.1/../../../../arm-none-eabi/lib/thumb/v6-m/nofp\libcr_c.a(fflush.o)
                0x00001ee8                fflush
 .text.strlen   0x00001f2c       0x58 c:/nxp/mcuxpressoide_11.0.0_2516/ide/plugins/com.nxp.mcuxpresso.tools.win32_11.0.0.201905131304/tools/bin/../lib/gcc/arm-none-eabi/8.2.1/../../../../arm-none-eabi/lib/thumb/v6-m/nofp\libcr_c.a(strlen.o)
                0x00001f2c                strlen
 .text.__check_heap_overflow
                0x00001f84       0x14 c:/nxp/mcuxpressoide_11.0.0_2516/ide/plugins/com.nxp.mcuxpresso.tools.win32_11.0.0.201905131304/tools/bin/../lib/gcc/arm-none-eabi/8.2.1/../../../../arm-none-eabi/lib/thumb/v6-m/nofp\libcr_c.a(_cr_check_heap.o)
                0x00001f84                __check_heap_overflow
 .text._do_fflush
                0x00001f98       0x44 c:/nxp/mcuxpressoide_11.0.0_2516/ide/plugins/com.nxp.mcuxpresso.tools.win32_11.0.0.201905131304/tools/bin/../lib/gcc/arm-none-eabi/8.2.1/../../../../arm-none-eabi/lib/thumb/v6-m/nofp\libcr_c.a(_do_fflush.o)
                0x00001f98                _do_fflush
 .text.UART_EnableTx
                0x00001fdc       0x40 ./utilities/fsl_debug_console.o
 .text.UART_EnableRx
                0x0000201c       0x40 ./utilities/fsl_debug_console.o
 .text.LPSCI_EnableTx
                0x0000205c       0x40 ./utilities/fsl_debug_console.o
 .text.LPSCI_EnableRx
                0x0000209c       0x40 ./utilities/fsl_debug_console.o
 .text.delayer_Wait10Cycles
                0x000020dc        0xa ./source/delayer/delayer.o
                0x000020dc                delayer_Wait10Cycles
 .text.delayer_Wait100Cycles
                0x000020e6       0x18 ./source/delayer/delayer.o
                0x000020e6                delayer_Wait100Cycles
 .text.delayer_WaitCycles
                0x000020fe       0x44 ./source/delayer/delayer.o
                0x000020fe                delayer_WaitCycles
 .text.delayer_Waitms
                0x00002142       0x44 ./source/delayer/delayer.o
                0x00002142                delayer_Waitms
 .text.GPIO_SetPinsOutput
                0x00002186       0x18 ./source/GPIO_SDK_aula.o
 .text.GPIO_ClearPinsOutput
                0x0000219e       0x18 ./source/GPIO_SDK_aula.o
 .text.OSC_SetExtRefClkConfig
                0x000021b6       0x3e ./drivers/fsl_clock.o
 .text.OSC_SetCapLoad
                0x000021f4       0x42 ./drivers/fsl_clock.o
 .text.CLOCK_GetPll0RefFreq
                0x00002236       0x10 ./drivers/fsl_clock.o
 .text.CLOCK_SetExternalRefClkConfig
                0x00002246       0x16 ./drivers/fsl_clock.o
                0x00002246                CLOCK_SetExternalRefClkConfig
 .text.GPIO_WritePinOutput
                0x0000225c       0x34 ./drivers/fsl_gpio.o
 .text.LPSCI_GetStatusFlags
                0x00002290       0x26 ./drivers/fsl_lpsci.o
                0x00002290                LPSCI_GetStatusFlags
 .text.UART_GetStatusFlags
                0x000022b6       0x26 ./drivers/fsl_uart.o
                0x000022b6                UART_GetStatusFlags
 .text.UART_WriteBlocking
                0x000022dc       0x3a ./drivers/fsl_uart.o
                0x000022dc                UART_WriteBlocking
 .text.BOARD_InitBootClocks
                0x00002316        0xe ./board/clock_config.o
                0x00002316                BOARD_InitBootClocks
 .text.BOARD_InitBootPeripherals
                0x00002324        0xa ./board/peripherals.o
                0x00002324                BOARD_InitBootPeripherals
 .text.BOARD_InitBootPins
                0x0000232e        0xe ./board/pin_mux.o
                0x0000232e                BOARD_InitBootPins
 .text.__main   0x0000233c        0xc c:/nxp/mcuxpressoide_11.0.0_2516/ide/plugins/com.nxp.mcuxpresso.tools.win32_11.0.0.201905131304/tools/bin/../lib/gcc/arm-none-eabi/8.2.1/../../../../arm-none-eabi/lib/thumb/v6-m/nofp\libcr_semihost_nf.a(_cr__main.o)
                0x0000233c                __CR_SEMIHOST
                0x0000233c                __main
 .text.memset   0x00002348        0x8 c:/nxp/mcuxpressoide_11.0.0_2516/ide/plugins/com.nxp.mcuxpresso.tools.win32_11.0.0.201905131304/tools/bin/../lib/gcc/arm-none-eabi/8.2.1/../../../../arm-none-eabi/lib/thumb/v6-m/nofp\libcr_c.a(memset.o)
                0x00002348                memset
 .text.free     0x00002350       0x2c c:/nxp/mcuxpressoide_11.0.0_2516/ide/plugins/com.nxp.mcuxpresso.tools.win32_11.0.0.201905131304/tools/bin/../lib/gcc/arm-none-eabi/8.2.1/../../../../arm-none-eabi/lib/thumb/v6-m/nofp\libcr_c.a(alloc.o)
                0x00002350                free
 .text.fputs    0x0000237c       0x2e c:/nxp/mcuxpressoide_11.0.0_2516/ide/plugins/com.nxp.mcuxpresso.tools.win32_11.0.0.201905131304/tools/bin/../lib/gcc/arm-none-eabi/8.2.1/../../../../arm-none-eabi/lib/thumb/v6-m/nofp\libcr_c.a(fputs.o)
                0x0000237c                fputs
 .text.remove   0x000023aa       0x12 c:/nxp/mcuxpressoide_11.0.0_2516/ide/plugins/com.nxp.mcuxpresso.tools.win32_11.0.0.201905131304/tools/bin/../lib/gcc/arm-none-eabi/8.2.1/../../../../arm-none-eabi/lib/thumb/v6-m/nofp\libcr_c.a(remove.o)
                0x000023aa                remove
 .text.__aeabi_division_idivmod
                0x000023bc       0x78 c:/nxp/mcuxpressoide_11.0.0_2516/ide/plugins/com.nxp.mcuxpresso.tools.win32_11.0.0.201905131304/tools/bin/../lib/gcc/arm-none-eabi/8.2.1/thumb/v6-m/nofp\libcr_eabihelpers.a(division_32.o)
                0x000023bc                __aeabi_idivmod
                0x000023bc                __aeabi_idiv
                0x000023c2                __aeabi_uidivmod
                0x000023c2                __aeabi_uidiv
 .text.__aeabi_division_idiv0
                0x00002434        0x2 c:/nxp/mcuxpressoide_11.0.0_2516/ide/plugins/com.nxp.mcuxpresso.tools.win32_11.0.0.201905131304/tools/bin/../lib/gcc/arm-none-eabi/8.2.1/thumb/v6-m/nofp\libcr_eabihelpers.a(division_idiv0.o)
                0x00002434                __aeabi_idiv0
 .text.__aeabi_memset_lowlevel
                0x00002436       0x2a c:/nxp/mcuxpressoide_11.0.0_2516/ide/plugins/com.nxp.mcuxpresso.tools.win32_11.0.0.201905131304/tools/bin/../lib/gcc/arm-none-eabi/8.2.1/thumb/v6-m/nofp\libcr_eabihelpers.a(memcpy.o)
                0x00002436                __aeabi_lowlevel_memset
 .text.__sys_close
                0x00002460        0xc c:/nxp/mcuxpressoide_11.0.0_2516/ide/plugins/com.nxp.mcuxpresso.tools.win32_11.0.0.201905131304/tools/bin/../lib/gcc/arm-none-eabi/8.2.1/../../../../arm-none-eabi/lib/thumb/v6-m/nofp\libcr_semihost_nf.a(__sys_close.o)
                0x00002460                __sys_close
 .text.__sys_flen
                0x0000246c        0xc c:/nxp/mcuxpressoide_11.0.0_2516/ide/plugins/com.nxp.mcuxpresso.tools.win32_11.0.0.201905131304/tools/bin/../lib/gcc/arm-none-eabi/8.2.1/../../../../arm-none-eabi/lib/thumb/v6-m/nofp\libcr_semihost_nf.a(__sys_flen.o)
                0x0000246c                __sys_flen
 .text.__sys_istty
                0x00002478        0xc c:/nxp/mcuxpressoide_11.0.0_2516/ide/plugins/com.nxp.mcuxpresso.tools.win32_11.0.0.201905131304/tools/bin/../lib/gcc/arm-none-eabi/8.2.1/../../../../arm-none-eabi/lib/thumb/v6-m/nofp\libcr_semihost_nf.a(__sys_istty.o)
                0x00002478                __sys_istty
 .text.__sys_remove
                0x00002484        0xc c:/nxp/mcuxpressoide_11.0.0_2516/ide/plugins/com.nxp.mcuxpresso.tools.win32_11.0.0.201905131304/tools/bin/../lib/gcc/arm-none-eabi/8.2.1/../../../../arm-none-eabi/lib/thumb/v6-m/nofp\libcr_semihost_nf.a(__sys_remove.o)
                0x00002484                __sys_remove
 .text.__sys_seek
                0x00002490        0xc c:/nxp/mcuxpressoide_11.0.0_2516/ide/plugins/com.nxp.mcuxpresso.tools.win32_11.0.0.201905131304/tools/bin/../lib/gcc/arm-none-eabi/8.2.1/../../../../arm-none-eabi/lib/thumb/v6-m/nofp\libcr_semihost_nf.a(__sys_seek.o)
                0x00002490                __sys_seek
 .text.__sys_tmpnam
                0x0000249c        0xc c:/nxp/mcuxpressoide_11.0.0_2516/ide/plugins/com.nxp.mcuxpresso.tools.win32_11.0.0.201905131304/tools/bin/../lib/gcc/arm-none-eabi/8.2.1/../../../../arm-none-eabi/lib/thumb/v6-m/nofp\libcr_semihost_nf.a(__sys_tmpnam.o)
                0x0000249c                __sys_tmpnam
 .text.__sys_write
                0x000024a8        0xc c:/nxp/mcuxpressoide_11.0.0_2516/ide/plugins/com.nxp.mcuxpresso.tools.win32_11.0.0.201905131304/tools/bin/../lib/gcc/arm-none-eabi/8.2.1/../../../../arm-none-eabi/lib/thumb/v6-m/nofp\libcr_semihost_nf.a(__sys_write.o)
                0x000024a8                __sys_write
 *(SORT_BY_ALIGNMENT(.rodata) SORT_BY_ALIGNMENT(.rodata.*) SORT_BY_ALIGNMENT(.constdata) SORT_BY_ALIGNMENT(.constdata.*))
 .rodata        0x000024b4      0x11d ./drivers/fsl_clock.o
 *fill*         0x000025d1        0x3 ff
 .rodata.fllFactorTable.5230
                0x000025d4       0x10 ./drivers/fsl_clock.o
 .rodata        0x000025e4       0x62 ./drivers/fsl_gpio.o
 *fill*         0x00002646        0x2 ff
 .rodata        0x00002648      0x48c ./drivers/fsl_lpsci.o
 .rodata.s_uartBases
                0x00002ad4        0xc ./drivers/fsl_uart.o
 .rodata.s_uartClock
                0x00002ae0        0xc ./drivers/fsl_uart.o
 .rodata        0x00002aec      0x45b ./drivers/fsl_uart.o
 *fill*         0x00002f47        0x1 ff
 .rodata.mcgConfig_BOARD_BootClockRUN
                0x00002f48        0xa ./board/clock_config.o
                0x00002f48                mcgConfig_BOARD_BootClockRUN
 *fill*         0x00002f52        0x2 ff
 .rodata.simConfig_BOARD_BootClockRUN
                0x00002f54        0x8 ./board/clock_config.o
                0x00002f54                simConfig_BOARD_BootClockRUN
 .rodata.oscConfig_BOARD_BootClockRUN
                0x00002f5c        0x8 ./board/clock_config.o
                0x00002f5c                oscConfig_BOARD_BootClockRUN
 .rodata.__num_Ciob_streams
                0x00002f64        0x4 c:/nxp/mcuxpressoide_11.0.0_2516/ide/plugins/com.nxp.mcuxpresso.tools.win32_11.0.0.201905131304/tools/bin/../lib/gcc/arm-none-eabi/8.2.1/../../../../arm-none-eabi/lib/thumb/v6-m/nofp\libcr_semihost_nf.a(__ciob.o)
                0x00002f64                __num_Ciob_streams
 .rodata.__assertion_failed.str1.1
                0x00002f68       0x15 c:/nxp/mcuxpressoide_11.0.0_2516/ide/plugins/com.nxp.mcuxpresso.tools.win32_11.0.0.201905131304/tools/bin/../lib/gcc/arm-none-eabi/8.2.1/../../../../arm-none-eabi/lib/thumb/v6-m/nofp\libcr_semihost_nf.a(_cr_assert.o)
 .rodata._Csys_alloc.str1.1
                0x00002f7d       0x18 c:/nxp/mcuxpressoide_11.0.0_2516/ide/plugins/com.nxp.mcuxpresso.tools.win32_11.0.0.201905131304/tools/bin/../lib/gcc/arm-none-eabi/8.2.1/../../../../arm-none-eabi/lib/thumb/v6-m/nofp\libcr_c.a(alloc.o)
 .rodata._initio.str1.1
                0x00002f95        0x4 c:/nxp/mcuxpressoide_11.0.0_2516/ide/plugins/com.nxp.mcuxpresso.tools.win32_11.0.0.201905131304/tools/bin/../lib/gcc/arm-none-eabi/8.2.1/../../../../arm-none-eabi/lib/thumb/v6-m/nofp\libcr_c.a(initio.o)
                0x00002f9c                . = ALIGN (0x4)
 *fill*         0x00002f99        0x3 ff

.glue_7         0x00002f9c        0x0
 .glue_7        0x00002f9c        0x0 linker stubs

.glue_7t        0x00002f9c        0x0
 .glue_7t       0x00002f9c        0x0 linker stubs

.vfp11_veneer   0x00002f9c        0x0
 .vfp11_veneer  0x00002f9c        0x0 linker stubs

.v4_bx          0x00002f9c        0x0
 .v4_bx         0x00002f9c        0x0 linker stubs

.iplt           0x00002f9c        0x0
 .iplt          0x00002f9c        0x0 ./utilities/fsl_debug_console.o

.rel.dyn        0x00002f9c        0x0
 .rel.iplt      0x00002f9c        0x0 ./utilities/fsl_debug_console.o

.ARM.extab
 *(SORT_BY_ALIGNMENT(.ARM.extab*) SORT_BY_ALIGNMENT(.gnu.linkonce.armextab.*))
                0x00002f9c                __exidx_start = .

.ARM.exidx
 *(SORT_BY_ALIGNMENT(.ARM.exidx*) SORT_BY_ALIGNMENT(.gnu.linkonce.armexidx.*))
                0x00002f9c                __exidx_end = .
                0x00002f9c                _etext = .

.m_usb_data
 *(SORT_BY_ALIGNMENT(m_usb_bdt))

.mtb_buffer_default
                0x1ffff000       0x80
 *(SORT_BY_ALIGNMENT(.mtb*))
 .mtb.$RAM1     0x1ffff000       0x80 ./source/mtb.o
                0x1ffff000                __mtb_buffer__

.uninit_RESERVED
                0x1ffff080        0x0
                0x1ffff080                . = ALIGN (0x4)
 *(SORT_BY_ALIGNMENT(.bss.$RESERVED*))
                0x1ffff080                . = ALIGN (0x4)
                0x1ffff080                _end_uninit_RESERVED = .

.data           0x1ffff080        0xc load address 0x00002f9c
 FILL mask 0xff
                0x1ffff080                _data = .
 *(SORT_BY_ALIGNMENT(vtable))
 *(SORT_BY_ALIGNMENT(.ramfunc*))
 *(SORT_BY_ALIGNMENT(.data*))
 .data.s_slowIrcFreq
                0x1ffff080        0x4 ./drivers/fsl_clock.o
 .data.s_fastIrcFreq
                0x1ffff084        0x4 ./drivers/fsl_clock.o
 .data.SystemCoreClock
                0x1ffff088        0x4 ./CMSIS/system_MKL25Z4.o
                0x1ffff088                SystemCoreClock
                0x1ffff08c                . = ALIGN (0x4)
                0x1ffff08c                _edata = .

.igot.plt       0x1ffff08c        0x0 load address 0x00002fa8
 .igot.plt      0x1ffff08c        0x0 ./utilities/fsl_debug_console.o

.bss            0x1ffff08c       0xec load address 0x00002fa8
                0x1ffff08c                . = ALIGN (0x4)
                0x1ffff08c                _bss = .
 *(SORT_BY_ALIGNMENT(.bss*))
 .bss.s_debugConsole
                0x1ffff08c       0x10 ./utilities/fsl_debug_console.o
 .bss.g_xtal0Freq
                0x1ffff09c        0x4 ./drivers/fsl_clock.o
                0x1ffff09c                g_xtal0Freq
 .bss.s_lpsciHandle
                0x1ffff0a0        0x4 ./drivers/fsl_lpsci.o
 .bss.s_lpsciIsr
                0x1ffff0a4        0x4 ./drivers/fsl_lpsci.o
 .bss.s_uartHandle
                0x1ffff0a8        0xc ./drivers/fsl_uart.o
 .bss.s_uartIsr
                0x1ffff0b4        0x4 ./drivers/fsl_uart.o
 .bss.__Ciob    0x1ffff0b8       0xb4 c:/nxp/mcuxpressoide_11.0.0_2516/ide/plugins/com.nxp.mcuxpresso.tools.win32_11.0.0.201905131304/tools/bin/../lib/gcc/arm-none-eabi/8.2.1/../../../../arm-none-eabi/lib/thumb/v6-m/nofp\libcr_semihost_nf.a(__ciob.o)
                0x1ffff0b8                __Ciob
 .bss.__end_of_heap
                0x1ffff16c        0x4 c:/nxp/mcuxpressoide_11.0.0_2516/ide/plugins/com.nxp.mcuxpresso.tools.win32_11.0.0.201905131304/tools/bin/../lib/gcc/arm-none-eabi/8.2.1/../../../../arm-none-eabi/lib/thumb/v6-m/nofp\libcr_c.a(__init_alloc.o)
                0x1ffff16c                __end_of_heap
 .bss.__heaps   0x1ffff170        0x4 c:/nxp/mcuxpressoide_11.0.0_2516/ide/plugins/com.nxp.mcuxpresso.tools.win32_11.0.0.201905131304/tools/bin/../lib/gcc/arm-none-eabi/8.2.1/../../../../arm-none-eabi/lib/thumb/v6-m/nofp\libcr_c.a(__init_alloc.o)
                0x1ffff170                __heaps
 .bss.errno     0x1ffff174        0x4 c:/nxp/mcuxpressoide_11.0.0_2516/ide/plugins/com.nxp.mcuxpresso.tools.win32_11.0.0.201905131304/tools/bin/../lib/gcc/arm-none-eabi/8.2.1/../../../../arm-none-eabi/lib/thumb/v6-m/nofp\libcr_c.a(errno.o)
                0x1ffff174                errno
 *(SORT_BY_ALIGNMENT(COMMON))
                0x1ffff178                . = ALIGN (0x4)
                0x1ffff178                _ebss = .
                [!provide]                PROVIDE (end = .)

.noinit         0x1ffff178        0x0 load address 0x00002fa8
                0x1ffff178                . = ALIGN (0x4)
                0x1ffff178                _noinit = .
 *(SORT_BY_ALIGNMENT(.noinit*))
                0x1ffff178                . = ALIGN (0x4)
                0x1ffff178                _end_noinit = .
                0x00000400                _HeapSize = 0x400

.heap           0x1ffff178      0x400 load address 0x00002fa8
                0x1ffff178                _pvHeapStart = .
                0x1ffff578                . = (. + _HeapSize)
 *fill*         0x1ffff178      0x400 
                0x1ffff578                . = ALIGN (0x4)
                0x1ffff578                _pvHeapLimit = .
                0x00000400                _StackSize = 0x400

.heap2stackfill
                0x1ffff578      0x400 load address 0x00002fa8
                0x1ffff978                . = (. + _StackSize)
 *fill*         0x1ffff578      0x400 

.stack          0x20002c00        0x0
                0x20002c00                _vStackBase = .
                0x20002c00                . = ALIGN (0x4)
                0x20003000                _vStackTop = (. + _StackSize)
                0x00000000                _image_start = LOADADDR (.text)
                0x00002fa8                _image_end = (LOADADDR (.data) + SIZEOF (.data))
                0x00002fa8                _image_size = (_image_end - _image_start)
OUTPUT(GPIO_SDK_aula.axf elf32-littlearm)

.debug_info     0x00000000     0x7ee1
 .debug_info    0x00000000      0x9b5 ./utilities/fsl_debug_console.o
 .debug_info    0x000009b5      0x4df ./startup/startup_mkl25z4.o
 .debug_info    0x00000e94      0x17e ./source/delayer/delayer.o
 .debug_info    0x00001012      0x7d0 ./source/GPIO_SDK_aula.o
 .debug_info    0x000017e2       0x53 ./source/mtb.o
 .debug_info    0x00001835       0x3c ./source/semihost_hardfault.o
 .debug_info    0x00001871     0x1a97 ./drivers/fsl_clock.o
 .debug_info    0x00003308      0x566 ./drivers/fsl_gpio.o
 .debug_info    0x0000386e     0x1469 ./drivers/fsl_lpsci.o
 .debug_info    0x00004cd7     0x140a ./drivers/fsl_uart.o
 .debug_info    0x000060e1      0x80b ./board/board.o
 .debug_info    0x000068ec      0xafe ./board/clock_config.o
 .debug_info    0x000073ea       0x3c ./board/peripherals.o
 .debug_info    0x00007426      0x682 ./board/pin_mux.o
 .debug_info    0x00007aa8      0x439 ./CMSIS/system_MKL25Z4.o

.debug_abbrev   0x00000000     0x196b
 .debug_abbrev  0x00000000      0x21b ./utilities/fsl_debug_console.o
 .debug_abbrev  0x0000021b      0x18d ./startup/startup_mkl25z4.o
 .debug_abbrev  0x000003a8      0x101 ./source/delayer/delayer.o
 .debug_abbrev  0x000004a9      0x1af ./source/GPIO_SDK_aula.o
 .debug_abbrev  0x00000658       0x46 ./source/mtb.o
 .debug_abbrev  0x0000069e       0x31 ./source/semihost_hardfault.o
 .debug_abbrev  0x000006cf      0x36f ./drivers/fsl_clock.o
 .debug_abbrev  0x00000a3e      0x1b8 ./drivers/fsl_gpio.o
 .debug_abbrev  0x00000bf6      0x309 ./drivers/fsl_lpsci.o
 .debug_abbrev  0x00000eff      0x323 ./drivers/fsl_uart.o
 .debug_abbrev  0x00001222      0x1a7 ./board/board.o
 .debug_abbrev  0x000013c9      0x211 ./board/clock_config.o
 .debug_abbrev  0x000015da       0x31 ./board/peripherals.o
 .debug_abbrev  0x0000160b      0x20a ./board/pin_mux.o
 .debug_abbrev  0x00001815      0x156 ./CMSIS/system_MKL25Z4.o

.debug_aranges  0x00000000      0x7b0
 .debug_aranges
                0x00000000       0x48 ./utilities/fsl_debug_console.o
 .debug_aranges
                0x00000048      0x160 ./startup/startup_mkl25z4.o
 .debug_aranges
                0x000001a8       0x40 ./source/delayer/delayer.o
 .debug_aranges
                0x000001e8       0x30 ./source/GPIO_SDK_aula.o
 .debug_aranges
                0x00000218       0x18 ./source/mtb.o
 .debug_aranges
                0x00000230       0x20 ./source/semihost_hardfault.o
 .debug_aranges
                0x00000250      0x1d8 ./drivers/fsl_clock.o
 .debug_aranges
                0x00000428       0x40 ./drivers/fsl_gpio.o
 .debug_aranges
                0x00000468      0x118 ./drivers/fsl_lpsci.o
 .debug_aranges
                0x00000580      0x130 ./drivers/fsl_uart.o
 .debug_aranges
                0x000006b0       0x28 ./board/board.o
 .debug_aranges
                0x000006d8       0x58 ./board/clock_config.o
 .debug_aranges
                0x00000730       0x20 ./board/peripherals.o
 .debug_aranges
                0x00000750       0x38 ./board/pin_mux.o
 .debug_aranges
                0x00000788       0x28 ./CMSIS/system_MKL25Z4.o

.debug_ranges   0x00000000      0x6b8
 .debug_ranges  0x00000000       0x38 ./utilities/fsl_debug_console.o
 .debug_ranges  0x00000038      0x150 ./startup/startup_mkl25z4.o
 .debug_ranges  0x00000188       0x30 ./source/delayer/delayer.o
 .debug_ranges  0x000001b8       0x20 ./source/GPIO_SDK_aula.o
 .debug_ranges  0x000001d8       0x10 ./source/semihost_hardfault.o
 .debug_ranges  0x000001e8      0x1c8 ./drivers/fsl_clock.o
 .debug_ranges  0x000003b0       0x30 ./drivers/fsl_gpio.o
 .debug_ranges  0x000003e0      0x108 ./drivers/fsl_lpsci.o
 .debug_ranges  0x000004e8      0x120 ./drivers/fsl_uart.o
 .debug_ranges  0x00000608       0x18 ./board/board.o
 .debug_ranges  0x00000620       0x48 ./board/clock_config.o
 .debug_ranges  0x00000668       0x10 ./board/peripherals.o
 .debug_ranges  0x00000678       0x28 ./board/pin_mux.o
 .debug_ranges  0x000006a0       0x18 ./CMSIS/system_MKL25Z4.o

.debug_macro    0x00000000     0x8e54
 .debug_macro   0x00000000      0x13a ./utilities/fsl_debug_console.o
 .debug_macro   0x0000013a      0xaa8 ./utilities/fsl_debug_console.o
 .debug_macro   0x00000be2       0x10 ./utilities/fsl_debug_console.o
 .debug_macro   0x00000bf2       0x16 ./utilities/fsl_debug_console.o
 .debug_macro   0x00000c08       0x10 ./utilities/fsl_debug_console.o
 .debug_macro   0x00000c18      0x12e ./utilities/fsl_debug_console.o
 .debug_macro   0x00000d46       0x28 ./utilities/fsl_debug_console.o
 .debug_macro   0x00000d6e       0xc4 ./utilities/fsl_debug_console.o
 .debug_macro   0x00000e32       0x16 ./utilities/fsl_debug_console.o
 .debug_macro   0x00000e48       0x22 ./utilities/fsl_debug_console.o
 .debug_macro   0x00000e6a      0x5b3 ./utilities/fsl_debug_console.o
 .debug_macro   0x0000141d       0x10 ./utilities/fsl_debug_console.o
 .debug_macro   0x0000142d       0x3f ./utilities/fsl_debug_console.o
 .debug_macro   0x0000146c       0x3a ./utilities/fsl_debug_console.o
 .debug_macro   0x000014a6       0x26 ./utilities/fsl_debug_console.o
 .debug_macro   0x000014cc      0x329 ./utilities/fsl_debug_console.o
 .debug_macro   0x000017f5       0x30 ./utilities/fsl_debug_console.o
 .debug_macro   0x00001825     0x51e2 ./utilities/fsl_debug_console.o
 .debug_macro   0x00006a07     0x1352 ./utilities/fsl_debug_console.o
 .debug_macro   0x00007d59       0x3a ./utilities/fsl_debug_console.o
 .debug_macro   0x00007d93       0xf4 ./utilities/fsl_debug_console.o
 .debug_macro   0x00007e87       0x35 ./utilities/fsl_debug_console.o
 .debug_macro   0x00007ebc       0xd2 ./utilities/fsl_debug_console.o
 .debug_macro   0x00007f8e       0x2e ./utilities/fsl_debug_console.o
 .debug_macro   0x00007fbc       0x10 ./utilities/fsl_debug_console.o
 .debug_macro   0x00007fcc       0x10 ./utilities/fsl_debug_console.o
 .debug_macro   0x00007fdc       0x29 ./startup/startup_mkl25z4.o
 .debug_macro   0x00008005       0x97 ./source/delayer/delayer.o
 .debug_macro   0x0000809c       0x34 ./source/delayer/delayer.o
 .debug_macro   0x000080d0       0x2e ./source/delayer/delayer.o
 .debug_macro   0x000080fe      0x14c ./source/GPIO_SDK_aula.o
 .debug_macro   0x0000824a       0xd8 ./source/GPIO_SDK_aula.o
 .debug_macro   0x00008322       0x16 ./source/GPIO_SDK_aula.o
 .debug_macro   0x00008338       0x10 ./source/GPIO_SDK_aula.o
 .debug_macro   0x00008348      0x112 ./source/GPIO_SDK_aula.o
 .debug_macro   0x0000845a       0x40 ./source/GPIO_SDK_aula.o
 .debug_macro   0x0000849a       0x34 ./source/GPIO_SDK_aula.o
 .debug_macro   0x000084ce       0x10 ./source/GPIO_SDK_aula.o
 .debug_macro   0x000084de       0x34 ./source/GPIO_SDK_aula.o
 .debug_macro   0x00008512       0x2f ./source/mtb.o
 .debug_macro   0x00008541       0x82 ./source/mtb.o
 .debug_macro   0x000085c3       0x10 ./source/mtb.o
 .debug_macro   0x000085d3       0x11 ./source/semihost_hardfault.o
 .debug_macro   0x000085e4      0x196 ./drivers/fsl_clock.o
 .debug_macro   0x0000877a       0x1c ./drivers/fsl_clock.o
 .debug_macro   0x00008796       0xec ./drivers/fsl_gpio.o
 .debug_macro   0x00008882       0xec ./drivers/fsl_lpsci.o
 .debug_macro   0x0000896e       0xf2 ./drivers/fsl_uart.o
 .debug_macro   0x00008a60      0x12b ./board/board.o
 .debug_macro   0x00008b8b      0x123 ./board/clock_config.o
 .debug_macro   0x00008cae       0x1b ./board/peripherals.o
 .debug_macro   0x00008cc9       0xf7 ./board/pin_mux.o
 .debug_macro   0x00008dc0       0x94 ./CMSIS/system_MKL25Z4.o

.debug_line     0x00000000     0x4a75
 .debug_line    0x00000000      0x40a ./utilities/fsl_debug_console.o
 .debug_line    0x0000040a      0x1e7 ./startup/startup_mkl25z4.o
 .debug_line    0x000005f1      0x28d ./source/delayer/delayer.o
 .debug_line    0x0000087e      0x36f ./source/GPIO_SDK_aula.o
 .debug_line    0x00000bed       0xd1 ./source/mtb.o
 .debug_line    0x00000cbe       0x5a ./source/semihost_hardfault.o
 .debug_line    0x00000d18     0x12b1 ./drivers/fsl_clock.o
 .debug_line    0x00001fc9      0x34b ./drivers/fsl_gpio.o
 .debug_line    0x00002314      0xd32 ./drivers/fsl_lpsci.o
 .debug_line    0x00003046      0xd21 ./drivers/fsl_uart.o
 .debug_line    0x00003d67      0x2ee ./board/board.o
 .debug_line    0x00004055      0x373 ./board/clock_config.o
 .debug_line    0x000043c8       0x5c ./board/peripherals.o
 .debug_line    0x00004424      0x312 ./board/pin_mux.o
 .debug_line    0x00004736      0x33f ./CMSIS/system_MKL25Z4.o

.debug_str      0x00000000    0x36202
 .debug_str     0x00000000    0x315b7 ./utilities/fsl_debug_console.o
                              0x31804 (size before relaxing)
 .debug_str     0x000315b7      0x3e1 ./startup/startup_mkl25z4.o
                               0x31c8 (size before relaxing)
 .debug_str     0x00031998      0x436 ./source/delayer/delayer.o
                              0x2915a (size before relaxing)
 .debug_str     0x00031dce      0xfcd ./source/GPIO_SDK_aula.o
                              0x320bf (size before relaxing)
 .debug_str     0x00032d9b      0x532 ./source/mtb.o
                               0x32d4 (size before relaxing)
 .debug_str     0x000332cd       0x1f ./source/semihost_hardfault.o
                               0x2dc1 (size before relaxing)
 .debug_str     0x000332ec     0x1590 ./drivers/fsl_clock.o
                              0x322cf (size before relaxing)
 .debug_str     0x0003487c       0xcc ./drivers/fsl_gpio.o
                              0x30b34 (size before relaxing)
 .debug_str     0x00034948      0xb5e ./drivers/fsl_lpsci.o
                              0x318d7 (size before relaxing)
 .debug_str     0x000354a6      0x832 ./drivers/fsl_uart.o
                              0x318fa (size before relaxing)
 .debug_str     0x00035cd8       0x4c ./board/board.o
                              0x31747 (size before relaxing)
 .debug_str     0x00035d24      0x300 ./board/clock_config.o
                              0x311fd (size before relaxing)
 .debug_str     0x00036024       0x31 ./board/peripherals.o
                               0x2dd2 (size before relaxing)
 .debug_str     0x00036055      0x15e ./board/pin_mux.o
                              0x30b4c (size before relaxing)
 .debug_str     0x000361b3       0x4f ./CMSIS/system_MKL25Z4.o
                              0x2fc39 (size before relaxing)

.comment        0x00000000       0x75
 .comment       0x00000000       0x75 ./utilities/fsl_debug_console.o
                                 0x76 (size before relaxing)
 .comment       0x00000075       0x76 ./startup/startup_mkl25z4.o
 .comment       0x00000075       0x76 ./source/delayer/delayer.o
 .comment       0x00000075       0x76 ./source/GPIO_SDK_aula.o
 .comment       0x00000075       0x76 ./source/mtb.o
 .comment       0x00000075       0x76 ./source/semihost_hardfault.o
 .comment       0x00000075       0x76 ./drivers/fsl_clock.o
 .comment       0x00000075       0x76 ./drivers/fsl_gpio.o
 .comment       0x00000075       0x76 ./drivers/fsl_lpsci.o
 .comment       0x00000075       0x76 ./drivers/fsl_uart.o
 .comment       0x00000075       0x76 ./board/board.o
 .comment       0x00000075       0x76 ./board/clock_config.o
 .comment       0x00000075       0x76 ./board/peripherals.o
 .comment       0x00000075       0x76 ./board/pin_mux.o
 .comment       0x00000075       0x76 ./CMSIS/system_MKL25Z4.o
 .comment       0x00000075       0x76 c:/nxp/mcuxpressoide_11.0.0_2516/ide/plugins/com.nxp.mcuxpresso.tools.win32_11.0.0.201905131304/tools/bin/../lib/gcc/arm-none-eabi/8.2.1/../../../../arm-none-eabi/lib/thumb/v6-m/nofp\libcr_semihost_nf.a(_cr__main.o)
 .comment       0x00000075       0x76 c:/nxp/mcuxpressoide_11.0.0_2516/ide/plugins/com.nxp.mcuxpresso.tools.win32_11.0.0.201905131304/tools/bin/../lib/gcc/arm-none-eabi/8.2.1/../../../../arm-none-eabi/lib/thumb/v6-m/nofp\libcr_semihost_nf.a(_cr_assert.o)
 .comment       0x00000075       0x76 c:/nxp/mcuxpressoide_11.0.0_2516/ide/plugins/com.nxp.mcuxpresso.tools.win32_11.0.0.201905131304/tools/bin/../lib/gcc/arm-none-eabi/8.2.1/../../../../arm-none-eabi/lib/thumb/v6-m/nofp\libcr_semihost_nf.a(__ciob.o)
 .comment       0x00000075       0x76 c:/nxp/mcuxpressoide_11.0.0_2516/ide/plugins/com.nxp.mcuxpresso.tools.win32_11.0.0.201905131304/tools/bin/../lib/gcc/arm-none-eabi/8.2.1/../../../../arm-none-eabi/lib/thumb/v6-m/nofp\libcr_c.a(memset.o)
 .comment       0x00000075       0x76 c:/nxp/mcuxpressoide_11.0.0_2516/ide/plugins/com.nxp.mcuxpresso.tools.win32_11.0.0.201905131304/tools/bin/../lib/gcc/arm-none-eabi/8.2.1/../../../../arm-none-eabi/lib/thumb/v6-m/nofp\libcr_c.a(_deferredlazyseek.o)
 .comment       0x00000075       0x76 c:/nxp/mcuxpressoide_11.0.0_2516/ide/plugins/com.nxp.mcuxpresso.tools.win32_11.0.0.201905131304/tools/bin/../lib/gcc/arm-none-eabi/8.2.1/../../../../arm-none-eabi/lib/thumb/v6-m/nofp\libcr_c.a(_fflush.o)
 .comment       0x00000075       0x76 c:/nxp/mcuxpressoide_11.0.0_2516/ide/plugins/com.nxp.mcuxpresso.tools.win32_11.0.0.201905131304/tools/bin/../lib/gcc/arm-none-eabi/8.2.1/../../../../arm-none-eabi/lib/thumb/v6-m/nofp\libcr_c.a(_writebuf.o)
 .comment       0x00000075       0x76 c:/nxp/mcuxpressoide_11.0.0_2516/ide/plugins/com.nxp.mcuxpresso.tools.win32_11.0.0.201905131304/tools/bin/../lib/gcc/arm-none-eabi/8.2.1/../../../../arm-none-eabi/lib/thumb/v6-m/nofp\libcr_c.a(alloc.o)
 .comment       0x00000075       0x76 c:/nxp/mcuxpressoide_11.0.0_2516/ide/plugins/com.nxp.mcuxpresso.tools.win32_11.0.0.201905131304/tools/bin/../lib/gcc/arm-none-eabi/8.2.1/../../../../arm-none-eabi/lib/thumb/v6-m/nofp\libcr_c.a(fputs.o)
 .comment       0x00000075       0x76 c:/nxp/mcuxpressoide_11.0.0_2516/ide/plugins/com.nxp.mcuxpresso.tools.win32_11.0.0.201905131304/tools/bin/../lib/gcc/arm-none-eabi/8.2.1/../../../../arm-none-eabi/lib/thumb/v6-m/nofp\libcr_c.a(fseek.o)
 .comment       0x00000075       0x76 c:/nxp/mcuxpressoide_11.0.0_2516/ide/plugins/com.nxp.mcuxpresso.tools.win32_11.0.0.201905131304/tools/bin/../lib/gcc/arm-none-eabi/8.2.1/../../../../arm-none-eabi/lib/thumb/v6-m/nofp\libcr_c.a(ftell.o)
 .comment       0x00000075       0x76 c:/nxp/mcuxpressoide_11.0.0_2516/ide/plugins/com.nxp.mcuxpresso.tools.win32_11.0.0.201905131304/tools/bin/../lib/gcc/arm-none-eabi/8.2.1/../../../../arm-none-eabi/lib/thumb/v6-m/nofp\libcr_c.a(initio.o)
 .comment       0x00000075       0x76 c:/nxp/mcuxpressoide_11.0.0_2516/ide/plugins/com.nxp.mcuxpresso.tools.win32_11.0.0.201905131304/tools/bin/../lib/gcc/arm-none-eabi/8.2.1/../../../../arm-none-eabi/lib/thumb/v6-m/nofp\libcr_c.a(setvbuf.o)
 .comment       0x00000075       0x76 c:/nxp/mcuxpressoide_11.0.0_2516/ide/plugins/com.nxp.mcuxpresso.tools.win32_11.0.0.201905131304/tools/bin/../lib/gcc/arm-none-eabi/8.2.1/../../../../arm-none-eabi/lib/thumb/v6-m/nofp\libcr_c.a(__init_alloc.o)
 .comment       0x00000075       0x76 c:/nxp/mcuxpressoide_11.0.0_2516/ide/plugins/com.nxp.mcuxpresso.tools.win32_11.0.0.201905131304/tools/bin/../lib/gcc/arm-none-eabi/8.2.1/../../../../arm-none-eabi/lib/thumb/v6-m/nofp\libcr_c.a(_cr_sbrk.o)
 .comment       0x00000075       0x76 c:/nxp/mcuxpressoide_11.0.0_2516/ide/plugins/com.nxp.mcuxpresso.tools.win32_11.0.0.201905131304/tools/bin/../lib/gcc/arm-none-eabi/8.2.1/../../../../arm-none-eabi/lib/thumb/v6-m/nofp\libcr_c.a(_fdopen.o)
 .comment       0x00000075       0x76 c:/nxp/mcuxpressoide_11.0.0_2516/ide/plugins/com.nxp.mcuxpresso.tools.win32_11.0.0.201905131304/tools/bin/../lib/gcc/arm-none-eabi/8.2.1/../../../../arm-none-eabi/lib/thumb/v6-m/nofp\libcr_c.a(errno.o)
 .comment       0x00000075       0x76 c:/nxp/mcuxpressoide_11.0.0_2516/ide/plugins/com.nxp.mcuxpresso.tools.win32_11.0.0.201905131304/tools/bin/../lib/gcc/arm-none-eabi/8.2.1/../../../../arm-none-eabi/lib/thumb/v6-m/nofp\libcr_c.a(fclose.o)
 .comment       0x00000075       0x76 c:/nxp/mcuxpressoide_11.0.0_2516/ide/plugins/com.nxp.mcuxpresso.tools.win32_11.0.0.201905131304/tools/bin/../lib/gcc/arm-none-eabi/8.2.1/../../../../arm-none-eabi/lib/thumb/v6-m/nofp\libcr_c.a(fflush.o)
 .comment       0x00000075       0x76 c:/nxp/mcuxpressoide_11.0.0_2516/ide/plugins/com.nxp.mcuxpresso.tools.win32_11.0.0.201905131304/tools/bin/../lib/gcc/arm-none-eabi/8.2.1/../../../../arm-none-eabi/lib/thumb/v6-m/nofp\libcr_c.a(remove.o)
 .comment       0x00000075       0x76 c:/nxp/mcuxpressoide_11.0.0_2516/ide/plugins/com.nxp.mcuxpresso.tools.win32_11.0.0.201905131304/tools/bin/../lib/gcc/arm-none-eabi/8.2.1/../../../../arm-none-eabi/lib/thumb/v6-m/nofp\libcr_c.a(strlen.o)
 .comment       0x00000075       0x76 c:/nxp/mcuxpressoide_11.0.0_2516/ide/plugins/com.nxp.mcuxpresso.tools.win32_11.0.0.201905131304/tools/bin/../lib/gcc/arm-none-eabi/8.2.1/../../../../arm-none-eabi/lib/thumb/v6-m/nofp\libcr_c.a(_cr_check_heap.o)
 .comment       0x00000075       0x76 c:/nxp/mcuxpressoide_11.0.0_2516/ide/plugins/com.nxp.mcuxpresso.tools.win32_11.0.0.201905131304/tools/bin/../lib/gcc/arm-none-eabi/8.2.1/../../../../arm-none-eabi/lib/thumb/v6-m/nofp\libcr_c.a(_do_fflush.o)

.ARM.attributes
                0x00000000       0x2a
 .ARM.attributes
                0x00000000       0x2c ./utilities/fsl_debug_console.o
 .ARM.attributes
                0x0000002c       0x2c ./startup/startup_mkl25z4.o
 .ARM.attributes
                0x00000058       0x2c ./source/delayer/delayer.o
 .ARM.attributes
                0x00000084       0x2c ./source/GPIO_SDK_aula.o
 .ARM.attributes
                0x000000b0       0x32 ./source/mtb.o
 .ARM.attributes
                0x000000e2       0x2c ./source/semihost_hardfault.o
 .ARM.attributes
                0x0000010e       0x2c ./drivers/fsl_clock.o
 .ARM.attributes
                0x0000013a       0x2c ./drivers/fsl_gpio.o
 .ARM.attributes
                0x00000166       0x2c ./drivers/fsl_lpsci.o
 .ARM.attributes
                0x00000192       0x2c ./drivers/fsl_uart.o
 .ARM.attributes
                0x000001be       0x2c ./board/board.o
 .ARM.attributes
                0x000001ea       0x2c ./board/clock_config.o
 .ARM.attributes
                0x00000216       0x2c ./board/peripherals.o
 .ARM.attributes
                0x00000242       0x2c ./board/pin_mux.o
 .ARM.attributes
                0x0000026e       0x2c ./CMSIS/system_MKL25Z4.o
 .ARM.attributes
                0x0000029a       0x2c c:/nxp/mcuxpressoide_11.0.0_2516/ide/plugins/com.nxp.mcuxpresso.tools.win32_11.0.0.201905131304/tools/bin/../lib/gcc/arm-none-eabi/8.2.1/../../../../arm-none-eabi/lib/thumb/v6-m/nofp\libcr_semihost_nf.a(_cr__main.o)
 .ARM.attributes
                0x000002c6       0x2c c:/nxp/mcuxpressoide_11.0.0_2516/ide/plugins/com.nxp.mcuxpresso.tools.win32_11.0.0.201905131304/tools/bin/../lib/gcc/arm-none-eabi/8.2.1/../../../../arm-none-eabi/lib/thumb/v6-m/nofp\libcr_semihost_nf.a(_cr_assert.o)
 .ARM.attributes
                0x000002f2       0x31 c:/nxp/mcuxpressoide_11.0.0_2516/ide/plugins/com.nxp.mcuxpresso.tools.win32_11.0.0.201905131304/tools/bin/../lib/gcc/arm-none-eabi/8.2.1/../../../../arm-none-eabi/lib/thumb/v6-m/nofp\libcr_semihost_nf.a(__ciob.o)
 .ARM.attributes
                0x00000323       0x1c c:/nxp/mcuxpressoide_11.0.0_2516/ide/plugins/com.nxp.mcuxpresso.tools.win32_11.0.0.201905131304/tools/bin/../lib/gcc/arm-none-eabi/8.2.1/../../../../arm-none-eabi/lib/thumb/v6-m/nofp\libcr_semihost_nf.a(__sys_appexit.o)
 .ARM.attributes
                0x0000033f       0x2c c:/nxp/mcuxpressoide_11.0.0_2516/ide/plugins/com.nxp.mcuxpresso.tools.win32_11.0.0.201905131304/tools/bin/../lib/gcc/arm-none-eabi/8.2.1/../../../../arm-none-eabi/lib/thumb/v6-m/nofp\libcr_c.a(memset.o)
 .ARM.attributes
                0x0000036b       0x2c c:/nxp/mcuxpressoide_11.0.0_2516/ide/plugins/com.nxp.mcuxpresso.tools.win32_11.0.0.201905131304/tools/bin/../lib/gcc/arm-none-eabi/8.2.1/../../../../arm-none-eabi/lib/thumb/v6-m/nofp\libcr_c.a(_deferredlazyseek.o)
 .ARM.attributes
                0x00000397       0x2c c:/nxp/mcuxpressoide_11.0.0_2516/ide/plugins/com.nxp.mcuxpresso.tools.win32_11.0.0.201905131304/tools/bin/../lib/gcc/arm-none-eabi/8.2.1/../../../../arm-none-eabi/lib/thumb/v6-m/nofp\libcr_c.a(_fflush.o)
 .ARM.attributes
                0x000003c3       0x2c c:/nxp/mcuxpressoide_11.0.0_2516/ide/plugins/com.nxp.mcuxpresso.tools.win32_11.0.0.201905131304/tools/bin/../lib/gcc/arm-none-eabi/8.2.1/../../../../arm-none-eabi/lib/thumb/v6-m/nofp\libcr_c.a(_writebuf.o)
 .ARM.attributes
                0x000003ef       0x2c c:/nxp/mcuxpressoide_11.0.0_2516/ide/plugins/com.nxp.mcuxpresso.tools.win32_11.0.0.201905131304/tools/bin/../lib/gcc/arm-none-eabi/8.2.1/../../../../arm-none-eabi/lib/thumb/v6-m/nofp\libcr_c.a(alloc.o)
 .ARM.attributes
                0x0000041b       0x2c c:/nxp/mcuxpressoide_11.0.0_2516/ide/plugins/com.nxp.mcuxpresso.tools.win32_11.0.0.201905131304/tools/bin/../lib/gcc/arm-none-eabi/8.2.1/../../../../arm-none-eabi/lib/thumb/v6-m/nofp\libcr_c.a(fputs.o)
 .ARM.attributes
                0x00000447       0x2c c:/nxp/mcuxpressoide_11.0.0_2516/ide/plugins/com.nxp.mcuxpresso.tools.win32_11.0.0.201905131304/tools/bin/../lib/gcc/arm-none-eabi/8.2.1/../../../../arm-none-eabi/lib/thumb/v6-m/nofp\libcr_c.a(fseek.o)
 .ARM.attributes
                0x00000473       0x2c c:/nxp/mcuxpressoide_11.0.0_2516/ide/plugins/com.nxp.mcuxpresso.tools.win32_11.0.0.201905131304/tools/bin/../lib/gcc/arm-none-eabi/8.2.1/../../../../arm-none-eabi/lib/thumb/v6-m/nofp\libcr_c.a(ftell.o)
 .ARM.attributes
                0x0000049f       0x2c c:/nxp/mcuxpressoide_11.0.0_2516/ide/plugins/com.nxp.mcuxpresso.tools.win32_11.0.0.201905131304/tools/bin/../lib/gcc/arm-none-eabi/8.2.1/../../../../arm-none-eabi/lib/thumb/v6-m/nofp\libcr_c.a(initio.o)
 .ARM.attributes
                0x000004cb       0x2c c:/nxp/mcuxpressoide_11.0.0_2516/ide/plugins/com.nxp.mcuxpresso.tools.win32_11.0.0.201905131304/tools/bin/../lib/gcc/arm-none-eabi/8.2.1/../../../../arm-none-eabi/lib/thumb/v6-m/nofp\libcr_c.a(setvbuf.o)
 .ARM.attributes
                0x000004f7       0x2c c:/nxp/mcuxpressoide_11.0.0_2516/ide/plugins/com.nxp.mcuxpresso.tools.win32_11.0.0.201905131304/tools/bin/../lib/gcc/arm-none-eabi/8.2.1/../../../../arm-none-eabi/lib/thumb/v6-m/nofp\libcr_c.a(__init_alloc.o)
 .ARM.attributes
                0x00000523       0x2c c:/nxp/mcuxpressoide_11.0.0_2516/ide/plugins/com.nxp.mcuxpresso.tools.win32_11.0.0.201905131304/tools/bin/../lib/gcc/arm-none-eabi/8.2.1/../../../../arm-none-eabi/lib/thumb/v6-m/nofp\libcr_c.a(_cr_sbrk.o)
 .ARM.attributes
                0x0000054f       0x2c c:/nxp/mcuxpressoide_11.0.0_2516/ide/plugins/com.nxp.mcuxpresso.tools.win32_11.0.0.201905131304/tools/bin/../lib/gcc/arm-none-eabi/8.2.1/../../../../arm-none-eabi/lib/thumb/v6-m/nofp\libcr_c.a(_fdopen.o)
 .ARM.attributes
                0x0000057b       0x31 c:/nxp/mcuxpressoide_11.0.0_2516/ide/plugins/com.nxp.mcuxpresso.tools.win32_11.0.0.201905131304/tools/bin/../lib/gcc/arm-none-eabi/8.2.1/../../../../arm-none-eabi/lib/thumb/v6-m/nofp\libcr_c.a(errno.o)
 .ARM.attributes
                0x000005ac       0x2c c:/nxp/mcuxpressoide_11.0.0_2516/ide/plugins/com.nxp.mcuxpresso.tools.win32_11.0.0.201905131304/tools/bin/../lib/gcc/arm-none-eabi/8.2.1/../../../../arm-none-eabi/lib/thumb/v6-m/nofp\libcr_c.a(fclose.o)
 .ARM.attributes
                0x000005d8       0x2c c:/nxp/mcuxpressoide_11.0.0_2516/ide/plugins/com.nxp.mcuxpresso.tools.win32_11.0.0.201905131304/tools/bin/../lib/gcc/arm-none-eabi/8.2.1/../../../../arm-none-eabi/lib/thumb/v6-m/nofp\libcr_c.a(fflush.o)
 .ARM.attributes
                0x00000604       0x2c c:/nxp/mcuxpressoide_11.0.0_2516/ide/plugins/com.nxp.mcuxpresso.tools.win32_11.0.0.201905131304/tools/bin/../lib/gcc/arm-none-eabi/8.2.1/../../../../arm-none-eabi/lib/thumb/v6-m/nofp\libcr_c.a(remove.o)
 .ARM.attributes
                0x00000630       0x2c c:/nxp/mcuxpressoide_11.0.0_2516/ide/plugins/com.nxp.mcuxpresso.tools.win32_11.0.0.201905131304/tools/bin/../lib/gcc/arm-none-eabi/8.2.1/../../../../arm-none-eabi/lib/thumb/v6-m/nofp\libcr_c.a(strlen.o)
 .ARM.attributes
                0x0000065c       0x2c c:/nxp/mcuxpressoide_11.0.0_2516/ide/plugins/com.nxp.mcuxpresso.tools.win32_11.0.0.201905131304/tools/bin/../lib/gcc/arm-none-eabi/8.2.1/../../../../arm-none-eabi/lib/thumb/v6-m/nofp\libcr_c.a(_cr_check_heap.o)
 .ARM.attributes
                0x00000688       0x2c c:/nxp/mcuxpressoide_11.0.0_2516/ide/plugins/com.nxp.mcuxpresso.tools.win32_11.0.0.201905131304/tools/bin/../lib/gcc/arm-none-eabi/8.2.1/../../../../arm-none-eabi/lib/thumb/v6-m/nofp\libcr_c.a(_do_fflush.o)
 .ARM.attributes
                0x000006b4       0x1c c:/nxp/mcuxpressoide_11.0.0_2516/ide/plugins/com.nxp.mcuxpresso.tools.win32_11.0.0.201905131304/tools/bin/../lib/gcc/arm-none-eabi/8.2.1/thumb/v6-m/nofp\libcr_eabihelpers.a(division_32.o)
 .ARM.attributes
                0x000006d0       0x1c c:/nxp/mcuxpressoide_11.0.0_2516/ide/plugins/com.nxp.mcuxpresso.tools.win32_11.0.0.201905131304/tools/bin/../lib/gcc/arm-none-eabi/8.2.1/thumb/v6-m/nofp\libcr_eabihelpers.a(division_idiv0.o)
 .ARM.attributes
                0x000006ec       0x1c c:/nxp/mcuxpressoide_11.0.0_2516/ide/plugins/com.nxp.mcuxpresso.tools.win32_11.0.0.201905131304/tools/bin/../lib/gcc/arm-none-eabi/8.2.1/thumb/v6-m/nofp\libcr_eabihelpers.a(memcpy.o)
 .ARM.attributes
                0x00000708       0x1c c:/nxp/mcuxpressoide_11.0.0_2516/ide/plugins/com.nxp.mcuxpresso.tools.win32_11.0.0.201905131304/tools/bin/../lib/gcc/arm-none-eabi/8.2.1/../../../../arm-none-eabi/lib/thumb/v6-m/nofp\libcr_semihost_nf.a(__sys_close.o)
 .ARM.attributes
                0x00000724       0x1c c:/nxp/mcuxpressoide_11.0.0_2516/ide/plugins/com.nxp.mcuxpresso.tools.win32_11.0.0.201905131304/tools/bin/../lib/gcc/arm-none-eabi/8.2.1/../../../../arm-none-eabi/lib/thumb/v6-m/nofp\libcr_semihost_nf.a(__sys_flen.o)
 .ARM.attributes
                0x00000740       0x1c c:/nxp/mcuxpressoide_11.0.0_2516/ide/plugins/com.nxp.mcuxpresso.tools.win32_11.0.0.201905131304/tools/bin/../lib/gcc/arm-none-eabi/8.2.1/../../../../arm-none-eabi/lib/thumb/v6-m/nofp\libcr_semihost_nf.a(__sys_istty.o)
 .ARM.attributes
                0x0000075c       0x1c c:/nxp/mcuxpressoide_11.0.0_2516/ide/plugins/com.nxp.mcuxpresso.tools.win32_11.0.0.201905131304/tools/bin/../lib/gcc/arm-none-eabi/8.2.1/../../../../arm-none-eabi/lib/thumb/v6-m/nofp\libcr_semihost_nf.a(__sys_remove.o)
 .ARM.attributes
                0x00000778       0x1c c:/nxp/mcuxpressoide_11.0.0_2516/ide/plugins/com.nxp.mcuxpresso.tools.win32_11.0.0.201905131304/tools/bin/../lib/gcc/arm-none-eabi/8.2.1/../../../../arm-none-eabi/lib/thumb/v6-m/nofp\libcr_semihost_nf.a(__sys_seek.o)
 .ARM.attributes
                0x00000794       0x1c c:/nxp/mcuxpressoide_11.0.0_2516/ide/plugins/com.nxp.mcuxpresso.tools.win32_11.0.0.201905131304/tools/bin/../lib/gcc/arm-none-eabi/8.2.1/../../../../arm-none-eabi/lib/thumb/v6-m/nofp\libcr_semihost_nf.a(__sys_tmpnam.o)
 .ARM.attributes
                0x000007b0       0x1c c:/nxp/mcuxpressoide_11.0.0_2516/ide/plugins/com.nxp.mcuxpresso.tools.win32_11.0.0.201905131304/tools/bin/../lib/gcc/arm-none-eabi/8.2.1/../../../../arm-none-eabi/lib/thumb/v6-m/nofp\libcr_semihost_nf.a(__sys_write.o)

.debug_frame    0x00000000     0x17fc
 .debug_frame   0x00000000       0xcc ./utilities/fsl_debug_console.o
 .debug_frame   0x000000cc      0x3b0 ./startup/startup_mkl25z4.o
 .debug_frame   0x0000047c       0x90 ./source/delayer/delayer.o
 .debug_frame   0x0000050c       0x6c ./source/GPIO_SDK_aula.o
 .debug_frame   0x00000578       0x20 ./source/semihost_hardfault.o
 .debug_frame   0x00000598      0x6e0 ./drivers/fsl_clock.o
 .debug_frame   0x00000c78       0xb0 ./drivers/fsl_gpio.o
 .debug_frame   0x00000d28      0x418 ./drivers/fsl_lpsci.o
 .debug_frame   0x00001140      0x468 ./drivers/fsl_uart.o
 .debug_frame   0x000015a8       0x50 ./board/board.o
 .debug_frame   0x000015f8      0x100 ./board/clock_config.o
 .debug_frame   0x000016f8       0x2c ./board/peripherals.o
 .debug_frame   0x00001724       0x8c ./board/pin_mux.o
 .debug_frame   0x000017b0       0x4c ./CMSIS/system_MKL25Z4.o

Cross Reference Table

Symbol                                            File
ADC0_DriverIRQHandler                             ./startup/startup_mkl25z4.o
ADC0_IRQHandler                                   ./startup/startup_mkl25z4.o
BOARD_BootClockRUN                                ./board/clock_config.o
BOARD_BootClockVLPR                               ./board/clock_config.o
BOARD_InitBootClocks                              ./board/clock_config.o
                                                  ./source/GPIO_SDK_aula.o
BOARD_InitBootPeripherals                         ./board/peripherals.o
                                                  ./source/GPIO_SDK_aula.o
BOARD_InitBootPins                                ./board/pin_mux.o
                                                  ./source/GPIO_SDK_aula.o
BOARD_InitDebugConsole                            ./board/board.o
                                                  ./source/GPIO_SDK_aula.o
BOARD_InitPins                                    ./board/pin_mux.o
CLOCK_BootToBlpeMode                              ./drivers/fsl_clock.o
CLOCK_BootToBlpiMode                              ./drivers/fsl_clock.o
                                                  ./board/clock_config.o
CLOCK_BootToFeeMode                               ./drivers/fsl_clock.o
CLOCK_BootToFeiMode                               ./drivers/fsl_clock.o
CLOCK_BootToPeeMode                               ./drivers/fsl_clock.o
                                                  ./board/clock_config.o
CLOCK_CalcPllDiv                                  ./drivers/fsl_clock.o
CLOCK_ClearStatusFlags                            ./drivers/fsl_clock.o
CLOCK_DeinitOsc0                                  ./drivers/fsl_clock.o
CLOCK_EnablePll0                                  ./drivers/fsl_clock.o
CLOCK_EnableUsbfs0Clock                           ./drivers/fsl_clock.o
CLOCK_ExternalModeToFbeModeQuick                  ./drivers/fsl_clock.o
CLOCK_FllStableDelay                              ./drivers/fsl_clock.o
CLOCK_GetBusClkFreq                               ./drivers/fsl_clock.o
CLOCK_GetCoreSysClkFreq                           ./drivers/fsl_clock.o
                                                  ./source/delayer/delayer.o
CLOCK_GetEr32kClkFreq                             ./drivers/fsl_clock.o
CLOCK_GetFixedFreqClkFreq                         ./drivers/fsl_clock.o
CLOCK_GetFlashClkFreq                             ./drivers/fsl_clock.o
CLOCK_GetFllFreq                                  ./drivers/fsl_clock.o
CLOCK_GetFreq                                     ./drivers/fsl_clock.o
CLOCK_GetInternalRefClkFreq                       ./drivers/fsl_clock.o
CLOCK_GetMode                                     ./drivers/fsl_clock.o
CLOCK_GetOsc0ErClkFreq                            ./drivers/fsl_clock.o
CLOCK_GetOutClkFreq                               ./drivers/fsl_clock.o
CLOCK_GetPlatClkFreq                              ./drivers/fsl_clock.o
CLOCK_GetPll0Freq                                 ./drivers/fsl_clock.o
CLOCK_GetPllFllSelClkFreq                         ./drivers/fsl_clock.o
                                                  ./board/board.o
CLOCK_GetStatusFlags                              ./drivers/fsl_clock.o
CLOCK_InitOsc0                                    ./drivers/fsl_clock.o
                                                  ./board/clock_config.o
CLOCK_InternalModeToFbiModeQuick                  ./drivers/fsl_clock.o
CLOCK_SetBlpeMode                                 ./drivers/fsl_clock.o
CLOCK_SetBlpiMode                                 ./drivers/fsl_clock.o
CLOCK_SetExternalRefClkConfig                     ./drivers/fsl_clock.o
CLOCK_SetFbeMode                                  ./drivers/fsl_clock.o
CLOCK_SetFbiMode                                  ./drivers/fsl_clock.o
CLOCK_SetFeeMode                                  ./drivers/fsl_clock.o
CLOCK_SetFeiMode                                  ./drivers/fsl_clock.o
CLOCK_SetInternalRefClkConfig                     ./drivers/fsl_clock.o
                                                  ./board/clock_config.o
CLOCK_SetMcgConfig                                ./drivers/fsl_clock.o
CLOCK_SetOsc0MonitorMode                          ./drivers/fsl_clock.o
CLOCK_SetPbeMode                                  ./drivers/fsl_clock.o
CLOCK_SetPeeMode                                  ./drivers/fsl_clock.o
CLOCK_SetPll0MonitorMode                          ./drivers/fsl_clock.o
CLOCK_SetSimConfig                                ./drivers/fsl_clock.o
                                                  ./board/clock_config.o
CLOCK_TrimInternalRefClk                          ./drivers/fsl_clock.o
CMP0_DriverIRQHandler                             ./startup/startup_mkl25z4.o
CMP0_IRQHandler                                   ./startup/startup_mkl25z4.o
DAC0_DriverIRQHandler                             ./startup/startup_mkl25z4.o
DAC0_IRQHandler                                   ./startup/startup_mkl25z4.o
DMA0_DriverIRQHandler                             ./startup/startup_mkl25z4.o
DMA0_IRQHandler                                   ./startup/startup_mkl25z4.o
DMA1_DriverIRQHandler                             ./startup/startup_mkl25z4.o
DMA1_IRQHandler                                   ./startup/startup_mkl25z4.o
DMA2_DriverIRQHandler                             ./startup/startup_mkl25z4.o
DMA2_IRQHandler                                   ./startup/startup_mkl25z4.o
DMA3_DriverIRQHandler                             ./startup/startup_mkl25z4.o
DMA3_IRQHandler                                   ./startup/startup_mkl25z4.o
DbgConsole_Deinit                                 ./utilities/fsl_debug_console.o
DbgConsole_Init                                   ./utilities/fsl_debug_console.o
                                                  ./board/board.o
FLASH_Erase                                       ./drivers/fsl_flash.o
FLASH_EraseAll                                    ./drivers/fsl_flash.o
FLASH_EraseAllExecuteOnlySegments                 ./drivers/fsl_flash.o
FLASH_GetProperty                                 ./drivers/fsl_flash.o
FLASH_GetSecurityState                            ./drivers/fsl_flash.o
FLASH_Init                                        ./drivers/fsl_flash.o
FLASH_IsExecuteOnly                               ./drivers/fsl_flash.o
FLASH_IsProtected                                 ./drivers/fsl_flash.o
FLASH_PflashGetPrefetchSpeculation                ./drivers/fsl_flash.o
FLASH_PflashGetProtection                         ./drivers/fsl_flash.o
FLASH_PflashSetPrefetchSpeculation                ./drivers/fsl_flash.o
                                                  ./drivers/fsl_smc.o
FLASH_PflashSetProtection                         ./drivers/fsl_flash.o
FLASH_PrepareExecuteInRamFunctions                ./drivers/fsl_flash.o
FLASH_Program                                     ./drivers/fsl_flash.o
FLASH_ProgramOnce                                 ./drivers/fsl_flash.o
FLASH_ReadOnce                                    ./drivers/fsl_flash.o
FLASH_ReadResource                                ./drivers/fsl_flash.o
FLASH_SecurityBypass                              ./drivers/fsl_flash.o
FLASH_SetCallback                                 ./drivers/fsl_flash.o
FLASH_SetProperty                                 ./drivers/fsl_flash.o
FLASH_VerifyErase                                 ./drivers/fsl_flash.o
FLASH_VerifyEraseAll                              ./drivers/fsl_flash.o
FLASH_VerifyEraseAllExecuteOnlySegments           ./drivers/fsl_flash.o
FLASH_VerifyProgram                               ./drivers/fsl_flash.o
FTFA_DriverIRQHandler                             ./startup/startup_mkl25z4.o
FTFA_IRQHandler                                   ./startup/startup_mkl25z4.o
Flash_Config                                      ./startup/startup_mkl25z4.o
GPIO_ClearPinsInterruptFlags                      ./drivers/fsl_gpio.o
GPIO_GetPinsInterruptFlags                        ./drivers/fsl_gpio.o
GPIO_PinInit                                      ./drivers/fsl_gpio.o
                                                  ./board/pin_mux.o
HardFault_Handler                                 ./source/semihost_hardfault.o
                                                  ./startup/startup_mkl25z4.o
I2C0_DriverIRQHandler                             ./startup/startup_mkl25z4.o
I2C0_IRQHandler                                   ./startup/startup_mkl25z4.o
I2C1_DriverIRQHandler                             ./startup/startup_mkl25z4.o
I2C1_IRQHandler                                   ./startup/startup_mkl25z4.o
InstallIRQHandler                                 ./drivers/fsl_common.o
IntDefaultHandler                                 ./startup/startup_mkl25z4.o
LLWU_DriverIRQHandler                             ./startup/startup_mkl25z4.o
LLWU_IRQHandler                                   ./startup/startup_mkl25z4.o
LPSCI_ClearStatusFlags                            ./drivers/fsl_lpsci.o
LPSCI_Deinit                                      ./drivers/fsl_lpsci.o
                                                  ./utilities/fsl_debug_console.o
LPSCI_DisableInterrupts                           ./drivers/fsl_lpsci.o
LPSCI_EnableInterrupts                            ./drivers/fsl_lpsci.o
LPSCI_GetDefaultConfig                            ./drivers/fsl_lpsci.o
                                                  ./utilities/fsl_debug_console.o
LPSCI_GetEnabledInterrupts                        ./drivers/fsl_lpsci.o
LPSCI_GetInstance                                 ./drivers/fsl_lpsci.o
LPSCI_GetStatusFlags                              ./drivers/fsl_lpsci.o
LPSCI_Init                                        ./drivers/fsl_lpsci.o
                                                  ./utilities/fsl_debug_console.o
LPSCI_ReadBlocking                                ./drivers/fsl_lpsci.o
                                                  ./utilities/fsl_debug_console.o
LPSCI_SetBaudRate                                 ./drivers/fsl_lpsci.o
LPSCI_TransferAbortReceive                        ./drivers/fsl_lpsci.o
LPSCI_TransferAbortSend                           ./drivers/fsl_lpsci.o
LPSCI_TransferCreateHandle                        ./drivers/fsl_lpsci.o
LPSCI_TransferGetReceiveCount                     ./drivers/fsl_lpsci.o
LPSCI_TransferGetSendCount                        ./drivers/fsl_lpsci.o
LPSCI_TransferHandleErrorIRQ                      ./drivers/fsl_lpsci.o
LPSCI_TransferHandleIRQ                           ./drivers/fsl_lpsci.o
LPSCI_TransferReceiveNonBlocking                  ./drivers/fsl_lpsci.o
LPSCI_TransferSendNonBlocking                     ./drivers/fsl_lpsci.o
LPSCI_TransferStartRingBuffer                     ./drivers/fsl_lpsci.o
LPSCI_TransferStopRingBuffer                      ./drivers/fsl_lpsci.o
LPSCI_WriteBlocking                               ./drivers/fsl_lpsci.o
                                                  ./utilities/fsl_debug_console.o
LPTMR0_DriverIRQHandler                           ./startup/startup_mkl25z4.o
LPTMR0_IRQHandler                                 ./startup/startup_mkl25z4.o
LVD_LVW_DriverIRQHandler                          ./startup/startup_mkl25z4.o
LVD_LVW_IRQHandler                                ./startup/startup_mkl25z4.o
MCG_DriverIRQHandler                              ./startup/startup_mkl25z4.o
MCG_IRQHandler                                    ./startup/startup_mkl25z4.o
NMI_Handler                                       ./startup/startup_mkl25z4.o
PIT_DriverIRQHandler                              ./startup/startup_mkl25z4.o
PIT_IRQHandler                                    ./startup/startup_mkl25z4.o
PORTA_DriverIRQHandler                            ./startup/startup_mkl25z4.o
PORTA_IRQHandler                                  ./startup/startup_mkl25z4.o
PORTD_DriverIRQHandler                            ./startup/startup_mkl25z4.o
PORTD_IRQHandler                                  ./startup/startup_mkl25z4.o
PendSV_Handler                                    ./startup/startup_mkl25z4.o
RTC_DriverIRQHandler                              ./startup/startup_mkl25z4.o
RTC_IRQHandler                                    ./startup/startup_mkl25z4.o
RTC_Seconds_DriverIRQHandler                      ./startup/startup_mkl25z4.o
RTC_Seconds_IRQHandler                            ./startup/startup_mkl25z4.o
Reserved20_DriverIRQHandler                       ./startup/startup_mkl25z4.o
Reserved20_IRQHandler                             ./startup/startup_mkl25z4.o
Reserved39_DriverIRQHandler                       ./startup/startup_mkl25z4.o
Reserved39_IRQHandler                             ./startup/startup_mkl25z4.o
Reserved45_DriverIRQHandler                       ./startup/startup_mkl25z4.o
Reserved45_IRQHandler                             ./startup/startup_mkl25z4.o
ResetISR                                          ./startup/startup_mkl25z4.o
SMC_PostExitStopModes                             ./drivers/fsl_smc.o
SMC_PreEnterStopModes                             ./drivers/fsl_smc.o
SMC_SetPowerModeLls                               ./drivers/fsl_smc.o
SMC_SetPowerModeRun                               ./drivers/fsl_smc.o
SMC_SetPowerModeStop                              ./drivers/fsl_smc.o
SMC_SetPowerModeVlls                              ./drivers/fsl_smc.o
SMC_SetPowerModeVlpr                              ./drivers/fsl_smc.o
                                                  ./board/clock_config.o
SMC_SetPowerModeVlps                              ./drivers/fsl_smc.o
SMC_SetPowerModeVlpw                              ./drivers/fsl_smc.o
SMC_SetPowerModeWait                              ./drivers/fsl_smc.o
SPI0_DriverIRQHandler                             ./startup/startup_mkl25z4.o
SPI0_IRQHandler                                   ./startup/startup_mkl25z4.o
SPI1_DriverIRQHandler                             ./startup/startup_mkl25z4.o
SPI1_IRQHandler                                   ./startup/startup_mkl25z4.o
SVC_Handler                                       ./startup/startup_mkl25z4.o
SysTick_Handler                                   ./startup/startup_mkl25z4.o
SystemCoreClock                                   ./CMSIS/system_MKL25Z4.o
                                                  ./board/clock_config.o
SystemCoreClockUpdate                             ./CMSIS/system_MKL25Z4.o
SystemInit                                        ./CMSIS/system_MKL25Z4.o
                                                  ./startup/startup_mkl25z4.o
TPM0_DriverIRQHandler                             ./startup/startup_mkl25z4.o
TPM0_IRQHandler                                   ./startup/startup_mkl25z4.o
TPM1_DriverIRQHandler                             ./startup/startup_mkl25z4.o
TPM1_IRQHandler                                   ./startup/startup_mkl25z4.o
TPM2_DriverIRQHandler                             ./startup/startup_mkl25z4.o
TPM2_IRQHandler                                   ./startup/startup_mkl25z4.o
TSI0_DriverIRQHandler                             ./startup/startup_mkl25z4.o
TSI0_IRQHandler                                   ./startup/startup_mkl25z4.o
UART0_DriverIRQHandler                            ./drivers/fsl_lpsci.o
                                                  ./startup/startup_mkl25z4.o
UART0_IRQHandler                                  ./startup/startup_mkl25z4.o
UART1_DriverIRQHandler                            ./drivers/fsl_uart.o
                                                  ./startup/startup_mkl25z4.o
UART1_IRQHandler                                  ./startup/startup_mkl25z4.o
UART1_RX_TX_DriverIRQHandler                      ./drivers/fsl_uart.o
UART2_DriverIRQHandler                            ./drivers/fsl_uart.o
                                                  ./startup/startup_mkl25z4.o
UART2_IRQHandler                                  ./startup/startup_mkl25z4.o
UART2_RX_TX_DriverIRQHandler                      ./drivers/fsl_uart.o
UART_ClearStatusFlags                             ./drivers/fsl_uart.o
UART_Deinit                                       ./drivers/fsl_uart.o
                                                  ./utilities/fsl_debug_console.o
UART_DisableInterrupts                            ./drivers/fsl_uart.o
UART_EnableInterrupts                             ./drivers/fsl_uart.o
UART_GetDefaultConfig                             ./drivers/fsl_uart.o
                                                  ./utilities/fsl_debug_console.o
UART_GetEnabledInterrupts                         ./drivers/fsl_uart.o
UART_GetInstance                                  ./drivers/fsl_uart.o
UART_GetStatusFlags                               ./drivers/fsl_uart.o
UART_Init                                         ./drivers/fsl_uart.o
                                                  ./utilities/fsl_debug_console.o
UART_ReadBlocking                                 ./drivers/fsl_uart.o
                                                  ./utilities/fsl_debug_console.o
UART_SetBaudRate                                  ./drivers/fsl_uart.o
UART_TransferAbortReceive                         ./drivers/fsl_uart.o
UART_TransferAbortSend                            ./drivers/fsl_uart.o
UART_TransferCreateHandle                         ./drivers/fsl_uart.o
UART_TransferGetReceiveCount                      ./drivers/fsl_uart.o
UART_TransferGetSendCount                         ./drivers/fsl_uart.o
UART_TransferHandleErrorIRQ                       ./drivers/fsl_uart.o
UART_TransferHandleIRQ                            ./drivers/fsl_uart.o
UART_TransferReceiveNonBlocking                   ./drivers/fsl_uart.o
UART_TransferSendNonBlocking                      ./drivers/fsl_uart.o
UART_TransferStartRingBuffer                      ./drivers/fsl_uart.o
UART_TransferStopRingBuffer                       ./drivers/fsl_uart.o
UART_WriteBlocking                                ./drivers/fsl_uart.o
                                                  ./utilities/fsl_debug_console.o
USB0_DriverIRQHandler                             ./startup/startup_mkl25z4.o
USB0_IRQHandler                                   ./startup/startup_mkl25z4.o
_Csys_alloc                                       c:/nxp/mcuxpressoide_11.0.0_2516/ide/plugins/com.nxp.mcuxpresso.tools.win32_11.0.0.201905131304/tools/bin/../lib/gcc/arm-none-eabi/8.2.1/../../../../arm-none-eabi/lib/thumb/v6-m/nofp\libcr_c.a(alloc.o)
                                                  c:/nxp/mcuxpressoide_11.0.0_2516/ide/plugins/com.nxp.mcuxpresso.tools.win32_11.0.0.201905131304/tools/bin/../lib/gcc/arm-none-eabi/8.2.1/../../../../arm-none-eabi/lib/thumb/v6-m/nofp\libcr_c.a(_deferredlazyseek.o)
_Cwritebuf                                        c:/nxp/mcuxpressoide_11.0.0_2516/ide/plugins/com.nxp.mcuxpresso.tools.win32_11.0.0.201905131304/tools/bin/../lib/gcc/arm-none-eabi/8.2.1/../../../../arm-none-eabi/lib/thumb/v6-m/nofp\libcr_c.a(_writebuf.o)
                                                  c:/nxp/mcuxpressoide_11.0.0_2516/ide/plugins/com.nxp.mcuxpresso.tools.win32_11.0.0.201905131304/tools/bin/../lib/gcc/arm-none-eabi/8.2.1/../../../../arm-none-eabi/lib/thumb/v6-m/nofp\libcr_c.a(_fflush.o)
                                                  c:/nxp/mcuxpressoide_11.0.0_2516/ide/plugins/com.nxp.mcuxpresso.tools.win32_11.0.0.201905131304/tools/bin/../lib/gcc/arm-none-eabi/8.2.1/../../../../arm-none-eabi/lib/thumb/v6-m/nofp\libcr_c.a(_deferredlazyseek.o)
__CR_SEMIHOST                                     c:/nxp/mcuxpressoide_11.0.0_2516/ide/plugins/com.nxp.mcuxpresso.tools.win32_11.0.0.201905131304/tools/bin/../lib/gcc/arm-none-eabi/8.2.1/../../../../arm-none-eabi/lib/thumb/v6-m/nofp\libcr_semihost_nf.a(_cr__main.o)
__Ciob                                            c:/nxp/mcuxpressoide_11.0.0_2516/ide/plugins/com.nxp.mcuxpresso.tools.win32_11.0.0.201905131304/tools/bin/../lib/gcc/arm-none-eabi/8.2.1/../../../../arm-none-eabi/lib/thumb/v6-m/nofp\libcr_semihost_nf.a(__ciob.o)
                                                  c:/nxp/mcuxpressoide_11.0.0_2516/ide/plugins/com.nxp.mcuxpresso.tools.win32_11.0.0.201905131304/tools/bin/../lib/gcc/arm-none-eabi/8.2.1/../../../../arm-none-eabi/lib/thumb/v6-m/nofp\libcr_c.a(fflush.o)
                                                  c:/nxp/mcuxpressoide_11.0.0_2516/ide/plugins/com.nxp.mcuxpresso.tools.win32_11.0.0.201905131304/tools/bin/../lib/gcc/arm-none-eabi/8.2.1/../../../../arm-none-eabi/lib/thumb/v6-m/nofp\libcr_c.a(initio.o)
                                                  c:/nxp/mcuxpressoide_11.0.0_2516/ide/plugins/com.nxp.mcuxpresso.tools.win32_11.0.0.201905131304/tools/bin/../lib/gcc/arm-none-eabi/8.2.1/../../../../arm-none-eabi/lib/thumb/v6-m/nofp\libcr_semihost_nf.a(_cr_assert.o)
__RAM_VECTOR_TABLE_SIZE_BYTES                     ./drivers/fsl_common.o
__VECTOR_RAM                                      ./drivers/fsl_common.o
__VECTOR_TABLE                                    ./drivers/fsl_common.o
__Vectors                                         ./startup/startup_mkl25z4.o
__aeabi_idiv                                      c:/nxp/mcuxpressoide_11.0.0_2516/ide/plugins/com.nxp.mcuxpresso.tools.win32_11.0.0.201905131304/tools/bin/../lib/gcc/arm-none-eabi/8.2.1/thumb/v6-m/nofp\libcr_eabihelpers.a(division_32.o)
                                                  ./source/delayer/delayer.o
__aeabi_idiv0                                     c:/nxp/mcuxpressoide_11.0.0_2516/ide/plugins/com.nxp.mcuxpresso.tools.win32_11.0.0.201905131304/tools/bin/../lib/gcc/arm-none-eabi/8.2.1/thumb/v6-m/nofp\libcr_eabihelpers.a(division_idiv0.o)
                                                  c:/nxp/mcuxpressoide_11.0.0_2516/ide/plugins/com.nxp.mcuxpresso.tools.win32_11.0.0.201905131304/tools/bin/../lib/gcc/arm-none-eabi/8.2.1/thumb/v6-m/nofp\libcr_eabihelpers.a(division_32.o)
__aeabi_idivmod                                   c:/nxp/mcuxpressoide_11.0.0_2516/ide/plugins/com.nxp.mcuxpresso.tools.win32_11.0.0.201905131304/tools/bin/../lib/gcc/arm-none-eabi/8.2.1/thumb/v6-m/nofp\libcr_eabihelpers.a(division_32.o)
__aeabi_lowlevel_memset                           c:/nxp/mcuxpressoide_11.0.0_2516/ide/plugins/com.nxp.mcuxpresso.tools.win32_11.0.0.201905131304/tools/bin/../lib/gcc/arm-none-eabi/8.2.1/thumb/v6-m/nofp\libcr_eabihelpers.a(memcpy.o)
                                                  c:/nxp/mcuxpressoide_11.0.0_2516/ide/plugins/com.nxp.mcuxpresso.tools.win32_11.0.0.201905131304/tools/bin/../lib/gcc/arm-none-eabi/8.2.1/../../../../arm-none-eabi/lib/thumb/v6-m/nofp\libcr_c.a(memset.o)
__aeabi_memclr                                    c:/nxp/mcuxpressoide_11.0.0_2516/ide/plugins/com.nxp.mcuxpresso.tools.win32_11.0.0.201905131304/tools/bin/../lib/gcc/arm-none-eabi/8.2.1/thumb/v6-m/nofp\libcr_eabihelpers.a(memcpy.o)
__aeabi_memclr4                                   c:/nxp/mcuxpressoide_11.0.0_2516/ide/plugins/com.nxp.mcuxpresso.tools.win32_11.0.0.201905131304/tools/bin/../lib/gcc/arm-none-eabi/8.2.1/thumb/v6-m/nofp\libcr_eabihelpers.a(memcpy.o)
__aeabi_memclr8                                   c:/nxp/mcuxpressoide_11.0.0_2516/ide/plugins/com.nxp.mcuxpresso.tools.win32_11.0.0.201905131304/tools/bin/../lib/gcc/arm-none-eabi/8.2.1/thumb/v6-m/nofp\libcr_eabihelpers.a(memcpy.o)
__aeabi_memcpy                                    c:/nxp/mcuxpressoide_11.0.0_2516/ide/plugins/com.nxp.mcuxpresso.tools.win32_11.0.0.201905131304/tools/bin/../lib/gcc/arm-none-eabi/8.2.1/thumb/v6-m/nofp\libcr_eabihelpers.a(memcpy.o)
                                                  c:/nxp/mcuxpressoide_11.0.0_2516/ide/plugins/com.nxp.mcuxpresso.tools.win32_11.0.0.201905131304/tools/bin/../lib/gcc/arm-none-eabi/8.2.1/../../../../arm-none-eabi/lib/thumb/v6-m/nofp\libcr_c.a(memcpy.o)
__aeabi_memcpy4                                   c:/nxp/mcuxpressoide_11.0.0_2516/ide/plugins/com.nxp.mcuxpresso.tools.win32_11.0.0.201905131304/tools/bin/../lib/gcc/arm-none-eabi/8.2.1/thumb/v6-m/nofp\libcr_eabihelpers.a(memcpy.o)
__aeabi_memcpy8                                   c:/nxp/mcuxpressoide_11.0.0_2516/ide/plugins/com.nxp.mcuxpresso.tools.win32_11.0.0.201905131304/tools/bin/../lib/gcc/arm-none-eabi/8.2.1/thumb/v6-m/nofp\libcr_eabihelpers.a(memcpy.o)
__aeabi_memmove                                   c:/nxp/mcuxpressoide_11.0.0_2516/ide/plugins/com.nxp.mcuxpresso.tools.win32_11.0.0.201905131304/tools/bin/../lib/gcc/arm-none-eabi/8.2.1/thumb/v6-m/nofp\libcr_eabihelpers.a(memcpy.o)
__aeabi_memmove4                                  c:/nxp/mcuxpressoide_11.0.0_2516/ide/plugins/com.nxp.mcuxpresso.tools.win32_11.0.0.201905131304/tools/bin/../lib/gcc/arm-none-eabi/8.2.1/thumb/v6-m/nofp\libcr_eabihelpers.a(memcpy.o)
__aeabi_memmove8                                  c:/nxp/mcuxpressoide_11.0.0_2516/ide/plugins/com.nxp.mcuxpresso.tools.win32_11.0.0.201905131304/tools/bin/../lib/gcc/arm-none-eabi/8.2.1/thumb/v6-m/nofp\libcr_eabihelpers.a(memcpy.o)
__aeabi_memset                                    c:/nxp/mcuxpressoide_11.0.0_2516/ide/plugins/com.nxp.mcuxpresso.tools.win32_11.0.0.201905131304/tools/bin/../lib/gcc/arm-none-eabi/8.2.1/thumb/v6-m/nofp\libcr_eabihelpers.a(memcpy.o)
__aeabi_memset4                                   c:/nxp/mcuxpressoide_11.0.0_2516/ide/plugins/com.nxp.mcuxpresso.tools.win32_11.0.0.201905131304/tools/bin/../lib/gcc/arm-none-eabi/8.2.1/thumb/v6-m/nofp\libcr_eabihelpers.a(memcpy.o)
__aeabi_memset8                                   c:/nxp/mcuxpressoide_11.0.0_2516/ide/plugins/com.nxp.mcuxpresso.tools.win32_11.0.0.201905131304/tools/bin/../lib/gcc/arm-none-eabi/8.2.1/thumb/v6-m/nofp\libcr_eabihelpers.a(memcpy.o)
__aeabi_uidiv                                     c:/nxp/mcuxpressoide_11.0.0_2516/ide/plugins/com.nxp.mcuxpresso.tools.win32_11.0.0.201905131304/tools/bin/../lib/gcc/arm-none-eabi/8.2.1/thumb/v6-m/nofp\libcr_eabihelpers.a(division_32.o)
                                                  ./CMSIS/system_MKL25Z4.o
                                                  ./drivers/fsl_uart.o
                                                  ./drivers/fsl_lpsci.o
                                                  ./drivers/fsl_flash.o
                                                  ./drivers/fsl_clock.o
__aeabi_uidivmod                                  c:/nxp/mcuxpressoide_11.0.0_2516/ide/plugins/com.nxp.mcuxpresso.tools.win32_11.0.0.201905131304/tools/bin/../lib/gcc/arm-none-eabi/8.2.1/thumb/v6-m/nofp\libcr_eabihelpers.a(division_32.o)
                                                  ./drivers/fsl_flash.o
__assertion_failed                                c:/nxp/mcuxpressoide_11.0.0_2516/ide/plugins/com.nxp.mcuxpresso.tools.win32_11.0.0.201905131304/tools/bin/../lib/gcc/arm-none-eabi/8.2.1/../../../../arm-none-eabi/lib/thumb/v6-m/nofp\libcr_semihost_nf.a(_cr_assert.o)
                                                  ./drivers/fsl_uart.o
                                                  ./drivers/fsl_lpsci.o
                                                  ./drivers/fsl_gpio.o
                                                  ./drivers/fsl_clock.o
__bss_section_table_end                           ./startup/startup_mkl25z4.o
__check_heap_overflow                             c:/nxp/mcuxpressoide_11.0.0_2516/ide/plugins/com.nxp.mcuxpresso.tools.win32_11.0.0.201905131304/tools/bin/../lib/gcc/arm-none-eabi/8.2.1/../../../../arm-none-eabi/lib/thumb/v6-m/nofp\libcr_c.a(_cr_check_heap.o)
                                                  c:/nxp/mcuxpressoide_11.0.0_2516/ide/plugins/com.nxp.mcuxpresso.tools.win32_11.0.0.201905131304/tools/bin/../lib/gcc/arm-none-eabi/8.2.1/../../../../arm-none-eabi/lib/thumb/v6-m/nofp\libcr_c.a(_cr_sbrk.o)
__data_section_table                              ./startup/startup_mkl25z4.o
__data_section_table_end                          ./startup/startup_mkl25z4.o
__end_of_heap                                     c:/nxp/mcuxpressoide_11.0.0_2516/ide/plugins/com.nxp.mcuxpresso.tools.win32_11.0.0.201905131304/tools/bin/../lib/gcc/arm-none-eabi/8.2.1/../../../../arm-none-eabi/lib/thumb/v6-m/nofp\libcr_c.a(__init_alloc.o)
                                                  c:/nxp/mcuxpressoide_11.0.0_2516/ide/plugins/com.nxp.mcuxpresso.tools.win32_11.0.0.201905131304/tools/bin/../lib/gcc/arm-none-eabi/8.2.1/../../../../arm-none-eabi/lib/thumb/v6-m/nofp\libcr_c.a(_cr_sbrk.o)
__exit                                            c:/nxp/mcuxpressoide_11.0.0_2516/ide/plugins/com.nxp.mcuxpresso.tools.win32_11.0.0.201905131304/tools/bin/../lib/gcc/arm-none-eabi/8.2.1/../../../../arm-none-eabi/lib/thumb/v6-m/nofp\libcr_semihost_nf.a(__sys_appexit.o)
__flsbuf                                          c:/nxp/mcuxpressoide_11.0.0_2516/ide/plugins/com.nxp.mcuxpresso.tools.win32_11.0.0.201905131304/tools/bin/../lib/gcc/arm-none-eabi/8.2.1/../../../../arm-none-eabi/lib/thumb/v6-m/nofp\libcr_c.a(_deferredlazyseek.o)
                                                  c:/nxp/mcuxpressoide_11.0.0_2516/ide/plugins/com.nxp.mcuxpresso.tools.win32_11.0.0.201905131304/tools/bin/../lib/gcc/arm-none-eabi/8.2.1/../../../../arm-none-eabi/lib/thumb/v6-m/nofp\libcr_c.a(fputs.o)
                                                  c:/nxp/mcuxpressoide_11.0.0_2516/ide/plugins/com.nxp.mcuxpresso.tools.win32_11.0.0.201905131304/tools/bin/../lib/gcc/arm-none-eabi/8.2.1/../../../../arm-none-eabi/lib/thumb/v6-m/nofp\libcr_semihost_nf.a(_cr_assert.o)
__heaps                                           c:/nxp/mcuxpressoide_11.0.0_2516/ide/plugins/com.nxp.mcuxpresso.tools.win32_11.0.0.201905131304/tools/bin/../lib/gcc/arm-none-eabi/8.2.1/../../../../arm-none-eabi/lib/thumb/v6-m/nofp\libcr_c.a(__init_alloc.o)
                                                  c:/nxp/mcuxpressoide_11.0.0_2516/ide/plugins/com.nxp.mcuxpresso.tools.win32_11.0.0.201905131304/tools/bin/../lib/gcc/arm-none-eabi/8.2.1/../../../../arm-none-eabi/lib/thumb/v6-m/nofp\libcr_c.a(alloc.o)
__main                                            c:/nxp/mcuxpressoide_11.0.0_2516/ide/plugins/com.nxp.mcuxpresso.tools.win32_11.0.0.201905131304/tools/bin/../lib/gcc/arm-none-eabi/8.2.1/../../../../arm-none-eabi/lib/thumb/v6-m/nofp\libcr_semihost_nf.a(_cr__main.o)
                                                  ./startup/startup_mkl25z4.o
__mtb_buffer__                                    ./source/mtb.o