16:57:13 **** Build of configuration Debug for project ADC_grupos_aula ****
make -r -j4 all 
Building file: ../utilities/fsl_debug_console.c
Building file: ../startup/startup_mkl25z4.c
Building file: ../source/main.c
Building file: ../source/mtb.c
Invoking: MCU C Compiler
Invoking: MCU C Compiler
arm-none-eabi-gcc -DCPU_MKL25Z128VLK4 -DCPU_MKL25Z128VLK4_cm0plus -DSDK_OS_BAREMETAL -DFSL_RTOS_BM -DSDK_DEBUGCONSOLE=0 -DCR_INTEGER_PRINTF -DPRINTF_FLOAT_ENABLE=0 -D__MCUXPRESSO -D__USE_CMSIS -DDEBUG -D__REDLIB__ -I../board -I../source -I../ -I../drivers -I../CMSIS -I../utilities -I../startup -O0 -fno-common -g3 -Wall -c -fmessage-length=0 -fno-builtin -ffunction-sections -fdata-sections -fmerge-constants -fmacro-prefix-map="../utilities/"=. -mcpu=cortex-m0plus -mthumb -D__REDLIB__ -fstack-usage -specs=redlib.specs -MMD -MP -MF"utilities/fsl_debug_console.d" -MT"utilities/fsl_debug_console.o" -MT"utilities/fsl_debug_console.d" -o "utilities/fsl_debug_console.o" "../utilities/fsl_debug_console.c"
Invoking: MCU C Compiler
Invoking: MCU C Compiler
arm-none-eabi-gcc -DCPU_MKL25Z128VLK4 -DCPU_MKL25Z128VLK4_cm0plus -DSDK_OS_BAREMETAL -DFSL_RTOS_BM -DSDK_DEBUGCONSOLE=0 -DCR_INTEGER_PRINTF -DPRINTF_FLOAT_ENABLE=0 -D__MCUXPRESSO -D__USE_CMSIS -DDEBUG -D__REDLIB__ -I../board -I../source -I../ -I../drivers -I../CMSIS -I../utilities -I../startup -O0 -fno-common -g3 -Wall -c -fmessage-length=0 -fno-builtin -ffunction-sections -fdata-sections -fmerge-constants -fmacro-prefix-map="../startup/"=. -mcpu=cortex-m0plus -mthumb -D__REDLIB__ -fstack-usage -specs=redlib.specs -MMD -MP -MF"startup/startup_mkl25z4.d" -MT"startup/startup_mkl25z4.o" -MT"startup/startup_mkl25z4.d" -o "startup/startup_mkl25z4.o" "../startup/startup_mkl25z4.c"
arm-none-eabi-gcc -DCPU_MKL25Z128VLK4 -DCPU_MKL25Z128VLK4_cm0plus -DSDK_OS_BAREMETAL -DFSL_RTOS_BM -DSDK_DEBUGCONSOLE=0 -DCR_INTEGER_PRINTF -DPRINTF_FLOAT_ENABLE=0 -D__MCUXPRESSO -D__USE_CMSIS -DDEBUG -D__REDLIB__ -I../board -I../source -I../ -I../drivers -I../CMSIS -I../utilities -I../startup -O0 -fno-common -g3 -Wall -c -fmessage-length=0 -fno-builtin -ffunction-sections -fdata-sections -fmerge-constants -fmacro-prefix-map="../source/"=. -mcpu=cortex-m0plus -mthumb -D__REDLIB__ -fstack-usage -specs=redlib.specs -MMD -MP -MF"source/main.d" -MT"source/main.o" -MT"source/main.d" -o "source/main.o" "../source/main.c"
arm-none-eabi-gcc -DCPU_MKL25Z128VLK4 -DCPU_MKL25Z128VLK4_cm0plus -DSDK_OS_BAREMETAL -DFSL_RTOS_BM -DSDK_DEBUGCONSOLE=0 -DCR_INTEGER_PRINTF -DPRINTF_FLOAT_ENABLE=0 -D__MCUXPRESSO -D__USE_CMSIS -DDEBUG -D__REDLIB__ -I../board -I../source -I../ -I../drivers -I../CMSIS -I../utilities -I../startup -O0 -fno-common -g3 -Wall -c -fmessage-length=0 -fno-builtin -ffunction-sections -fdata-sections -fmerge-constants -fmacro-prefix-map="../source/"=. -mcpu=cortex-m0plus -mthumb -D__REDLIB__ -fstack-usage -specs=redlib.specs -MMD -MP -MF"source/mtb.d" -MT"source/mtb.o" -MT"source/mtb.d" -o "source/mtb.o" "../source/mtb.c"
Finished building: ../startup/startup_mkl25z4.c
Finished building: ../source/mtb.c
Finished building: ../utilities/fsl_debug_console.c
 
 
 
Building file: ../source/semihost_hardfault.c
Finished building: ../source/main.c
Building file: ../drivers/fsl_adc16.c
 
Invoking: MCU C Compiler
Building file: ../drivers/fsl_clock.c
arm-none-eabi-gcc -DCPU_MKL25Z128VLK4 -DCPU_MKL25Z128VLK4_cm0plus -DSDK_OS_BAREMETAL -DFSL_RTOS_BM -DSDK_DEBUGCONSOLE=0 -DCR_INTEGER_PRINTF -DPRINTF_FLOAT_ENABLE=0 -D__MCUXPRESSO -D__USE_CMSIS -DDEBUG -D__REDLIB__ -I../board -I../source -I../ -I../drivers -I../CMSIS -I../utilities -I../startup -O0 -fno-common -g3 -Wall -c -fmessage-length=0 -fno-builtin -ffunction-sections -fdata-sections -fmerge-constants -fmacro-prefix-map="../source/"=. -mcpu=cortex-m0plus -mthumb -D__REDLIB__ -fstack-usage -specs=redlib.specs -MMD -MP -MF"source/semihost_hardfault.d" -MT"source/semihost_hardfault.o" -MT"source/semihost_hardfault.d" -o "source/semihost_hardfault.o" "../source/semihost_hardfault.c"
Invoking: MCU C Compiler
Invoking: MCU C Compiler
Building file: ../drivers/fsl_common.c
arm-none-eabi-gcc -DCPU_MKL25Z128VLK4 -DCPU_MKL25Z128VLK4_cm0plus -DSDK_OS_BAREMETAL -DFSL_RTOS_BM -DSDK_DEBUGCONSOLE=0 -DCR_INTEGER_PRINTF -DPRINTF_FLOAT_ENABLE=0 -D__MCUXPRESSO -D__USE_CMSIS -DDEBUG -D__REDLIB__ -I../board -I../source -I../ -I../drivers -I../CMSIS -I../utilities -I../startup -O0 -fno-common -g3 -Wall -c -fmessage-length=0 -fno-builtin -ffunction-sections -fdata-sections -fmerge-constants -fmacro-prefix-map="../drivers/"=. -mcpu=cortex-m0plus -mthumb -D__REDLIB__ -fstack-usage -specs=redlib.specs -MMD -MP -MF"drivers/fsl_adc16.d" -MT"drivers/fsl_adc16.o" -MT"drivers/fsl_adc16.d" -o "drivers/fsl_adc16.o" "../drivers/fsl_adc16.c"
arm-none-eabi-gcc -DCPU_MKL25Z128VLK4 -DCPU_MKL25Z128VLK4_cm0plus -DSDK_OS_BAREMETAL -DFSL_RTOS_BM -DSDK_DEBUGCONSOLE=0 -DCR_INTEGER_PRINTF -DPRINTF_FLOAT_ENABLE=0 -D__MCUXPRESSO -D__USE_CMSIS -DDEBUG -D__REDLIB__ -I../board -I../source -I../ -I../drivers -I../CMSIS -I../utilities -I../startup -O0 -fno-common -g3 -Wall -c -fmessage-length=0 -fno-builtin -ffunction-sections -fdata-sections -fmerge-constants -fmacro-prefix-map="../drivers/"=. -mcpu=cortex-m0plus -mthumb -D__REDLIB__ -fstack-usage -specs=redlib.specs -MMD -MP -MF"drivers/fsl_clock.d" -MT"drivers/fsl_clock.o" -MT"drivers/fsl_clock.d" -o "drivers/fsl_clock.o" "../drivers/fsl_clock.c"
Invoking: MCU C Compiler
arm-none-eabi-gcc -DCPU_MKL25Z128VLK4 -DCPU_MKL25Z128VLK4_cm0plus -DSDK_OS_BAREMETAL -DFSL_RTOS_BM -DSDK_DEBUGCONSOLE=0 -DCR_INTEGER_PRINTF -DPRINTF_FLOAT_ENABLE=0 -D__MCUXPRESSO -D__USE_CMSIS -DDEBUG -D__REDLIB__ -I../board -I../source -I../ -I../drivers -I../CMSIS -I../utilities -I../startup -O0 -fno-common -g3 -Wall -c -fmessage-length=0 -fno-builtin -ffunction-sections -fdata-sections -fmerge-constants -fmacro-prefix-map="../drivers/"=. -mcpu=cortex-m0plus -mthumb -D__REDLIB__ -fstack-usage -specs=redlib.specs -MMD -MP -MF"drivers/fsl_common.d" -MT"drivers/fsl_common.o" -MT"drivers/fsl_common.d" -o "drivers/fsl_common.o" "../drivers/fsl_common.c"
Finished building: ../source/semihost_hardfault.c
 
Building file: ../drivers/fsl_flash.c
Finished building: ../drivers/fsl_adc16.c
Invoking: MCU C Compiler
arm-none-eabi-gcc -DCPU_MKL25Z128VLK4 -DCPU_MKL25Z128VLK4_cm0plus -DSDK_OS_BAREMETAL -DFSL_RTOS_BM -DSDK_DEBUGCONSOLE=0 -DCR_INTEGER_PRINTF -DPRINTF_FLOAT_ENABLE=0 -D__MCUXPRESSO -D__USE_CMSIS -DDEBUG -D__REDLIB__ -I../board -I../source -I../ -I../drivers -I../CMSIS -I../utilities -I../startup -O0 -fno-common -g3 -Wall -c -fmessage-length=0 -fno-builtin -ffunction-sections -fdata-sections -fmerge-constants -fmacro-prefix-map="../drivers/"=. -mcpu=cortex-m0plus -mthumb -D__REDLIB__ -fstack-usage -specs=redlib.specs -MMD -MP -MF"drivers/fsl_flash.d" -MT"drivers/fsl_flash.o" -MT"drivers/fsl_flash.d" -o "drivers/fsl_flash.o" "../drivers/fsl_flash.c"
 
Building file: ../drivers/fsl_gpio.c
Finished building: ../drivers/fsl_common.c
Invoking: MCU C Compiler
arm-none-eabi-gcc -DCPU_MKL25Z128VLK4 -DCPU_MKL25Z128VLK4_cm0plus -DSDK_OS_BAREMETAL -DFSL_RTOS_BM -DSDK_DEBUGCONSOLE=0 -DCR_INTEGER_PRINTF -DPRINTF_FLOAT_ENABLE=0 -D__MCUXPRESSO -D__USE_CMSIS -DDEBUG -D__REDLIB__ -I../board -I../source -I../ -I../drivers -I../CMSIS -I../utilities -I../startup -O0 -fno-common -g3 -Wall -c -fmessage-length=0 -fno-builtin -ffunction-sections -fdata-sections -fmerge-constants -fmacro-prefix-map="../drivers/"=. -mcpu=cortex-m0plus -mthumb -D__REDLIB__ -fstack-usage -specs=redlib.specs -MMD -MP -MF"drivers/fsl_gpio.d" -MT"drivers/fsl_gpio.o" -MT"drivers/fsl_gpio.d" -o "drivers/fsl_gpio.o" "../drivers/fsl_gpio.c"
 
Building file: ../drivers/fsl_lpsci.c
Invoking: MCU C Compiler
arm-none-eabi-gcc -DCPU_MKL25Z128VLK4 -DCPU_MKL25Z128VLK4_cm0plus -DSDK_OS_BAREMETAL -DFSL_RTOS_BM -DSDK_DEBUGCONSOLE=0 -DCR_INTEGER_PRINTF -DPRINTF_FLOAT_ENABLE=0 -D__MCUXPRESSO -D__USE_CMSIS -DDEBUG -D__REDLIB__ -I../board -I../source -I../ -I../drivers -I../CMSIS -I../utilities -I../startup -O0 -fno-common -g3 -Wall -c -fmessage-length=0 -fno-builtin -ffunction-sections -fdata-sections -fmerge-constants -fmacro-prefix-map="../drivers/"=. -mcpu=cortex-m0plus -mthumb -D__REDLIB__ -fstack-usage -specs=redlib.specs -MMD -MP -MF"drivers/fsl_lpsci.d" -MT"drivers/fsl_lpsci.o" -MT"drivers/fsl_lpsci.d" -o "drivers/fsl_lpsci.o" "../drivers/fsl_lpsci.c"
Finished building: ../drivers/fsl_clock.c
 
Building file: ../drivers/fsl_smc.c
Invoking: MCU C Compiler
arm-none-eabi-gcc -DCPU_MKL25Z128VLK4 -DCPU_MKL25Z128VLK4_cm0plus -DSDK_OS_BAREMETAL -DFSL_RTOS_BM -DSDK_DEBUGCONSOLE=0 -DCR_INTEGER_PRINTF -DPRINTF_FLOAT_ENABLE=0 -D__MCUXPRESSO -D__USE_CMSIS -DDEBUG -D__REDLIB__ -I../board -I../source -I../ -I../drivers -I../CMSIS -I../utilities -I../startup -O0 -fno-common -g3 -Wall -c -fmessage-length=0 -fno-builtin -ffunction-sections -fdata-sections -fmerge-constants -fmacro-prefix-map="../drivers/"=. -mcpu=cortex-m0plus -mthumb -D__REDLIB__ -fstack-usage -specs=redlib.specs -MMD -MP -MF"drivers/fsl_smc.d" -MT"drivers/fsl_smc.o" -MT"drivers/fsl_smc.d" -o "drivers/fsl_smc.o" "../drivers/fsl_smc.c"
Finished building: ../drivers/fsl_gpio.c
 
Finished building: ../drivers/fsl_flash.c
Building file: ../drivers/fsl_tpm.c
 
Invoking: MCU C Compiler
arm-none-eabi-gcc -DCPU_MKL25Z128VLK4 -DCPU_MKL25Z128VLK4_cm0plus -DSDK_OS_BAREMETAL -DFSL_RTOS_BM -DSDK_DEBUGCONSOLE=0 -DCR_INTEGER_PRINTF -DPRINTF_FLOAT_ENABLE=0 -D__MCUXPRESSO -D__USE_CMSIS -DDEBUG -D__REDLIB__ -I../board -I../source -I../ -I../drivers -I../CMSIS -I../utilities -I../startup -O0 -fno-common -g3 -Wall -c -fmessage-length=0 -fno-builtin -ffunction-sections -fdata-sections -fmerge-constants -fmacro-prefix-map="../drivers/"=. -mcpu=cortex-m0plus -mthumb -D__REDLIB__ -fstack-usage -specs=redlib.specs -MMD -MP -MF"drivers/fsl_tpm.d" -MT"drivers/fsl_tpm.o" -MT"drivers/fsl_tpm.d" -o "drivers/fsl_tpm.o" "../drivers/fsl_tpm.c"
Building file: ../drivers/fsl_uart.c
Invoking: MCU C Compiler
arm-none-eabi-gcc -DCPU_MKL25Z128VLK4 -DCPU_MKL25Z128VLK4_cm0plus -DSDK_OS_BAREMETAL -DFSL_RTOS_BM -DSDK_DEBUGCONSOLE=0 -DCR_INTEGER_PRINTF -DPRINTF_FLOAT_ENABLE=0 -D__MCUXPRESSO -D__USE_CMSIS -DDEBUG -D__REDLIB__ -I../board -I../source -I../ -I../drivers -I../CMSIS -I../utilities -I../startup -O0 -fno-common -g3 -Wall -c -fmessage-length=0 -fno-builtin -ffunction-sections -fdata-sections -fmerge-constants -fmacro-prefix-map="../drivers/"=. -mcpu=cortex-m0plus -mthumb -D__REDLIB__ -fstack-usage -specs=redlib.specs -MMD -MP -MF"drivers/fsl_uart.d" -MT"drivers/fsl_uart.o" -MT"drivers/fsl_uart.d" -o "drivers/fsl_uart.o" "../drivers/fsl_uart.c"
Finished building: ../drivers/fsl_lpsci.c
 
Building file: ../board/board.c
Invoking: MCU C Compiler
arm-none-eabi-gcc -DCPU_MKL25Z128VLK4 -DCPU_MKL25Z128VLK4_cm0plus -DSDK_OS_BAREMETAL -DFSL_RTOS_BM -DSDK_DEBUGCONSOLE=0 -DCR_INTEGER_PRINTF -DPRINTF_FLOAT_ENABLE=0 -D__MCUXPRESSO -D__USE_CMSIS -DDEBUG -D__REDLIB__ -I../board -I../source -I../ -I../drivers -I../CMSIS -I../utilities -I../startup -O0 -fno-common -g3 -Wall -c -fmessage-length=0 -fno-builtin -ffunction-sections -fdata-sections -fmerge-constants -fmacro-prefix-map="../board/"=. -mcpu=cortex-m0plus -mthumb -D__REDLIB__ -fstack-usage -specs=redlib.specs -MMD -MP -MF"board/board.d" -MT"board/board.o" -MT"board/board.d" -o "board/board.o" "../board/board.c"
Finished building: ../drivers/fsl_smc.c
 
Building file: ../board/clock_config.c
Invoking: MCU C Compiler
arm-none-eabi-gcc -DCPU_MKL25Z128VLK4 -DCPU_MKL25Z128VLK4_cm0plus -DSDK_OS_BAREMETAL -DFSL_RTOS_BM -DSDK_DEBUGCONSOLE=0 -DCR_INTEGER_PRINTF -DPRINTF_FLOAT_ENABLE=0 -D__MCUXPRESSO -D__USE_CMSIS -DDEBUG -D__REDLIB__ -I../board -I../source -I../ -I../drivers -I../CMSIS -I../utilities -I../startup -O0 -fno-common -g3 -Wall -c -fmessage-length=0 -fno-builtin -ffunction-sections -fdata-sections -fmerge-constants -fmacro-prefix-map="../board/"=. -mcpu=cortex-m0plus -mthumb -D__REDLIB__ -fstack-usage -specs=redlib.specs -MMD -MP -MF"board/clock_config.d" -MT"board/clock_config.o" -MT"board/clock_config.d" -o "board/clock_config.o" "../board/clock_config.c"
Finished building: ../drivers/fsl_tpm.c
 
Building file: ../board/peripherals.c
Invoking: MCU C Compiler
Finished building: ../drivers/fsl_uart.c
arm-none-eabi-gcc -DCPU_MKL25Z128VLK4 -DCPU_MKL25Z128VLK4_cm0plus -DSDK_OS_BAREMETAL -DFSL_RTOS_BM -DSDK_DEBUGCONSOLE=0 -DCR_INTEGER_PRINTF -DPRINTF_FLOAT_ENABLE=0 -D__MCUXPRESSO -D__USE_CMSIS -DDEBUG -D__REDLIB__ -I../board -I../source -I../ -I../drivers -I../CMSIS -I../utilities -I../startup -O0 -fno-common -g3 -Wall -c -fmessage-length=0 -fno-builtin -ffunction-sections -fdata-sections -fmerge-constants -fmacro-prefix-map="../board/"=. -mcpu=cortex-m0plus -mthumb -D__REDLIB__ -fstack-usage -specs=redlib.specs -MMD -MP -MF"board/peripherals.d" -MT"board/peripherals.o" -MT"board/peripherals.d" -o "board/peripherals.o" "../board/peripherals.c"
Finished building: ../board/board.c
 
 
Building file: ../board/pin_mux.c
Building file: ../CMSIS/system_MKL25Z4.c
Invoking: MCU C Compiler
Invoking: MCU C Compiler
arm-none-eabi-gcc -DCPU_MKL25Z128VLK4 -DCPU_MKL25Z128VLK4_cm0plus -DSDK_OS_BAREMETAL -DFSL_RTOS_BM -DSDK_DEBUGCONSOLE=0 -DCR_INTEGER_PRINTF -DPRINTF_FLOAT_ENABLE=0 -D__MCUXPRESSO -D__USE_CMSIS -DDEBUG -D__REDLIB__ -I../board -I../source -I../ -I../drivers -I../CMSIS -I../utilities -I../startup -O0 -fno-common -g3 -Wall -c -fmessage-length=0 -fno-builtin -ffunction-sections -fdata-sections -fmerge-constants -fmacro-prefix-map="../CMSIS/"=. -mcpu=cortex-m0plus -mthumb -D__REDLIB__ -fstack-usage -specs=redlib.specs -MMD -MP -MF"CMSIS/system_MKL25Z4.d" -MT"CMSIS/system_MKL25Z4.o" -MT"CMSIS/system_MKL25Z4.d" -o "CMSIS/system_MKL25Z4.o" "../CMSIS/system_MKL25Z4.c"
arm-none-eabi-gcc -DCPU_MKL25Z128VLK4 -DCPU_MKL25Z128VLK4_cm0plus -DSDK_OS_BAREMETAL -DFSL_RTOS_BM -DSDK_DEBUGCONSOLE=0 -DCR_INTEGER_PRINTF -DPRINTF_FLOAT_ENABLE=0 -D__MCUXPRESSO -D__USE_CMSIS -DDEBUG -D__REDLIB__ -I../board -I../source -I../ -I../drivers -I../CMSIS -I../utilities -I../startup -O0 -fno-common -g3 -Wall -c -fmessage-length=0 -fno-builtin -ffunction-sections -fdata-sections -fmerge-constants -fmacro-prefix-map="../board/"=. -mcpu=cortex-m0plus -mthumb -D__REDLIB__ -fstack-usage -specs=redlib.specs -MMD -MP -MF"board/pin_mux.d" -MT"board/pin_mux.o" -MT"board/pin_mux.d" -o "board/pin_mux.o" "../board/pin_mux.c"
Finished building: ../board/clock_config.c
 
Finished building: ../board/peripherals.c
 
Finished building: ../board/pin_mux.c
Finished building: ../CMSIS/system_MKL25Z4.c
 
 
Building target: ADC_grupos_aula.axf
Invoking: MCU Linker
arm-none-eabi-gcc -nostdlib -Xlinker -Map="ADC_grupos_aula.map" -Xlinker --gc-sections -Xlinker -print-memory-usage -Xlinker --sort-section=alignment -Xlinker --cref -mcpu=cortex-m0plus -mthumb -T "ADC_grupos_aula_Debug.ld" -o "ADC_grupos_aula.axf"  ./utilities/fsl_debug_console.o  ./startup/startup_mkl25z4.o  ./source/main.o ./source/mtb.o ./source/semihost_hardfault.o  ./drivers/fsl_adc16.o ./drivers/fsl_clock.o ./drivers/fsl_common.o ./drivers/fsl_flash.o ./drivers/fsl_gpio.o ./drivers/fsl_lpsci.o ./drivers/fsl_smc.o ./drivers/fsl_tpm.o ./drivers/fsl_uart.o  ./board/board.o ./board/clock_config.o ./board/peripherals.o ./board/pin_mux.o  ./CMSIS/system_MKL25Z4.o   
Memory region         Used Size  Region Size  %age Used
   PROGRAM_FLASH:       16008 B       128 KB     12.21%
            SRAM:        2432 B        16 KB     14.84%
Finished building target: ADC_grupos_aula.axf
 
make --no-print-directory post-build
Performing post-build steps
arm-none-eabi-size "ADC_grupos_aula.axf"; # arm-none-eabi-objcopy -v -O binary "ADC_grupos_aula.axf" "ADC_grupos_aula.bin" ; # checksum -p MKL25Z128xxx4 -d "ADC_grupos_aula.bin";
   text	   data	    bss	    dec	    hex	filename
  16000	      8	   2424	  18432	   4800	ADC_grupos_aula.axf
 

16:57:15 Build Finished. 0 errors, 0 warnings. (took 1s.948ms)

