20:40:16 **** Build of configuration Debug for project ADC_canais_aula ****
make -r -j4 all 
Building file: ../source/main.c
Invoking: MCU C Compiler
arm-none-eabi-gcc -DCPU_MKL25Z128VLK4 -DCPU_MKL25Z128VLK4_cm0plus -DSDK_OS_BAREMETAL -DFSL_RTOS_BM -DSDK_DEBUGCONSOLE=0 -DCR_INTEGER_PRINTF -DPRINTF_FLOAT_ENABLE=0 -D__MCUXPRESSO -D__USE_CMSIS -DDEBUG -D__REDLIB__ -I../board -I../source -I../ -I../drivers -I../CMSIS -I../utilities -I../startup -O0 -fno-common -g3 -Wall -c -fmessage-length=0 -fno-builtin -ffunction-sections -fdata-sections -fmerge-constants -fmacro-prefix-map="../source/"=. -mcpu=cortex-m0plus -mthumb -D__REDLIB__ -fstack-usage -specs=redlib.specs -MMD -MP -MF"source/main.d" -MT"source/main.o" -MT"source/main.d" -o "source/main.o" "../source/main.c"
Finished building: ../source/main.c
 
Building target: ADC_canais_aula.axf
Invoking: MCU Linker
arm-none-eabi-gcc -nostdlib -Xlinker -Map="ADC_canais_aula.map" -Xlinker --gc-sections -Xlinker -print-memory-usage -Xlinker --sort-section=alignment -Xlinker --cref -mcpu=cortex-m0plus -mthumb -T ADC_timer_aula_Debug.ld -o "ADC_canais_aula.axf"  ./utilities/fsl_debug_console.o  ./startup/startup_mkl25z4.o  ./source/main.o ./source/mtb.o ./source/semihost_hardfault.o  ./drivers/fsl_adc16.o ./drivers/fsl_clock.o ./drivers/fsl_common.o ./drivers/fsl_flash.o ./drivers/fsl_gpio.o ./drivers/fsl_lpsci.o ./drivers/fsl_smc.o ./drivers/fsl_tpm.o ./drivers/fsl_uart.o  ./board/board.o ./board/clock_config.o ./board/peripherals.o ./board/pin_mux.o  ./CMSIS/system_MKL25Z4.o   
Memory region         Used Size  Region Size  %age Used
   PROGRAM_FLASH:       16008 B       128 KB     12.21%
            SRAM:        2432 B        16 KB     14.84%
Finished building target: ADC_canais_aula.axf
 
make --no-print-directory post-build
Performing post-build steps
arm-none-eabi-size "ADC_canais_aula.axf"; # arm-none-eabi-objcopy -v -O binary "ADC_canais_aula.axf" "ADC_canais_aula.bin" ; # checksum -p MKL25Z128xxx4 -d "ADC_canais_aula.bin";
   text	   data	    bss	    dec	    hex	filename
  16000	      8	   2424	  18432	   4800	ADC_canais_aula.axf
 

20:40:19 Build Finished. 0 errors, 0 warnings. (took 3s.602ms)

