16:16:51 **** Incremental Build of configuration Debug for project ADC_unico_aula ****
make -r -j4 all 
Building target: ADC_unico_aula.axf
Invoking: MCU Linker
arm-none-eabi-gcc -nostdlib -Xlinker --gc-sections -Xlinker -Map="ADC_unico_aula.map" -Xlinker -print-memory-usage -Xlinker --sort-section=alignment -Xlinker --cref -mcpu=cortex-m0plus -mthumb -T "ADC_polling_aula_Debug.ld" -o "ADC_unico_aula.axf"  ./utilities/fsl_debug_console.o  ./startup/startup_mkl25z4.o  ./source/main.o ./source/semihost_hardfault.o  ./drivers/fsl_adc16.o ./drivers/fsl_clock.o ./drivers/fsl_common.o ./drivers/fsl_flash.o ./drivers/fsl_gpio.o ./drivers/fsl_lpsci.o ./drivers/fsl_smc.o ./drivers/fsl_uart.o  ./board/board.o ./board/clock_config.o ./board/pin_mux.o  ./CMSIS/system_MKL25Z4.o   
Memory region         Used Size  Region Size  %age Used
   PROGRAM_FLASH:       15308 B       128 KB     11.68%
            SRAM:        2292 B        16 KB     13.99%
Finished building target: ADC_unico_aula.axf
 
make --no-print-directory post-build
Performing post-build steps
arm-none-eabi-size "ADC_unico_aula.axf"; # arm-none-eabi-objcopy -v -O binary "ADC_unico_aula.axf" "ADC_unico_aula.bin" ; # checksum -p MKL25Z128xxx4 -d "ADC_unico_aula.bin";
   text	   data	    bss	    dec	    hex	filename
  15300	      8	   2284	  17592	   44b8	ADC_unico_aula.axf
 

16:16:52 Build Finished. 0 errors, 0 warnings. (took 358ms)

