16:43:51 **** Incremental Build of configuration Debug for project Bluetooth_ctrl_aula ****
make -r -j4 all 
Building target: Bluetooth_ctrl_aula.axf
Invoking: MCU Linker
arm-none-eabi-gcc -nostdlib -Xlinker -Map="Bluetooth_ctrl_aula.map" -Xlinker --gc-sections -Xlinker -print-memory-usage -Xlinker --sort-section=alignment -Xlinker --cref -mcpu=cortex-m0plus -mthumb -T MonsterMotor_aula_Debug.ld -o "Bluetooth_ctrl_aula.axf"  ./utilities/fsl_debug_console.o  ./startup/startup_mkl25z4.o  ./source/delayer.o ./source/main.o ./source/mtb.o ./source/semihost_hardfault.o  ./drivers/bluetooth.o ./drivers/fsl_adc16.o ./drivers/fsl_clock.o ./drivers/fsl_common.o ./drivers/fsl_flash.o ./drivers/fsl_gpio.o ./drivers/fsl_lpsci.o ./drivers/fsl_smc.o ./drivers/fsl_tpm.o ./drivers/fsl_uart.o  ./board/board.o ./board/clock_config.o ./board/peripherals.o ./board/pin_mux.o  ./CMSIS/system_MKL25Z4.o   
Memory region         Used Size  Region Size  %age Used
   PROGRAM_FLASH:       14696 B       128 KB     11.21%
            SRAM:        2484 B        16 KB     15.16%
Finished building target: Bluetooth_ctrl_aula.axf
 
make --no-print-directory post-build
Performing post-build steps
arm-none-eabi-size "Bluetooth_ctrl_aula.axf"; # arm-none-eabi-objcopy -v -O binary "Bluetooth_ctrl_aula.axf" "Bluetooth_ctrl_aula.bin" ; # checksum -p MKL25Z128xxx4 -d "Bluetooth_ctrl_aula.bin";
   text	   data	    bss	    dec	    hex	filename
  14676	     20	   2464	  17160	   4308	Bluetooth_ctrl_aula.axf
 

16:43:54 Build Finished. 0 errors, 0 warnings. (took 2s.364ms)

