20:25:03 **** Build of configuration Debug for project lcd_keypad_kl25z ****
make -r -j4 all 
Building file: ../utilities/fsl_debug_console.c
Building file: ../startup/startup_mkl25z4.c
Building file: ../source/display/lcd.c
Building file: ../source/emb_util/emb_util.c
Invoking: MCU C Compiler
Invoking: MCU C Compiler
arm-none-eabi-gcc -D__REDLIB__ -DCPU_MKL25Z128VLK4 -DCPU_MKL25Z128VLK4_cm0plus -DFSL_RTOS_FREE_RTOS -DSDK_OS_FREE_RTOS -DSDK_DEBUGCONSOLE=1 -DCR_INTEGER_PRINTF -DPRINTF_FLOAT_ENABLE=0 -D__MCUXPRESSO -D__USE_CMSIS -DDEBUG -I../board -I../source -I../ -I../freertos -I../drivers -I../CMSIS -I../utilities -I../startup -O0 -fno-common -g3 -Wall -c -fmessage-length=0 -fno-builtin -ffunction-sections -fdata-sections -fmerge-constants -fmacro-prefix-map="../startup/"=. -mcpu=cortex-m0plus -mthumb -D__REDLIB__ -fstack-usage -specs=redlib.specs -MMD -MP -MF"startup/startup_mkl25z4.d" -MT"startup/startup_mkl25z4.o" -MT"startup/startup_mkl25z4.d" -o "startup/startup_mkl25z4.o" "../startup/startup_mkl25z4.c"
Invoking: MCU C Compiler
arm-none-eabi-gcc -D__REDLIB__ -DCPU_MKL25Z128VLK4 -DCPU_MKL25Z128VLK4_cm0plus -DFSL_RTOS_FREE_RTOS -DSDK_OS_FREE_RTOS -DSDK_DEBUGCONSOLE=1 -DCR_INTEGER_PRINTF -DPRINTF_FLOAT_ENABLE=0 -D__MCUXPRESSO -D__USE_CMSIS -DDEBUG -I../board -I../source -I../ -I../freertos -I../drivers -I../CMSIS -I../utilities -I../startup -O0 -fno-common -g3 -Wall -c -fmessage-length=0 -fno-builtin -ffunction-sections -fdata-sections -fmerge-constants -fmacro-prefix-map="../utilities/"=. -mcpu=cortex-m0plus -mthumb -D__REDLIB__ -fstack-usage -specs=redlib.specs -MMD -MP -MF"utilities/fsl_debug_console.d" -MT"utilities/fsl_debug_console.o" -MT"utilities/fsl_debug_console.d" -o "utilities/fsl_debug_console.o" "../utilities/fsl_debug_console.c"
Invoking: MCU C Compiler
arm-none-eabi-gcc -D__REDLIB__ -DCPU_MKL25Z128VLK4 -DCPU_MKL25Z128VLK4_cm0plus -DFSL_RTOS_FREE_RTOS -DSDK_OS_FREE_RTOS -DSDK_DEBUGCONSOLE=1 -DCR_INTEGER_PRINTF -DPRINTF_FLOAT_ENABLE=0 -D__MCUXPRESSO -D__USE_CMSIS -DDEBUG -I../board -I../source -I../ -I../freertos -I../drivers -I../CMSIS -I../utilities -I../startup -O0 -fno-common -g3 -Wall -c -fmessage-length=0 -fno-builtin -ffunction-sections -fdata-sections -fmerge-constants -fmacro-prefix-map="../source/emb_util/"=. -mcpu=cortex-m0plus -mthumb -D__REDLIB__ -fstack-usage -specs=redlib.specs -MMD -MP -MF"source/emb_util/emb_util.d" -MT"source/emb_util/emb_util.o" -MT"source/emb_util/emb_util.d" -o "source/emb_util/emb_util.o" "../source/emb_util/emb_util.c"
arm-none-eabi-gcc -D__REDLIB__ -DCPU_MKL25Z128VLK4 -DCPU_MKL25Z128VLK4_cm0plus -DFSL_RTOS_FREE_RTOS -DSDK_OS_FREE_RTOS -DSDK_DEBUGCONSOLE=1 -DCR_INTEGER_PRINTF -DPRINTF_FLOAT_ENABLE=0 -D__MCUXPRESSO -D__USE_CMSIS -DDEBUG -I../board -I../source -I../ -I../freertos -I../drivers -I../CMSIS -I../utilities -I../startup -O0 -fno-common -g3 -Wall -c -fmessage-length=0 -fno-builtin -ffunction-sections -fdata-sections -fmerge-constants -fmacro-prefix-map="../source/display/"=. -mcpu=cortex-m0plus -mthumb -D__REDLIB__ -fstack-usage -specs=redlib.specs -MMD -MP -MF"source/display/lcd.d" -MT"source/display/lcd.o" -MT"source/display/lcd.d" -o "source/display/lcd.o" "../source/display/lcd.c"
Finished building: ../source/emb_util/emb_util.c
 
Finished building: ../startup/startup_mkl25z4.c
Building file: ../source/delayer/delayer.c
 
Invoking: MCU C Compiler
arm-none-eabi-gcc -D__REDLIB__ -DCPU_MKL25Z128VLK4 -DCPU_MKL25Z128VLK4_cm0plus -DFSL_RTOS_FREE_RTOS -DSDK_OS_FREE_RTOS -DSDK_DEBUGCONSOLE=1 -DCR_INTEGER_PRINTF -DPRINTF_FLOAT_ENABLE=0 -D__MCUXPRESSO -D__USE_CMSIS -DDEBUG -I../board -I../source -I../ -I../freertos -I../drivers -I../CMSIS -I../utilities -I../startup -O0 -fno-common -g3 -Wall -c -fmessage-length=0 -fno-builtin -ffunction-sections -fdata-sections -fmerge-constants -fmacro-prefix-map="../source/delayer/"=. -mcpu=cortex-m0plus -mthumb -D__REDLIB__ -fstack-usage -specs=redlib.specs -MMD -MP -MF"source/delayer/delayer.d" -MT"source/delayer/delayer.o" -MT"source/delayer/delayer.d" -o "source/delayer/delayer.o" "../source/delayer/delayer.c"
Building file: ../source/lcd_keypad.c
Finished building: ../source/display/lcd.c
Finished building: ../utilities/fsl_debug_console.c
Invoking: MCU C Compiler
 
arm-none-eabi-gcc -D__REDLIB__ -DCPU_MKL25Z128VLK4 -DCPU_MKL25Z128VLK4_cm0plus -DFSL_RTOS_FREE_RTOS -DSDK_OS_FREE_RTOS -DSDK_DEBUGCONSOLE=1 -DCR_INTEGER_PRINTF -DPRINTF_FLOAT_ENABLE=0 -D__MCUXPRESSO -D__USE_CMSIS -DDEBUG -I../board -I../source -I../ -I../freertos -I../drivers -I../CMSIS -I../utilities -I../startup -O0 -fno-common -g3 -Wall -c -fmessage-length=0 -fno-builtin -ffunction-sections -fdata-sections -fmerge-constants -fmacro-prefix-map="../source/"=. -mcpu=cortex-m0plus -mthumb -D__REDLIB__ -fstack-usage -specs=redlib.specs -MMD -MP -MF"source/lcd_keypad.d" -MT"source/lcd_keypad.o" -MT"source/lcd_keypad.d" -o "source/lcd_keypad.o" "../source/lcd_keypad.c"
 
Building file: ../source/semihost_hardfault.c
Building file: ../source/mtb.c
Invoking: MCU C Compiler
Invoking: MCU C Compiler
arm-none-eabi-gcc -D__REDLIB__ -DCPU_MKL25Z128VLK4 -DCPU_MKL25Z128VLK4_cm0plus -DFSL_RTOS_FREE_RTOS -DSDK_OS_FREE_RTOS -DSDK_DEBUGCONSOLE=1 -DCR_INTEGER_PRINTF -DPRINTF_FLOAT_ENABLE=0 -D__MCUXPRESSO -D__USE_CMSIS -DDEBUG -I../board -I../source -I../ -I../freertos -I../drivers -I../CMSIS -I../utilities -I../startup -O0 -fno-common -g3 -Wall -c -fmessage-length=0 -fno-builtin -ffunction-sections -fdata-sections -fmerge-constants -fmacro-prefix-map="../source/"=. -mcpu=cortex-m0plus -mthumb -D__REDLIB__ -fstack-usage -specs=redlib.specs -MMD -MP -MF"source/semihost_hardfault.d" -MT"source/semihost_hardfault.o" -MT"source/semihost_hardfault.d" -o "source/semihost_hardfault.o" "../source/semihost_hardfault.c"
arm-none-eabi-gcc -D__REDLIB__ -DCPU_MKL25Z128VLK4 -DCPU_MKL25Z128VLK4_cm0plus -DFSL_RTOS_FREE_RTOS -DSDK_OS_FREE_RTOS -DSDK_DEBUGCONSOLE=1 -DCR_INTEGER_PRINTF -DPRINTF_FLOAT_ENABLE=0 -D__MCUXPRESSO -D__USE_CMSIS -DDEBUG -I../board -I../source -I../ -I../freertos -I../drivers -I../CMSIS -I../utilities -I../startup -O0 -fno-common -g3 -Wall -c -fmessage-length=0 -fno-builtin -ffunction-sections -fdata-sections -fmerge-constants -fmacro-prefix-map="../source/"=. -mcpu=cortex-m0plus -mthumb -D__REDLIB__ -fstack-usage -specs=redlib.specs -MMD -MP -MF"source/mtb.d" -MT"source/mtb.o" -MT"source/mtb.d" -o "source/mtb.o" "../source/mtb.c"
Finished building: ../source/semihost_hardfault.c
Finished building: ../source/mtb.c
Finished building: ../source/delayer/delayer.c
Finished building: ../source/lcd_keypad.c
 
 
 
 
Building file: ../drivers/fsl_clock.c
Building file: ../drivers/fsl_common.c
Building file: ../drivers/fsl_flash.c
Building file: ../drivers/fsl_gpio.c
Invoking: MCU C Compiler
Invoking: MCU C Compiler
arm-none-eabi-gcc -D__REDLIB__ -DCPU_MKL25Z128VLK4 -DCPU_MKL25Z128VLK4_cm0plus -DFSL_RTOS_FREE_RTOS -DSDK_OS_FREE_RTOS -DSDK_DEBUGCONSOLE=1 -DCR_INTEGER_PRINTF -DPRINTF_FLOAT_ENABLE=0 -D__MCUXPRESSO -D__USE_CMSIS -DDEBUG -I../board -I../source -I../ -I../freertos -I../drivers -I../CMSIS -I../utilities -I../startup -O0 -fno-common -g3 -Wall -c -fmessage-length=0 -fno-builtin -ffunction-sections -fdata-sections -fmerge-constants -fmacro-prefix-map="../drivers/"=. -mcpu=cortex-m0plus -mthumb -D__REDLIB__ -fstack-usage -specs=redlib.specs -MMD -MP -MF"drivers/fsl_clock.d" -MT"drivers/fsl_clock.o" -MT"drivers/fsl_clock.d" -o "drivers/fsl_clock.o" "../drivers/fsl_clock.c"
Invoking: MCU C Compiler
arm-none-eabi-gcc -D__REDLIB__ -DCPU_MKL25Z128VLK4 -DCPU_MKL25Z128VLK4_cm0plus -DFSL_RTOS_FREE_RTOS -DSDK_OS_FREE_RTOS -DSDK_DEBUGCONSOLE=1 -DCR_INTEGER_PRINTF -DPRINTF_FLOAT_ENABLE=0 -D__MCUXPRESSO -D__USE_CMSIS -DDEBUG -I../board -I../source -I../ -I../freertos -I../drivers -I../CMSIS -I../utilities -I../startup -O0 -fno-common -g3 -Wall -c -fmessage-length=0 -fno-builtin -ffunction-sections -fdata-sections -fmerge-constants -fmacro-prefix-map="../drivers/"=. -mcpu=cortex-m0plus -mthumb -D__REDLIB__ -fstack-usage -specs=redlib.specs -MMD -MP -MF"drivers/fsl_common.d" -MT"drivers/fsl_common.o" -MT"drivers/fsl_common.d" -o "drivers/fsl_common.o" "../drivers/fsl_common.c"
Invoking: MCU C Compiler
arm-none-eabi-gcc -D__REDLIB__ -DCPU_MKL25Z128VLK4 -DCPU_MKL25Z128VLK4_cm0plus -DFSL_RTOS_FREE_RTOS -DSDK_OS_FREE_RTOS -DSDK_DEBUGCONSOLE=1 -DCR_INTEGER_PRINTF -DPRINTF_FLOAT_ENABLE=0 -D__MCUXPRESSO -D__USE_CMSIS -DDEBUG -I../board -I../source -I../ -I../freertos -I../drivers -I../CMSIS -I../utilities -I../startup -O0 -fno-common -g3 -Wall -c -fmessage-length=0 -fno-builtin -ffunction-sections -fdata-sections -fmerge-constants -fmacro-prefix-map="../drivers/"=. -mcpu=cortex-m0plus -mthumb -D__REDLIB__ -fstack-usage -specs=redlib.specs -MMD -MP -MF"drivers/fsl_flash.d" -MT"drivers/fsl_flash.o" -MT"drivers/fsl_flash.d" -o "drivers/fsl_flash.o" "../drivers/fsl_flash.c"
arm-none-eabi-gcc -D__REDLIB__ -DCPU_MKL25Z128VLK4 -DCPU_MKL25Z128VLK4_cm0plus -DFSL_RTOS_FREE_RTOS -DSDK_OS_FREE_RTOS -DSDK_DEBUGCONSOLE=1 -DCR_INTEGER_PRINTF -DPRINTF_FLOAT_ENABLE=0 -D__MCUXPRESSO -D__USE_CMSIS -DDEBUG -I../board -I../source -I../ -I../freertos -I../drivers -I../CMSIS -I../utilities -I../startup -O0 -fno-common -g3 -Wall -c -fmessage-length=0 -fno-builtin -ffunction-sections -fdata-sections -fmerge-constants -fmacro-prefix-map="../drivers/"=. -mcpu=cortex-m0plus -mthumb -D__REDLIB__ -fstack-usage -specs=redlib.specs -MMD -MP -MF"drivers/fsl_gpio.d" -MT"drivers/fsl_gpio.o" -MT"drivers/fsl_gpio.d" -o "drivers/fsl_gpio.o" "../drivers/fsl_gpio.c"
Finished building: ../drivers/fsl_gpio.c
 
Finished building: ../drivers/fsl_common.c
Building file: ../drivers/fsl_lpsci.c
 
Invoking: MCU C Compiler
Building file: ../drivers/fsl_smc.c
arm-none-eabi-gcc -D__REDLIB__ -DCPU_MKL25Z128VLK4 -DCPU_MKL25Z128VLK4_cm0plus -DFSL_RTOS_FREE_RTOS -DSDK_OS_FREE_RTOS -DSDK_DEBUGCONSOLE=1 -DCR_INTEGER_PRINTF -DPRINTF_FLOAT_ENABLE=0 -D__MCUXPRESSO -D__USE_CMSIS -DDEBUG -I../board -I../source -I../ -I../freertos -I../drivers -I../CMSIS -I../utilities -I../startup -O0 -fno-common -g3 -Wall -c -fmessage-length=0 -fno-builtin -ffunction-sections -fdata-sections -fmerge-constants -fmacro-prefix-map="../drivers/"=. -mcpu=cortex-m0plus -mthumb -D__REDLIB__ -fstack-usage -specs=redlib.specs -MMD -MP -MF"drivers/fsl_lpsci.d" -MT"drivers/fsl_lpsci.o" -MT"drivers/fsl_lpsci.d" -o "drivers/fsl_lpsci.o" "../drivers/fsl_lpsci.c"
Finished building: ../drivers/fsl_clock.c
Invoking: MCU C Compiler
arm-none-eabi-gcc -D__REDLIB__ -DCPU_MKL25Z128VLK4 -DCPU_MKL25Z128VLK4_cm0plus -DFSL_RTOS_FREE_RTOS -DSDK_OS_FREE_RTOS -DSDK_DEBUGCONSOLE=1 -DCR_INTEGER_PRINTF -DPRINTF_FLOAT_ENABLE=0 -D__MCUXPRESSO -D__USE_CMSIS -DDEBUG -I../board -I../source -I../ -I../freertos -I../drivers -I../CMSIS -I../utilities -I../startup -O0 -fno-common -g3 -Wall -c -fmessage-length=0 -fno-builtin -ffunction-sections -fdata-sections -fmerge-constants -fmacro-prefix-map="../drivers/"=. -mcpu=cortex-m0plus -mthumb -D__REDLIB__ -fstack-usage -specs=redlib.specs -MMD -MP -MF"drivers/fsl_smc.d" -MT"drivers/fsl_smc.o" -MT"drivers/fsl_smc.d" -o "drivers/fsl_smc.o" "../drivers/fsl_smc.c"
 
Building file: ../drivers/fsl_uart.c
Invoking: MCU C Compiler
arm-none-eabi-gcc -D__REDLIB__ -DCPU_MKL25Z128VLK4 -DCPU_MKL25Z128VLK4_cm0plus -DFSL_RTOS_FREE_RTOS -DSDK_OS_FREE_RTOS -DSDK_DEBUGCONSOLE=1 -DCR_INTEGER_PRINTF -DPRINTF_FLOAT_ENABLE=0 -D__MCUXPRESSO -D__USE_CMSIS -DDEBUG -I../board -I../source -I../ -I../freertos -I../drivers -I../CMSIS -I../utilities -I../startup -O0 -fno-common -g3 -Wall -c -fmessage-length=0 -fno-builtin -ffunction-sections -fdata-sections -fmerge-constants -fmacro-prefix-map="../drivers/"=. -mcpu=cortex-m0plus -mthumb -D__REDLIB__ -fstack-usage -specs=redlib.specs -MMD -MP -MF"drivers/fsl_uart.d" -MT"drivers/fsl_uart.o" -MT"drivers/fsl_uart.d" -o "drivers/fsl_uart.o" "../drivers/fsl_uart.c"
Finished building: ../drivers/fsl_flash.c
 
Building file: ../board/board.c
Invoking: MCU C Compiler
arm-none-eabi-gcc -D__REDLIB__ -DCPU_MKL25Z128VLK4 -DCPU_MKL25Z128VLK4_cm0plus -DFSL_RTOS_FREE_RTOS -DSDK_OS_FREE_RTOS -DSDK_DEBUGCONSOLE=1 -DCR_INTEGER_PRINTF -DPRINTF_FLOAT_ENABLE=0 -D__MCUXPRESSO -D__USE_CMSIS -DDEBUG -I../board -I../source -I../ -I../freertos -I../drivers -I../CMSIS -I../utilities -I../startup -O0 -fno-common -g3 -Wall -c -fmessage-length=0 -fno-builtin -ffunction-sections -fdata-sections -fmerge-constants -fmacro-prefix-map="../board/"=. -mcpu=cortex-m0plus -mthumb -D__REDLIB__ -fstack-usage -specs=redlib.specs -MMD -MP -MF"board/board.d" -MT"board/board.o" -MT"board/board.d" -o "board/board.o" "../board/board.c"
Finished building: ../drivers/fsl_smc.c
 
Finished building: ../drivers/fsl_lpsci.c
Building file: ../board/clock_config.c
 
Invoking: MCU C Compiler
arm-none-eabi-gcc -D__REDLIB__ -DCPU_MKL25Z128VLK4 -DCPU_MKL25Z128VLK4_cm0plus -DFSL_RTOS_FREE_RTOS -DSDK_OS_FREE_RTOS -DSDK_DEBUGCONSOLE=1 -DCR_INTEGER_PRINTF -DPRINTF_FLOAT_ENABLE=0 -D__MCUXPRESSO -D__USE_CMSIS -DDEBUG -I../board -I../source -I../ -I../freertos -I../drivers -I../CMSIS -I../utilities -I../startup -O0 -fno-common -g3 -Wall -c -fmessage-length=0 -fno-builtin -ffunction-sections -fdata-sections -fmerge-constants -fmacro-prefix-map="../board/"=. -mcpu=cortex-m0plus -mthumb -D__REDLIB__ -fstack-usage -specs=redlib.specs -MMD -MP -MF"board/clock_config.d" -MT"board/clock_config.o" -MT"board/clock_config.d" -o "board/clock_config.o" "../board/clock_config.c"
Building file: ../board/peripherals.c
Invoking: MCU C Compiler
arm-none-eabi-gcc -D__REDLIB__ -DCPU_MKL25Z128VLK4 -DCPU_MKL25Z128VLK4_cm0plus -DFSL_RTOS_FREE_RTOS -DSDK_OS_FREE_RTOS -DSDK_DEBUGCONSOLE=1 -DCR_INTEGER_PRINTF -DPRINTF_FLOAT_ENABLE=0 -D__MCUXPRESSO -D__USE_CMSIS -DDEBUG -I../board -I../source -I../ -I../freertos -I../drivers -I../CMSIS -I../utilities -I../startup -O0 -fno-common -g3 -Wall -c -fmessage-length=0 -fno-builtin -ffunction-sections -fdata-sections -fmerge-constants -fmacro-prefix-map="../board/"=. -mcpu=cortex-m0plus -mthumb -D__REDLIB__ -fstack-usage -specs=redlib.specs -MMD -MP -MF"board/peripherals.d" -MT"board/peripherals.o" -MT"board/peripherals.d" -o "board/peripherals.o" "../board/peripherals.c"
Finished building: ../drivers/fsl_uart.c
 
Building file: ../board/pin_mux.c
Invoking: MCU C Compiler
arm-none-eabi-gcc -D__REDLIB__ -DCPU_MKL25Z128VLK4 -DCPU_MKL25Z128VLK4_cm0plus -DFSL_RTOS_FREE_RTOS -DSDK_OS_FREE_RTOS -DSDK_DEBUGCONSOLE=1 -DCR_INTEGER_PRINTF -DPRINTF_FLOAT_ENABLE=0 -D__MCUXPRESSO -D__USE_CMSIS -DDEBUG -I../board -I../source -I../ -I../freertos -I../drivers -I../CMSIS -I../utilities -I../startup -O0 -fno-common -g3 -Wall -c -fmessage-length=0 -fno-builtin -ffunction-sections -fdata-sections -fmerge-constants -fmacro-prefix-map="../board/"=. -mcpu=cortex-m0plus -mthumb -D__REDLIB__ -fstack-usage -specs=redlib.specs -MMD -MP -MF"board/pin_mux.d" -MT"board/pin_mux.o" -MT"board/pin_mux.d" -o "board/pin_mux.o" "../board/pin_mux.c"
Finished building: ../board/peripherals.c
Finished building: ../board/board.c
 
 
Building file: ../CMSIS/system_MKL25Z4.c
Invoking: MCU C Compiler
arm-none-eabi-gcc -D__REDLIB__ -DCPU_MKL25Z128VLK4 -DCPU_MKL25Z128VLK4_cm0plus -DFSL_RTOS_FREE_RTOS -DSDK_OS_FREE_RTOS -DSDK_DEBUGCONSOLE=1 -DCR_INTEGER_PRINTF -DPRINTF_FLOAT_ENABLE=0 -D__MCUXPRESSO -D__USE_CMSIS -DDEBUG -I../board -I../source -I../ -I../freertos -I../drivers -I../CMSIS -I../utilities -I../startup -O0 -fno-common -g3 -Wall -c -fmessage-length=0 -fno-builtin -ffunction-sections -fdata-sections -fmerge-constants -fmacro-prefix-map="../CMSIS/"=. -mcpu=cortex-m0plus -mthumb -D__REDLIB__ -fstack-usage -specs=redlib.specs -MMD -MP -MF"CMSIS/system_MKL25Z4.d" -MT"CMSIS/system_MKL25Z4.o" -MT"CMSIS/system_MKL25Z4.d" -o "CMSIS/system_MKL25Z4.o" "../CMSIS/system_MKL25Z4.c"
Finished building: ../board/clock_config.c
 
Finished building: ../board/pin_mux.c
 
Finished building: ../CMSIS/system_MKL25Z4.c
 
Building target: lcd_keypad_kl25z.axf
Invoking: MCU Linker
arm-none-eabi-gcc -nostdlib -Xlinker -Map="lcd_keypad_kl25z.map" -Xlinker --gc-sections -Xlinker -print-memory-usage -Xlinker --sort-section=alignment -Xlinker --cref -mcpu=cortex-m0plus -mthumb -T "TPM_PWM_FreeRTOS_Debug.ld" -o "lcd_keypad_kl25z.axf"  ./utilities/fsl_debug_console.o  ./startup/startup_mkl25z4.o  ./source/emb_util/emb_util.o  ./source/display/lcd.o  ./source/delayer/delayer.o  ./source/lcd_keypad.o ./source/mtb.o ./source/semihost_hardfault.o  ./drivers/fsl_clock.o ./drivers/fsl_common.o ./drivers/fsl_flash.o ./drivers/fsl_gpio.o ./drivers/fsl_lpsci.o ./drivers/fsl_smc.o ./drivers/fsl_uart.o  ./board/board.o ./board/clock_config.o ./board/peripherals.o ./board/pin_mux.o  ./CMSIS/system_MKL25Z4.o   
Memory region         Used Size  Region Size  %age Used
   PROGRAM_FLASH:        9288 B       128 KB      7.09%
            SRAM:        2484 B        16 KB     15.16%
Finished building target: lcd_keypad_kl25z.axf
 
make --no-print-directory post-build
Performing post-build steps
arm-none-eabi-size "lcd_keypad_kl25z.axf"; # arm-none-eabi-objcopy -v -O binary "lcd_keypad_kl25z.axf" "lcd_keypad_kl25z.bin" ; # checksum -p MKL25Z128xxx4 -d "lcd_keypad_kl25z.bin";
   text	   data	    bss	    dec	    hex	filename
   9276	     12	   2472	  11760	   2df0	lcd_keypad_kl25z.axf
 

20:25:06 Build Finished. 0 errors, 0 warnings. (took 2s.192ms)

