16:16:43 **** Incremental Build of configuration Debug for project TPM_over_aula ****
make -r -j4 all 
Building file: ../board/clock_config.c
Building file: ../board/pin_mux.c
Building file: ../source/TPM_over_aula.c
Invoking: MCU C Compiler
Invoking: MCU C Compiler
arm-none-eabi-gcc -D__REDLIB__ -DPRINTF_FLOAT_ENABLE=0 -D__USE_CMSIS -DCR_INTEGER_PRINTF -DSDK_DEBUGCONSOLE=1 -D__MCUXPRESSO -DDEBUG -DSDK_OS_BAREMETAL -DFSL_RTOS_BM -DCPU_MKL25Z128VLK4 -DCPU_MKL25Z128VLK4_cm0plus -I"C:\Users\mathe\OneDrive\Documentos\Workspaces\MCUXpresso\Aulas_MCU\TPM_over_aula\board" -I"C:\Users\mathe\OneDrive\Documentos\Workspaces\MCUXpresso\Aulas_MCU\TPM_over_aula\source" -I"C:\Users\mathe\OneDrive\Documentos\Workspaces\MCUXpresso\Aulas_MCU\TPM_over_aula" -I"C:\Users\mathe\OneDrive\Documentos\Workspaces\MCUXpresso\Aulas_MCU\TPM_over_aula\drivers" -I"C:\Users\mathe\OneDrive\Documentos\Workspaces\MCUXpresso\Aulas_MCU\TPM_over_aula\utilities" -I"C:\Users\mathe\OneDrive\Documentos\Workspaces\MCUXpresso\Aulas_MCU\TPM_over_aula\startup" -I"C:\Users\mathe\OneDrive\Documentos\Workspaces\MCUXpresso\Aulas_MCU\TPM_over_aula\CMSIS" -O0 -fno-common -g3 -Wall -c -fmessage-length=0 -fno-builtin -ffunction-sections -fdata-sections -fmerge-constants -fmacro-prefix-map="../board/"=. -mcpu=cortex-m0plus -mthumb -D__REDLIB__ -fstack-usage -specs=redlib.specs -MMD -MP -MF"board/clock_config.d" -MT"board/clock_config.o" -MT"board/clock_config.d" -o "board/clock_config.o" "../board/clock_config.c"
Invoking: MCU C Compiler
arm-none-eabi-gcc -D__REDLIB__ -DPRINTF_FLOAT_ENABLE=0 -D__USE_CMSIS -DCR_INTEGER_PRINTF -DSDK_DEBUGCONSOLE=1 -D__MCUXPRESSO -DDEBUG -DSDK_OS_BAREMETAL -DFSL_RTOS_BM -DCPU_MKL25Z128VLK4 -DCPU_MKL25Z128VLK4_cm0plus -I"C:\Users\mathe\OneDrive\Documentos\Workspaces\MCUXpresso\Aulas_MCU\TPM_over_aula\board" -I"C:\Users\mathe\OneDrive\Documentos\Workspaces\MCUXpresso\Aulas_MCU\TPM_over_aula\source" -I"C:\Users\mathe\OneDrive\Documentos\Workspaces\MCUXpresso\Aulas_MCU\TPM_over_aula" -I"C:\Users\mathe\OneDrive\Documentos\Workspaces\MCUXpresso\Aulas_MCU\TPM_over_aula\drivers" -I"C:\Users\mathe\OneDrive\Documentos\Workspaces\MCUXpresso\Aulas_MCU\TPM_over_aula\utilities" -I"C:\Users\mathe\OneDrive\Documentos\Workspaces\MCUXpresso\Aulas_MCU\TPM_over_aula\startup" -I"C:\Users\mathe\OneDrive\Documentos\Workspaces\MCUXpresso\Aulas_MCU\TPM_over_aula\CMSIS" -O0 -fno-common -g3 -Wall -c -fmessage-length=0 -fno-builtin -ffunction-sections -fdata-sections -fmerge-constants -fmacro-prefix-map="../board/"=. -mcpu=cortex-m0plus -mthumb -D__REDLIB__ -fstack-usage -specs=redlib.specs -MMD -MP -MF"board/pin_mux.d" -MT"board/pin_mux.o" -MT"board/pin_mux.d" -o "board/pin_mux.o" "../board/pin_mux.c"
arm-none-eabi-gcc -D__REDLIB__ -DPRINTF_FLOAT_ENABLE=0 -D__USE_CMSIS -DCR_INTEGER_PRINTF -DSDK_DEBUGCONSOLE=1 -D__MCUXPRESSO -DDEBUG -DSDK_OS_BAREMETAL -DFSL_RTOS_BM -DCPU_MKL25Z128VLK4 -DCPU_MKL25Z128VLK4_cm0plus -I"C:\Users\mathe\OneDrive\Documentos\Workspaces\MCUXpresso\Aulas_MCU\TPM_over_aula\board" -I"C:\Users\mathe\OneDrive\Documentos\Workspaces\MCUXpresso\Aulas_MCU\TPM_over_aula\source" -I"C:\Users\mathe\OneDrive\Documentos\Workspaces\MCUXpresso\Aulas_MCU\TPM_over_aula" -I"C:\Users\mathe\OneDrive\Documentos\Workspaces\MCUXpresso\Aulas_MCU\TPM_over_aula\drivers" -I"C:\Users\mathe\OneDrive\Documentos\Workspaces\MCUXpresso\Aulas_MCU\TPM_over_aula\utilities" -I"C:\Users\mathe\OneDrive\Documentos\Workspaces\MCUXpresso\Aulas_MCU\TPM_over_aula\startup" -I"C:\Users\mathe\OneDrive\Documentos\Workspaces\MCUXpresso\Aulas_MCU\TPM_over_aula\CMSIS" -O0 -fno-common -g3 -Wall -c -fmessage-length=0 -fno-builtin -ffunction-sections -fdata-sections -fmerge-constants -fmacro-prefix-map="../source/"=. -mcpu=cortex-m0plus -mthumb -D__REDLIB__ -fstack-usage -specs=redlib.specs -MMD -MP -MF"source/TPM_over_aula.d" -MT"source/TPM_over_aula.o" -MT"source/TPM_over_aula.d" -o "source/TPM_over_aula.o" "../source/TPM_over_aula.c"
Finished building: ../board/pin_mux.c
Finished building: ../board/clock_config.c
 
 
Finished building: ../source/TPM_over_aula.c
 
Building target: TPM_over_aula.axf
Invoking: MCU Linker
arm-none-eabi-gcc -nostdlib -Xlinker -print-memory-usage -Xlinker --gc-sections -Xlinker -Map="TPM_over_aula.map" -mcpu=cortex-m0plus -mthumb -T TPM_over_aula_Debug.ld -o "TPM_over_aula.axf"  ./utilities/fsl_debug_console.o  ./startup/startup_mkl25z4.o  ./source/TPM_over_aula.o ./source/mtb.o  ./drivers/fsl_clock.o ./drivers/fsl_common.o ./drivers/fsl_flash.o ./drivers/fsl_gpio.o ./drivers/fsl_lpsci.o ./drivers/fsl_smc.o ./drivers/fsl_tpm.o ./drivers/fsl_uart.o  ./board/board.o ./board/clock_config.o ./board/peripherals.o ./board/pin_mux.o  ./CMSIS/system_MKL25Z4.o   
Memory region         Used Size  Region Size  %age Used
   PROGRAM_FLASH:       11028 B       128 KB      8.41%
            SRAM:        2420 B        16 KB     14.77%
Finished building target: TPM_over_aula.axf
 
make --no-print-directory post-build
Performing post-build steps
arm-none-eabi-size "TPM_over_aula.axf"; # arm-none-eabi-objcopy -v -O binary "TPM_over_aula.axf" "TPM_over_aula.bin" ; # checksum -p MKL25Z128xxx4 -d "TPM_over_aula.bin";
   text	   data	    bss	    dec	    hex	filename
  11020	      8	   2412	  13440	   3480	TPM_over_aula.axf
 

16:16:45 Build Finished. 0 errors, 0 warnings. (took 1s.509ms)

